[INFO] Scanning for projects...
[INFO]
[INFO] -------------------------< com.poi:yow_point >--------------------------
[INFO] Building yow_point 0.0.1-SNAPSHOT
[INFO]   from pom.xml
[INFO] --------------------------------[ jar ]---------------------------------
[INFO]
[INFO] --- resources:3.3.1:resources (default-resources) @ yow_point ---
[INFO] Copying 1 resource from src/main/resources to target/classes
[INFO] Copying 1 resource from src/main/resources to target/classes
[INFO]
[INFO] --- compiler:3.14.0:compile (default-compile) @ yow_point ---
[INFO] Recompiling the module because of changed source code.
[INFO] Compiling 119 source files with javac [debug parameters release 21] to target/classes
[WARNING] /app/src/main/java/com/poi/yow_point/application/mappers/PointOfInterestMapper.java:[47,10] Unmapped target properties: "poiImagesUrlsList, poiAmenitiesList, poiKeywordsList, poiTypeTagsList".
[INFO] /app/src/main/java/com/poi/yow_point/application/validation/BlogValidator.java: Some input files use or override a deprecated API.
[INFO] /app/src/main/java/com/poi/yow_point/application/validation/BlogValidator.java: Recompile with -Xlint:deprecation for details.
[INFO]
[INFO] --- resources:3.3.1:testResources (default-testResources) @ yow_point ---
[INFO] Copying 2 resources from src/test/resources to target/test-classes
[INFO]
[INFO] --- compiler:3.14.0:testCompile (default-testCompile) @ yow_point ---
[INFO] Recompiling the module because of changed dependency.
[INFO] Compiling 5 source files with javac [debug parameters release 21] to target/test-classes
[WARNING] The following options were not recognized by any processor: '[mapstruct.defaultComponentModel]'
[WARNING] /app/src/test/java/com/poi/yow_point/ElasticsearchIntegrationTest.java:[29,6] org.springframework.boot.test.mock.mockito.MockBean in org.springframework.boot.test.mock.mockito has been deprecated and marked for removal
[WARNING] /app/src/test/java/com/poi/yow_point/ElasticsearchIntegrationTest.java:[29,6] org.springframework.boot.test.mock.mockito.MockBean in org.springframework.boot.test.mock.mockito has been deprecated and marked for removal
[WARNING] /app/src/test/java/com/poi/yow_point/ElasticsearchIntegrationTest.java:[29,6] org.springframework.boot.test.mock.mockito.MockBean in org.springframework.boot.test.mock.mockito has been deprecated and marked for removal
[WARNING] /app/src/test/java/com/poi/yow_point/ElasticsearchIntegrationTest.java:[29,6] org.springframework.boot.test.mock.mockito.MockBean in org.springframework.boot.test.mock.mockito has been deprecated and marked for removal
[WARNING] /app/src/test/java/com/poi/yow_point/ElasticsearchIntegrationTest.java:[29,6] org.springframework.boot.test.mock.mockito.MockBean in org.springframework.boot.test.mock.mockito has been deprecated and marked for removal
[WARNING] /app/src/test/java/com/poi/yow_point/KafkaIntegrationTest.java:[36,6] org.springframework.boot.test.mock.mockito.MockBean in org.springframework.boot.test.mock.mockito has been deprecated and marked for removal
[WARNING] /app/src/test/java/com/poi/yow_point/KafkaIntegrationTest.java:[36,6] org.springframework.boot.test.mock.mockito.MockBean in org.springframework.boot.test.mock.mockito has been deprecated and marked for removal
[WARNING] /app/src/test/java/com/poi/yow_point/KafkaIntegrationTest.java:[36,6] org.springframework.boot.test.mock.mockito.MockBean in org.springframework.boot.test.mock.mockito has been deprecated and marked for removal
[WARNING] /app/src/test/java/com/poi/yow_point/KafkaIntegrationTest.java:[36,6] org.springframework.boot.test.mock.mockito.MockBean in org.springframework.boot.test.mock.mockito has been deprecated and marked for removal
[WARNING] /app/src/test/java/com/poi/yow_point/KafkaIntegrationTest.java:[36,6] org.springframework.boot.test.mock.mockito.MockBean in org.springframework.boot.test.mock.mockito has been deprecated and marked for removal
[WARNING] /app/src/test/java/com/poi/yow_point/KafkaIntegrationTest.java:[39,6] org.springframework.boot.test.mock.mockito.MockBean in org.springframework.boot.test.mock.mockito has been deprecated and marked for removal
[WARNING] /app/src/test/java/com/poi/yow_point/KafkaIntegrationTest.java:[39,6] org.springframework.boot.test.mock.mockito.MockBean in org.springframework.boot.test.mock.mockito has been deprecated and marked for removal
[WARNING] /app/src/test/java/com/poi/yow_point/KafkaIntegrationTest.java:[39,6] org.springframework.boot.test.mock.mockito.MockBean in org.springframework.boot.test.mock.mockito has been deprecated and marked for removal
[WARNING] /app/src/test/java/com/poi/yow_point/KafkaIntegrationTest.java:[39,6] org.springframework.boot.test.mock.mockito.MockBean in org.springframework.boot.test.mock.mockito has been deprecated and marked for removal
[WARNING] /app/src/test/java/com/poi/yow_point/KafkaIntegrationTest.java:[39,6] org.springframework.boot.test.mock.mockito.MockBean in org.springframework.boot.test.mock.mockito has been deprecated and marked for removal
[WARNING] /app/src/test/java/com/poi/yow_point/KafkaIntegrationTest.java:[42,6] org.springframework.boot.test.mock.mockito.MockBean in org.springframework.boot.test.mock.mockito has been deprecated and marked for removal
[WARNING] /app/src/test/java/com/poi/yow_point/KafkaIntegrationTest.java:[42,6] org.springframework.boot.test.mock.mockito.MockBean in org.springframework.boot.test.mock.mockito has been deprecated and marked for removal
[WARNING] /app/src/test/java/com/poi/yow_point/KafkaIntegrationTest.java:[42,6] org.springframework.boot.test.mock.mockito.MockBean in org.springframework.boot.test.mock.mockito has been deprecated and marked for removal
[WARNING] /app/src/test/java/com/poi/yow_point/KafkaIntegrationTest.java:[42,6] org.springframework.boot.test.mock.mockito.MockBean in org.springframework.boot.test.mock.mockito has been deprecated and marked for removal
[WARNING] /app/src/test/java/com/poi/yow_point/KafkaIntegrationTest.java:[42,6] org.springframework.boot.test.mock.mockito.MockBean in org.springframework.boot.test.mock.mockito has been deprecated and marked for removal
[WARNING] /app/src/test/java/com/poi/yow_point/presentation/controllers/PointOfInterestControllerIntegrationTest.java:[40,6] org.springframework.boot.test.mock.mockito.MockBean in org.springframework.boot.test.mock.mockito has been deprecated and marked for removal
[WARNING] /app/src/test/java/com/poi/yow_point/presentation/controllers/PointOfInterestControllerIntegrationTest.java:[40,6] org.springframework.boot.test.mock.mockito.MockBean in org.springframework.boot.test.mock.mockito has been deprecated and marked for removal
[WARNING] /app/src/test/java/com/poi/yow_point/presentation/controllers/PointOfInterestControllerIntegrationTest.java:[40,6] org.springframework.boot.test.mock.mockito.MockBean in org.springframework.boot.test.mock.mockito has been deprecated and marked for removal
[WARNING] /app/src/test/java/com/poi/yow_point/presentation/controllers/PointOfInterestControllerIntegrationTest.java:[40,6] org.springframework.boot.test.mock.mockito.MockBean in org.springframework.boot.test.mock.mockito has been deprecated and marked for removal
[WARNING] /app/src/test/java/com/poi/yow_point/presentation/controllers/PointOfInterestControllerIntegrationTest.java:[40,6] org.springframework.boot.test.mock.mockito.MockBean in org.springframework.boot.test.mock.mockito has been deprecated and marked for removal
[WARNING] /app/src/test/java/com/poi/yow_point/presentation/controllers/PointOfInterestControllerIntegrationTest.java:[43,6] org.springframework.boot.test.mock.mockito.MockBean in org.springframework.boot.test.mock.mockito has been deprecated and marked for removal
[WARNING] /app/src/test/java/com/poi/yow_point/presentation/controllers/PointOfInterestControllerIntegrationTest.java:[43,6] org.springframework.boot.test.mock.mockito.MockBean in org.springframework.boot.test.mock.mockito has been deprecated and marked for removal
[WARNING] /app/src/test/java/com/poi/yow_point/presentation/controllers/PointOfInterestControllerIntegrationTest.java:[43,6] org.springframework.boot.test.mock.mockito.MockBean in org.springframework.boot.test.mock.mockito has been deprecated and marked for removal
[WARNING] /app/src/test/java/com/poi/yow_point/presentation/controllers/PointOfInterestControllerIntegrationTest.java:[43,6] org.springframework.boot.test.mock.mockito.MockBean in org.springframework.boot.test.mock.mockito has been deprecated and marked for removal
[WARNING] /app/src/test/java/com/poi/yow_point/presentation/controllers/PointOfInterestControllerIntegrationTest.java:[43,6] org.springframework.boot.test.mock.mockito.MockBean in org.springframework.boot.test.mock.mockito has been deprecated and marked for removal
[WARNING] /app/src/test/java/com/poi/yow_point/presentation/controllers/PointOfInterestControllerIntegrationTest.java:[46,6] org.springframework.boot.test.mock.mockito.MockBean in org.springframework.boot.test.mock.mockito has been deprecated and marked for removal
[WARNING] /app/src/test/java/com/poi/yow_point/presentation/controllers/PointOfInterestControllerIntegrationTest.java:[46,6] org.springframework.boot.test.mock.mockito.MockBean in org.springframework.boot.test.mock.mockito has been deprecated and marked for removal
[WARNING] /app/src/test/java/com/poi/yow_point/presentation/controllers/PointOfInterestControllerIntegrationTest.java:[46,6] org.springframework.boot.test.mock.mockito.MockBean in org.springframework.boot.test.mock.mockito has been deprecated and marked for removal
[WARNING] /app/src/test/java/com/poi/yow_point/presentation/controllers/PointOfInterestControllerIntegrationTest.java:[46,6] org.springframework.boot.test.mock.mockito.MockBean in org.springframework.boot.test.mock.mockito has been deprecated and marked for removal
[WARNING] /app/src/test/java/com/poi/yow_point/presentation/controllers/PointOfInterestControllerIntegrationTest.java:[46,6] org.springframework.boot.test.mock.mockito.MockBean in org.springframework.boot.test.mock.mockito has been deprecated and marked for removal
[WARNING] /app/src/test/java/com/poi/yow_point/presentation/controllers/PointOfInterestControllerIntegrationTest.java:[49,6] org.springframework.boot.test.mock.mockito.MockBean in org.springframework.boot.test.mock.mockito has been deprecated and marked for removal
[WARNING] /app/src/test/java/com/poi/yow_point/presentation/controllers/PointOfInterestControllerIntegrationTest.java:[49,6] org.springframework.boot.test.mock.mockito.MockBean in org.springframework.boot.test.mock.mockito has been deprecated and marked for removal
[WARNING] /app/src/test/java/com/poi/yow_point/presentation/controllers/PointOfInterestControllerIntegrationTest.java:[49,6] org.springframework.boot.test.mock.mockito.MockBean in org.springframework.boot.test.mock.mockito has been deprecated and marked for removal
[WARNING] /app/src/test/java/com/poi/yow_point/presentation/controllers/PointOfInterestControllerIntegrationTest.java:[49,6] org.springframework.boot.test.mock.mockito.MockBean in org.springframework.boot.test.mock.mockito has been deprecated and marked for removal
[WARNING] /app/src/test/java/com/poi/yow_point/presentation/controllers/PointOfInterestControllerIntegrationTest.java:[49,6] org.springframework.boot.test.mock.mockito.MockBean in org.springframework.boot.test.mock.mockito has been deprecated and marked for removal
[INFO] /app/src/test/java/com/poi/yow_point/presentation/controllers/PointOfInterestControllerIntegrationTest.java: /app/src/test/java/com/poi/yow_point/presentation/controllers/PointOfInterestControllerIntegrationTest.java uses unchecked or unsafe operations.
[INFO] /app/src/test/java/com/poi/yow_point/presentation/controllers/PointOfInterestControllerIntegrationTest.java: Recompile with -Xlint:unchecked for details.
[INFO]
[INFO] --- surefire:3.5.3:test (default-test) @ yow_point ---
[INFO] Using auto detected provider org.apache.maven.surefire.junitplatform.JUnitPlatformProvider
[INFO]
[INFO] -------------------------------------------------------
[INFO]  T E S T S
[INFO] -------------------------------------------------------
[INFO] Running com.poi.yow_point.KafkaIntegrationTest
15:13:45.247 [main] INFO org.springframework.boot.test.context.SpringBootTestContextBootstrapper -- Found @SpringBootConfiguration com.poi.yow_point.YowPointApplication for test class com.poi.yow_point.KafkaIntegrationTest
15:13:45.466 [main] INFO org.springframework.boot.devtools.restart.RestartApplicationListener -- Restart disabled due to context in which it is running

  .   ____          _            __ _ _
 /\\ / ___'_ __ _ _(_)_ __  __ _ \ \ \ \
( ( )\___ | '_ | '_| | '_ \/ _` | \ \ \ \
 \\/  ___)| |_)| | | | | || (_| |  ) ) ) )
  '  |____| .__|_| |_|_| |_\__, | / / / /
 =========|_|==============|___/=/_/_/_/

 :: Spring Boot ::                (v3.5.0)

2026-01-22T15:13:46.159Z  INFO 7881 --- [yow_point] [           main] k.utils.Log4jControllerRegistration$     : Registered kafka:type=kafka.Log4jController MBean
2026-01-22T15:13:46.204Z  INFO 7881 --- [yow_point] [           main] o.a.zookeeper.server.ZooKeeperServer     :
2026-01-22T15:13:46.204Z  INFO 7881 --- [yow_point] [           main] o.a.zookeeper.server.ZooKeeperServer     :   ______                  _
2026-01-22T15:13:46.204Z  INFO 7881 --- [yow_point] [           main] o.a.zookeeper.server.ZooKeeperServer     :  |___  /                 | |
2026-01-22T15:13:46.204Z  INFO 7881 --- [yow_point] [           main] o.a.zookeeper.server.ZooKeeperServer     :     / /    ___     ___   | | __   ___    ___   _ __     ___   _ __
2026-01-22T15:13:46.205Z  INFO 7881 --- [yow_point] [           main] o.a.zookeeper.server.ZooKeeperServer     :    / /    / _ \   / _ \  | |/ /  / _ \  / _ \ | '_ \   / _ \ | '__|
2026-01-22T15:13:46.205Z  INFO 7881 --- [yow_point] [           main] o.a.zookeeper.server.ZooKeeperServer     :   / /__  | (_) | | (_) | |   <  |  __/ |  __/ | |_) | |  __/ | |
2026-01-22T15:13:46.205Z  INFO 7881 --- [yow_point] [           main] o.a.zookeeper.server.ZooKeeperServer     :  /_____|  \___/   \___/  |_|\_\  \___|  \___| | .__/   \___| |_|
2026-01-22T15:13:46.205Z  INFO 7881 --- [yow_point] [           main] o.a.zookeeper.server.ZooKeeperServer     :                                               | |
2026-01-22T15:13:46.205Z  INFO 7881 --- [yow_point] [           main] o.a.zookeeper.server.ZooKeeperServer     :                                               |_|
2026-01-22T15:13:46.205Z  INFO 7881 --- [yow_point] [           main] o.a.zookeeper.server.ZooKeeperServer     :
2026-01-22T15:13:46.212Z  INFO 7881 --- [yow_point] [           main] o.a.zookeeper.server.ZooKeeperServer     : Server environment:zookeeper.version=3.8.4-9316c2a7a97e1666d8f4593f34dd6fc36ecc436c, built on 2024-02-12 22:16 UTC
2026-01-22T15:13:46.213Z  INFO 7881 --- [yow_point] [           main] o.a.zookeeper.server.ZooKeeperServer     : Server environment:host.name=devbox
2026-01-22T15:13:46.213Z  INFO 7881 --- [yow_point] [           main] o.a.zookeeper.server.ZooKeeperServer     : Server environment:java.version=21.0.8
2026-01-22T15:13:46.213Z  INFO 7881 --- [yow_point] [           main] o.a.zookeeper.server.ZooKeeperServer     : Server environment:java.vendor=Ubuntu
2026-01-22T15:13:46.213Z  INFO 7881 --- [yow_point] [           main] o.a.zookeeper.server.ZooKeeperServer     : Server environment:java.home=/usr/lib/jvm/java-21-openjdk-amd64
2026-01-22T15:13:46.213Z  INFO 7881 --- [yow_point] [           main] o.a.zookeeper.server.ZooKeeperServer     : Server environment:java.class.path=/app/target/test-classes:/app/target/classes:/home/jules/.m2/repository/org/testcontainers/junit-jupiter/1.19.3/junit-jupiter-1.19.3.jar:/home/jules/.m2/repository/org/testcontainers/testcontainers/1.19.3/testcontainers-1.19.3.jar:/home/jules/.m2/repository/junit/junit/4.13.2/junit-4.13.2.jar:/home/jules/.m2/repository/org/hamcrest/hamcrest-core/3.0/hamcrest-core-3.0.jar:/home/jules/.m2/repository/org/apache/commons/commons-compress/1.24.0/commons-compress-1.24.0.jar:/home/jules/.m2/repository/org/rnorth/duct-tape/duct-tape/1.0.8/duct-tape-1.0.8.jar:/home/jules/.m2/repository/org/jetbrains/annotations/17.0.0/annotations-17.0.0.jar:/home/jules/.m2/repository/com/github/docker-java/docker-java-api/3.3.4/docker-java-api-3.3.4.jar:/home/jules/.m2/repository/com/github/docker-java/docker-java-transport-zerodep/3.3.4/docker-java-transport-zerodep-3.3.4.jar:/home/jules/.m2/repository/com/github/docker-java/docker-java-transport/3.3.4/docker-java-transport-3.3.4.jar:/home/jules/.m2/repository/net/java/dev/jna/jna/5.13.0/jna-5.13.0.jar:/home/jules/.m2/repository/org/testcontainers/postgresql/1.19.3/postgresql-1.19.3.jar:/home/jules/.m2/repository/org/testcontainers/jdbc/1.19.3/jdbc-1.19.3.jar:/home/jules/.m2/repository/org/testcontainers/database-commons/1.19.3/database-commons-1.19.3.jar:/home/jules/.m2/repository/org/springframework/boot/spring-boot-starter-actuator/3.5.0/spring-boot-starter-actuator-3.5.0.jar:/home/jules/.m2/repository/org/springframework/boot/spring-boot-starter/3.5.0/spring-boot-starter-3.5.0.jar:/home/jules/.m2/repository/org/springframework/boot/spring-boot-starter-logging/3.5.0/spring-boot-starter-logging-3.5.0.jar:/home/jules/.m2/repository/org/apache/logging/log4j/log4j-to-slf4j/2.24.3/log4j-to-slf4j-2.24.3.jar:/home/jules/.m2/repository/org/apache/logging/log4j/log4j-api/2.24.3/log4j-api-2.24.3.jar:/home/jules/.m2/repository/org/slf4j/jul-to-slf4j/2.0.17/jul-to-slf4j-2.0.17.jar:/home/jules/.m2/repository/jakarta/annotation/jakarta.annotation-api/2.1.1/jakarta.annotation-api-2.1.1.jar:/home/jules/.m2/repository/org/yaml/snakeyaml/2.4/snakeyaml-2.4.jar:/home/jules/.m2/repository/org/springframework/boot/spring-boot-actuator-autoconfigure/3.5.0/spring-boot-actuator-autoconfigure-3.5.0.jar:/home/jules/.m2/repository/org/springframework/boot/spring-boot-actuator/3.5.0/spring-boot-actuator-3.5.0.jar:/home/jules/.m2/repository/io/micrometer/micrometer-observation/1.15.0/micrometer-observation-1.15.0.jar:/home/jules/.m2/repository/io/micrometer/micrometer-commons/1.15.0/micrometer-commons-1.15.0.jar:/home/jules/.m2/repository/io/micrometer/micrometer-jakarta9/1.15.0/micrometer-jakarta9-1.15.0.jar:/home/jules/.m2/repository/io/micrometer/micrometer-core/1.15.0/micrometer-core-1.15.0.jar:/home/jules/.m2/repository/org/hdrhistogram/HdrHistogram/2.2.2/HdrHistogram-2.2.2.jar:/home/jules/.m2/repository/org/latencyutils/LatencyUtils/2.0.3/LatencyUtils-2.0.3.jar:/home/jules/.m2/repository/org/springframework/boot/spring-boot-starter-security/3.5.0/spring-boot-starter-security-3.5.0.jar:/home/jules/.m2/repository/org/springframework/spring-aop/6.2.7/spring-aop-6.2.7.jar:/home/jules/.m2/repository/org/springframework/spring-beans/6.2.7/spring-beans-6.2.7.jar:/home/jules/.m2/repository/org/springframework/security/spring-security-config/6.5.0/spring-security-config-6.5.0.jar:/home/jules/.m2/repository/org/springframework/security/spring-security-core/6.5.0/spring-security-core-6.5.0.jar:/home/jules/.m2/repository/org/springframework/security/spring-security-crypto/6.5.0/spring-security-crypto-6.5.0.jar:/home/jules/.m2/repository/org/springframework/security/spring-security-web/6.5.0/spring-security-web-6.5.0.jar:/home/jules/.m2/repository/org/springframework/spring-expression/6.2.7/spring-expression-6.2.7.jar:/home/jules/.m2/repository/org/springframework/boot/spring-boot-starter-webflux/3.5.0/spring-boot-starter-webflux-3.5.0.jar:/home/jules/.m2/repository/org/springframework/boot/spring-boot-starter-json/3.5.0/spring-boot-starter-json-3.5.0.jar:/home/jules/.m2/repository/com/fasterxml/jackson/datatype/jackson-datatype-jdk8/2.19.0/jackson-datatype-jdk8-2.19.0.jar:/home/jules/.m2/repository/com/fasterxml/jackson/module/jackson-module-parameter-names/2.19.0/jackson-module-parameter-names-2.19.0.jar:/home/jules/.m2/repository/org/springframework/boot/spring-boot-starter-reactor-netty/3.5.0/spring-boot-starter-reactor-netty-3.5.0.jar:/home/jules/.m2/repository/io/projectreactor/netty/reactor-netty-http/1.2.6/reactor-netty-http-1.2.6.jar:/home/jules/.m2/repository/io/netty/netty-codec-http/4.1.121.Final/netty-codec-http-4.1.121.Final.jar:/home/jules/.m2/repository/io/netty/netty-codec-http2/4.1.121.Final/netty-codec-http2-4.1.121.Final.jar:/home/jules/.m2/repository/org/springframework/spring-web/6.2.7/spring-web-6.2.7.jar:/home/jules/.m2/repository/org/springframework/spring-webflux/6.2.7/spring-webflux-6.2.7.jar:/home/jules/.m2/repository/org/springframework/boot/spring-boot-starter-data-r2dbc/3.5.0/spring-boot-starter-data-r2dbc-3.5.0.jar:/home/jules/.m2/repository/org/springframework/data/spring-data-r2dbc/3.5.0/spring-data-r2dbc-3.5.0.jar:/home/jules/.m2/repository/org/springframework/data/spring-data-relational/3.5.0/spring-data-relational-3.5.0.jar:/home/jules/.m2/repository/org/springframework/data/spring-data-commons/3.5.0/spring-data-commons-3.5.0.jar:/home/jules/.m2/repository/org/springframework/spring-jdbc/6.2.7/spring-jdbc-6.2.7.jar:/home/jules/.m2/repository/org/springframework/spring-r2dbc/6.2.7/spring-r2dbc-6.2.7.jar:/home/jules/.m2/repository/org/postgresql/r2dbc-postgresql/1.0.7.RELEASE/r2dbc-postgresql-1.0.7.RELEASE.jar:/home/jules/.m2/repository/com/ongres/scram/client/2.1/client-2.1.jar:/home/jules/.m2/repository/com/ongres/scram/common/2.1/common-2.1.jar:/home/jules/.m2/repository/com/ongres/stringprep/saslprep/1.1/saslprep-1.1.jar:/home/jules/.m2/repository/com/ongres/stringprep/stringprep/1.1/stringprep-1.1.jar:/home/jules/.m2/repository/io/projectreactor/reactor-core/3.7.6/reactor-core-3.7.6.jar:/home/jules/.m2/repository/io/projectreactor/netty/reactor-netty-core/1.2.6/reactor-netty-core-1.2.6.jar:/home/jules/.m2/repository/io/netty/netty-handler/4.1.121.Final/netty-handler-4.1.121.Final.jar:/home/jules/.m2/repository/io/netty/netty-resolver/4.1.121.Final/netty-resolver-4.1.121.Final.jar:/home/jules/.m2/repository/io/netty/netty-buffer/4.1.121.Final/netty-buffer-4.1.121.Final.jar:/home/jules/.m2/repository/io/netty/netty-transport-native-unix-common/4.1.121.Final/netty-transport-native-unix-common-4.1.121.Final.jar:/home/jules/.m2/repository/io/netty/netty-codec/4.1.121.Final/netty-codec-4.1.121.Final.jar:/home/jules/.m2/repository/io/netty/netty-handler-proxy/4.1.121.Final/netty-handler-proxy-4.1.121.Final.jar:/home/jules/.m2/repository/io/netty/netty-codec-socks/4.1.121.Final/netty-codec-socks-4.1.121.Final.jar:/home/jules/.m2/repository/io/netty/netty-resolver-dns/4.1.121.Final/netty-resolver-dns-4.1.121.Final.jar:/home/jules/.m2/repository/io/netty/netty-codec-dns/4.1.121.Final/netty-codec-dns-4.1.121.Final.jar:/home/jules/.m2/repository/io/netty/netty-resolver-dns-native-macos/4.1.121.Final/netty-resolver-dns-native-macos-4.1.121.Final-osx-x86_64.jar:/home/jules/.m2/repository/io/netty/netty-resolver-dns-classes-macos/4.1.121.Final/netty-resolver-dns-classes-macos-4.1.121.Final.jar:/home/jules/.m2/repository/io/netty/netty-transport-native-epoll/4.1.121.Final/netty-transport-native-epoll-4.1.121.Final-linux-x86_64.jar:/home/jules/.m2/repository/io/netty/netty-transport-classes-epoll/4.1.121.Final/netty-transport-classes-epoll-4.1.121.Final.jar:/home/jules/.m2/repository/net/postgis/postgis-jdbc/2.5.0/postgis-jdbc-2.5.0.jar:/home/jules/.m2/repository/net/postgis/postgis-geometry/2.5.0/postgis-geometry-2.5.0.jar:/home/jules/.m2/repository/org/slf4j/slf4j-api/2.0.17/slf4j-api-2.0.17.jar:/home/jules/.m2/repository/org/postgresql/postgresql/42.7.5/postgresql-42.7.5.jar:/home/jules/.m2/repository/org/checkerframework/checker-qual/3.48.3/checker-qual-3.48.3.jar:/home/jules/.m2/repository/io/r2dbc/r2dbc-pool/1.0.2.RELEASE/r2dbc-pool-1.0.2.RELEASE.jar:/home/jules/.m2/repository/io/projectreactor/addons/reactor-pool/1.1.2/reactor-pool-1.1.2.jar:/home/jules/.m2/repository/io/r2dbc/r2dbc-spi/1.0.0.RELEASE/r2dbc-spi-1.0.0.RELEASE.jar:/home/jules/.m2/repository/org/reactivestreams/reactive-streams/1.0.4/reactive-streams-1.0.4.jar:/home/jules/.m2/repository/com/fasterxml/jackson/core/jackson-databind/2.19.0/jackson-databind-2.19.0.jar:/home/jules/.m2/repository/com/fasterxml/jackson/core/jackson-annotations/2.19.0/jackson-annotations-2.19.0.jar:/home/jules/.m2/repository/com/fasterxml/jackson/core/jackson-core/2.19.0/jackson-core-2.19.0.jar:/home/jules/.m2/repository/com/fasterxml/jackson/datatype/jackson-datatype-jsr310/2.19.0/jackson-datatype-jsr310-2.19.0.jar:/home/jules/.m2/repository/org/springframework/boot/spring-boot-starter-validation/3.5.0/spring-boot-starter-validation-3.5.0.jar:/home/jules/.m2/repository/org/apache/tomcat/embed/tomcat-embed-el/10.1.41/tomcat-embed-el-10.1.41.jar:/home/jules/.m2/repository/org/hibernate/validator/hibernate-validator/8.0.2.Final/hibernate-validator-8.0.2.Final.jar:/home/jules/.m2/repository/jakarta/validation/jakarta.validation-api/3.0.2/jakarta.validation-api-3.0.2.jar:/home/jules/.m2/repository/org/jboss/logging/jboss-logging/3.6.1.Final/jboss-logging-3.6.1.Final.jar:/home/jules/.m2/repository/com/fasterxml/classmate/1.7.0/classmate-1.7.0.jar:/home/jules/.m2/repository/org/springframework/boot/spring-boot-devtools/3.5.0/spring-boot-devtools-3.5.0.jar:/home/jules/.m2/repository/org/springframework/boot/spring-boot/3.5.0/spring-boot-3.5.0.jar:/home/jules/.m2/repository/org/springframework/boot/spring-boot-autoconfigure/3.5.0/spring-boot-autoconfigure-3.5.0.jar:/home/jules/.m2/repository/org/locationtech/jts/jts-core/1.19.0/jts-core-1.19.0.jar:/home/jules/.m2/repository/org/springframework/boot/spring-boot-starter-websocket/3.5.0/spring-boot-starter-websocket-3.5.0.jar:/home/jules/.m2/repository/org/springframework/boot/spring-boot-starter-web/3.5.0/spring-boot-starter-web-3.5.0.jar:/home/jules/.m2/repository/org/springframework/boot/spring-boot-starter-tomcat/3.5.0/spring-boot-starter-tomcat-3.5.0.jar:/home/jules/.m2/repository/org/apache/tomcat/embed/tomcat-embed-core/10.1.41/tomcat-embed-core-10.1.41.jar:/home/jules/.m2/repository/org/apache/tomcat/embed/tomcat-embed-websocket/10.1.41/tomcat-embed-websocket-10.1.41.jar:/home/jules/.m2/repository/org/springframework/spring-webmvc/6.2.7/spring-webmvc-6.2.7.jar:/home/jules/.m2/repository/org/springframework/spring-messaging/6.2.7/spring-messaging-6.2.7.jar:/home/jules/.m2/repository/org/springframework/spring-websocket/6.2.7/spring-websocket-6.2.7.jar:/home/jules/.m2/repository/org/projectlombok/lombok/1.18.32/lombok-1.18.32.jar:/home/jules/.m2/repository/org/mapstruct/mapstruct/1.5.5.Final/mapstruct-1.5.5.Final.jar:/home/jules/.m2/repository/org/mapstruct/mapstruct-processor/1.5.5.Final/mapstruct-processor-1.5.5.Final.jar:/home/jules/.m2/repository/org/springframework/boot/spring-boot-starter-test/3.5.0/spring-boot-starter-test-3.5.0.jar:/home/jules/.m2/repository/org/springframework/boot/spring-boot-test/3.5.0/spring-boot-test-3.5.0.jar:/home/jules/.m2/repository/org/springframework/boot/spring-boot-test-autoconfigure/3.5.0/spring-boot-test-autoconfigure-3.5.0.jar:/home/jules/.m2/repository/com/jayway/jsonpath/json-path/2.9.0/json-path-2.9.0.jar:/home/jules/.m2/repository/jakarta/xml/bind/jakarta.xml.bind-api/4.0.2/jakarta.xml.bind-api-4.0.2.jar:/home/jules/.m2/repository/jakarta/activation/jakarta.activation-api/2.1.3/jakarta.activation-api-2.1.3.jar:/home/jules/.m2/repository/net/minidev/json-smart/2.5.2/json-smart-2.5.2.jar:/home/jules/.m2/repository/net/minidev/accessors-smart/2.5.2/accessors-smart-2.5.2.jar:/home/jules/.m2/repository/org/ow2/asm/asm/9.7.1/asm-9.7.1.jar:/home/jules/.m2/repository/org/assertj/assertj-core/3.27.3/assertj-core-3.27.3.jar:/home/jules/.m2/repository/net/bytebuddy/byte-buddy/1.17.5/byte-buddy-1.17.5.jar:/home/jules/.m2/repository/org/awaitility/awaitility/4.3.0/awaitility-4.3.0.jar:/home/jules/.m2/repository/org/hamcrest/hamcrest/3.0/hamcrest-3.0.jar:/home/jules/.m2/repository/org/junit/jupiter/junit-jupiter/5.12.2/junit-jupiter-5.12.2.jar:/home/jules/.m2/repository/org/junit/jupiter/junit-jupiter-params/5.12.2/junit-jupiter-params-5.12.2.jar:/home/jules/.m2/repository/org/junit/jupiter/junit-jupiter-engine/5.12.2/junit-jupiter-engine-5.12.2.jar:/home/jules/.m2/repository/org/mockito/mockito-core/5.17.0/mockito-core-5.17.0.jar:/home/jules/.m2/repository/net/bytebuddy/byte-buddy-agent/1.17.5/byte-buddy-agent-1.17.5.jar:/home/jules/.m2/repository/org/objenesis/objenesis/3.3/objenesis-3.3.jar:/home/jules/.m2/repository/org/mockito/mockito-junit-jupiter/5.17.0/mockito-junit-jupiter-5.17.0.jar:/home/jules/.m2/repository/org/skyscreamer/jsonassert/1.5.3/jsonassert-1.5.3.jar:/home/jules/.m2/repository/com/vaadin/external/google/android-json/0.0.20131108.vaadin1/android-json-0.0.20131108.vaadin1.jar:/home/jules/.m2/repository/org/springframework/spring-core/6.2.7/spring-core-6.2.7.jar:/home/jules/.m2/repository/org/springframework/spring-jcl/6.2.7/spring-jcl-6.2.7.jar:/home/jules/.m2/repository/org/springframework/spring-test/6.2.7/spring-test-6.2.7.jar:/home/jules/.m2/repository/org/xmlunit/xmlunit-core/2.10.1/xmlunit-core-2.10.1.jar:/home/jules/.m2/repository/io/projectreactor/reactor-test/3.7.6/reactor-test-3.7.6.jar:/home/jules/.m2/repository/io/r2dbc/r2dbc-h2/1.0.0.RELEASE/r2dbc-h2-1.0.0.RELEASE.jar:/home/jules/.m2/repository/com/h2database/h2/2.3.232/h2-2.3.232.jar:/home/jules/.m2/repository/org/springdoc/springdoc-openapi-starter-webflux-ui/2.5.0/springdoc-openapi-starter-webflux-ui-2.5.0.jar:/home/jules/.m2/repository/org/springdoc/springdoc-openapi-starter-webflux-api/2.5.0/springdoc-openapi-starter-webflux-api-2.5.0.jar:/home/jules/.m2/repository/org/springdoc/springdoc-openapi-starter-common/2.5.0/springdoc-openapi-starter-common-2.5.0.jar:/home/jules/.m2/repository/io/swagger/core/v3/swagger-core-jakarta/2.2.21/swagger-core-jakarta-2.2.21.jar:/home/jules/.m2/repository/org/apache/commons/commons-lang3/3.17.0/commons-lang3-3.17.0.jar:/home/jules/.m2/repository/io/swagger/core/v3/swagger-annotations-jakarta/2.2.21/swagger-annotations-jakarta-2.2.21.jar:/home/jules/.m2/repository/io/swagger/core/v3/swagger-models-jakarta/2.2.21/swagger-models-jakarta-2.2.21.jar:/home/jules/.m2/repository/com/fasterxml/jackson/dataformat/jackson-dataformat-yaml/2.19.0/jackson-dataformat-yaml-2.19.0.jar:/home/jules/.m2/repository/org/webjars/swagger-ui/5.13.0/swagger-ui-5.13.0.jar:/home/jules/.m2/repository/org/springframework/kafka/spring-kafka/3.3.6/spring-kafka-3.3.6.jar:/home/jules/.m2/repository/org/springframework/spring-context/6.2.7/spring-context-6.2.7.jar:/home/jules/.m2/repository/org/springframework/spring-tx/6.2.7/spring-tx-6.2.7.jar:/home/jules/.m2/repository/org/springframework/retry/spring-retry/2.0.12/spring-retry-2.0.12.jar:/home/jules/.m2/repository/org/apache/kafka/kafka-clients/3.9.1/kafka-clients-3.9.1.jar:/home/jules/.m2/repository/com/github/luben/zstd-jni/1.5.6-4/zstd-jni-1.5.6-4.jar:/home/jules/.m2/repository/org/lz4/lz4-java/1.8.0/lz4-java-1.8.0.jar:/home/jules/.m2/repository/org/xerial/snappy/snappy-java/1.1.10.5/snappy-java-1.1.10.5.jar:/home/jules/.m2/repository/org/springframework/kafka/spring-kafka-test/3.3.6/spring-kafka-test-3.3.6.jar:/home/jules/.m2/repository/org/apache/zookeeper/zookeeper/3.8.4/zookeeper-3.8.4.jar:/home/jules/.m2/repository/org/apache/zookeeper/zookeeper-jute/3.8.4/zookeeper-jute-3.8.4.jar:/home/jules/.m2/repository/org/apache/yetus/audience-annotations/0.12.0/audience-annotations-0.12.0.jar:/home/jules/.m2/repository/io/netty/netty-transport-native-epoll/4.1.121.Final/netty-transport-native-epoll-4.1.121.Final.jar:/home/jules/.m2/repository/ch/qos/logback/logback-core/1.5.18/logback-core-1.5.18.jar:/home/jules/.m2/repository/ch/qos/logback/logback-classic/1.5.18/logback-classic-1.5.18.jar:/home/jules/.m2/repository/commons-io/commons-io/2.11.0/commons-io-2.11.0.jar:/home/jules/.m2/repository/org/apache/kafka/kafka-clients/3.9.1/kafka-clients-3.9.1-test.jar:/home/jules/.m2/repository/org/apache/kafka/kafka-server/3.9.1/kafka-server-3.9.1.jar:/home/jules/.m2/repository/org/apache/kafka/kafka-storage/3.9.1/kafka-storage-3.9.1.jar:/home/jules/.m2/repository/com/github/ben-manes/caffeine/caffeine/3.2.0/caffeine-3.2.0.jar:/home/jules/.m2/repository/org/jspecify/jspecify/1.0.0/jspecify-1.0.0.jar:/home/jules/.m2/repository/com/google/errorprone/error_prone_annotations/2.36.0/error_prone_annotations-2.36.0.jar:/home/jules/.m2/repository/org/apache/kafka/kafka-group-coordinator/3.9.1/kafka-group-coordinator-3.9.1.jar:/home/jules/.m2/repository/org/apache/kafka/kafka-transaction-coordinator/3.9.1/kafka-transaction-coordinator-3.9.1.jar:/home/jules/.m2/repository/org/apache/kafka/kafka-raft/3.9.1/kafka-raft-3.9.1.jar:/home/jules/.m2/repository/com/yammer/metrics/metrics-core/2.2.0/metrics-core-2.2.0.jar:/home/jules/.m2/repository/org/apache/kafka/kafka-metadata/3.9.1/kafka-metadata-3.9.1.jar:/home/jules/.m2/repository/org/apache/kafka/kafka-server-common/3.9.1/kafka-server-common-3.9.1.jar:/home/jules/.m2/repository/net/sf/jopt-simple/jopt-simple/5.0.4/jopt-simple-5.0.4.jar:/home/jules/.m2/repository/org/pcollections/pcollections/4.0.1/pcollections-4.0.1.jar:/home/jules/.m2/repository/org/apache/kafka/kafka-server-common/3.9.1/kafka-server-common-3.9.1-test.jar:/home/jules/.m2/repository/org/apache/kafka/kafka-streams-test-utils/3.9.1/kafka-streams-test-utils-3.9.1.jar:/home/jules/.m2/repository/org/apache/kafka/kafka-streams/3.9.1/kafka-streams-3.9.1.jar:/home/jules/.m2/repository/org/rocksdb/rocksdbjni/7.9.2/rocksdbjni-7.9.2.jar:/home/jules/.m2/repository/org/apache/kafka/kafka_2.13/3.9.1/kafka_2.13-3.9.1.jar:/home/jules/.m2/repository/org/scala-lang/scala-library/2.13.15/scala-library-2.13.15.jar:/home/jules/.m2/repository/org/apache/kafka/kafka-group-coordinator-api/3.9.1/kafka-group-coordinator-api-3.9.1.jar:/home/jules/.m2/repository/org/apache/kafka/kafka-storage-api/3.9.1/kafka-storage-api-3.9.1.jar:/home/jules/.m2/repository/org/apache/kafka/kafka-tools-api/3.9.1/kafka-tools-api-3.9.1.jar:/home/jules/.m2/repository/net/sourceforge/argparse4j/argparse4j/0.7.0/argparse4j-0.7.0.jar:/home/jules/.m2/repository/commons-validator/commons-validator/1.7/commons-validator-1.7.jar:/home/jules/.m2/repository/commons-beanutils/commons-beanutils/1.9.4/commons-beanutils-1.9.4.jar:/home/jules/.m2/repository/commons-digester/commons-digester/2.1/commons-digester-2.1.jar:/home/jules/.m2/repository/commons-collections/commons-collections/3.2.2/commons-collections-3.2.2.jar:/home/jules/.m2/repository/com/fasterxml/jackson/module/jackson-module-scala_2.13/2.19.0/jackson-module-scala_2.13-2.19.0.jar:/home/jules/.m2/repository/com/thoughtworks/paranamer/paranamer/2.8.3/paranamer-2.8.3.jar:/home/jules/.m2/repository/com/fasterxml/jackson/dataformat/jackson-dataformat-csv/2.19.0/jackson-dataformat-csv-2.19.0.jar:/home/jules/.m2/repository/org/bitbucket/b_c/jose4j/0.9.4/jose4j-0.9.4.jar:/home/jules/.m2/repository/org/scala-lang/modules/scala-collection-compat_2.13/2.10.0/scala-collection-compat_2.13-2.10.0.jar:/home/jules/.m2/repository/org/scala-lang/modules/scala-java8-compat_2.13/1.0.2/scala-java8-compat_2.13-1.0.2.jar:/home/jules/.m2/repository/org/scala-lang/scala-reflect/2.13.15/scala-reflect-2.13.15.jar:/home/jules/.m2/repository/com/typesafe/scala-logging/scala-logging_2.13/3.9.5/scala-logging_2.13-3.9.5.jar:/home/jules/.m2/repository/io/dropwizard/metrics/metrics-core/4.1.12.1/metrics-core-4.1.12.1.jar:/home/jules/.m2/repository/commons-cli/commons-cli/1.4/commons-cli-1.4.jar:/home/jules/.m2/repository/org/apache/kafka/kafka_2.13/3.9.1/kafka_2.13-3.9.1-test.jar:/home/jules/.m2/repository/org/junit/jupiter/junit-jupiter-api/5.12.2/junit-jupiter-api-5.12.2.jar:/home/jules/.m2/repository/org/opentest4j/opentest4j/1.3.0/opentest4j-1.3.0.jar:/home/jules/.m2/repository/org/junit/platform/junit-platform-commons/1.12.2/junit-platform-commons-1.12.2.jar:/home/jules/.m2/repository/org/apiguardian/apiguardian-api/1.1.2/apiguardian-api-1.1.2.jar:/home/jules/.m2/repository/org/junit/platform/junit-platform-launcher/1.12.2/junit-platform-launcher-1.12.2.jar:/home/jules/.m2/repository/org/junit/platform/junit-platform-engine/1.12.2/junit-platform-engine-1.12.2.jar:/home/jules/.m2/repository/org/springframework/boot/spring-boot-starter-data-elasticsearch/3.5.0/spring-boot-starter-data-elasticsearch-3.5.0.jar:/home/jules/.m2/repository/org/springframework/data/spring-data-elasticsearch/5.5.0/spring-data-elasticsearch-5.5.0.jar:/home/jules/.m2/repository/co/elastic/clients/elasticsearch-java/8.18.1/elasticsearch-java-8.18.1.jar:/home/jules/.m2/repository/com/google/code/findbugs/jsr305/3.0.2/jsr305-3.0.2.jar:/home/jules/.m2/repository/jakarta/json/jakarta.json-api/2.1.3/jakarta.json-api-2.1.3.jar:/home/jules/.m2/repository/org/eclipse/parsson/parsson/1.0.5/parsson-1.0.5.jar:/home/jules/.m2/repository/io/opentelemetry/opentelemetry-api/1.49.0/opentelemetry-api-1.49.0.jar:/home/jules/.m2/repository/io/opentelemetry/opentelemetry-context/1.49.0/opentelemetry-context-1.49.0.jar:/home/jules/.m2/repository/org/elasticsearch/client/elasticsearch-rest-client/8.18.1/elasticsearch-rest-client-8.18.1.jar:/home/jules/.m2/repository/org/apache/httpcomponents/httpclient/4.5.14/httpclient-4.5.14.jar:/home/jules/.m2/repository/org/apache/httpcomponents/httpcore/4.4.16/httpcore-4.4.16.jar:/home/jules/.m2/repository/org/apache/httpcomponents/httpasyncclient/4.1.5/httpasyncclient-4.1.5.jar:/home/jules/.m2/repository/org/apache/httpcomponents/httpcore-nio/4.4.16/httpcore-nio-4.4.16.jar:/home/jules/.m2/repository/commons-codec/commons-codec/1.18.0/commons-codec-1.18.0.jar:/home/jules/.m2/repository/org/springframework/boot/spring-boot-starter-data-redis/3.5.0/spring-boot-starter-data-redis-3.5.0.jar:/home/jules/.m2/repository/io/lettuce/lettuce-core/6.5.5.RELEASE/lettuce-core-6.5.5.RELEASE.jar:/home/jules/.m2/repository/io/netty/netty-common/4.1.121.Final/netty-common-4.1.121.Final.jar:/home/jules/.m2/repository/io/netty/netty-transport/4.1.121.Final/netty-transport-4.1.121.Final.jar:/home/jules/.m2/repository/org/springframework/data/spring-data-redis/3.5.0/spring-data-redis-3.5.0.jar:/home/jules/.m2/repository/org/springframework/data/spring-data-keyvalue/3.5.0/spring-data-keyvalue-3.5.0.jar:/home/jules/.m2/repository/org/springframework/spring-oxm/6.2.7/spring-oxm-6.2.7.jar:/home/jules/.m2/repository/org/springframework/spring-context-support/6.2.7/spring-context-support-6.2.7.jar:
2026-01-22T15:13:46.216Z  INFO 7881 --- [yow_point] [           main] o.a.zookeeper.server.ZooKeeperServer     : Server environment:java.library.path=/usr/java/packages/lib:/usr/lib/x86_64-linux-gnu/jni:/lib/x86_64-linux-gnu:/usr/lib/x86_64-linux-gnu:/usr/lib/jni:/lib:/usr/lib
2026-01-22T15:13:46.216Z  INFO 7881 --- [yow_point] [           main] o.a.zookeeper.server.ZooKeeperServer     : Server environment:java.io.tmpdir=/tmp
2026-01-22T15:13:46.216Z  INFO 7881 --- [yow_point] [           main] o.a.zookeeper.server.ZooKeeperServer     : Server environment:java.compiler=<NA>
2026-01-22T15:13:46.217Z  INFO 7881 --- [yow_point] [           main] o.a.zookeeper.server.ZooKeeperServer     : Server environment:os.name=Linux
2026-01-22T15:13:46.217Z  INFO 7881 --- [yow_point] [           main] o.a.zookeeper.server.ZooKeeperServer     : Server environment:os.arch=amd64
2026-01-22T15:13:46.217Z  INFO 7881 --- [yow_point] [           main] o.a.zookeeper.server.ZooKeeperServer     : Server environment:os.version=6.8.0
2026-01-22T15:13:46.217Z  INFO 7881 --- [yow_point] [           main] o.a.zookeeper.server.ZooKeeperServer     : Server environment:user.name=jules
2026-01-22T15:13:46.217Z  INFO 7881 --- [yow_point] [           main] o.a.zookeeper.server.ZooKeeperServer     : Server environment:user.home=/home/jules
2026-01-22T15:13:46.217Z  INFO 7881 --- [yow_point] [           main] o.a.zookeeper.server.ZooKeeperServer     : Server environment:user.dir=/app
2026-01-22T15:13:46.217Z  INFO 7881 --- [yow_point] [           main] o.a.zookeeper.server.ZooKeeperServer     : Server environment:os.memory.free=44MB
2026-01-22T15:13:46.217Z  INFO 7881 --- [yow_point] [           main] o.a.zookeeper.server.ZooKeeperServer     : Server environment:os.memory.max=1990MB
2026-01-22T15:13:46.217Z  INFO 7881 --- [yow_point] [           main] o.a.zookeeper.server.ZooKeeperServer     : Server environment:os.memory.total=80MB
2026-01-22T15:13:46.218Z  INFO 7881 --- [yow_point] [           main] o.a.zookeeper.server.ZooKeeperServer     : zookeeper.enableEagerACLCheck = false
2026-01-22T15:13:46.219Z  INFO 7881 --- [yow_point] [           main] o.a.zookeeper.server.ZooKeeperServer     : zookeeper.digest.enabled = true
2026-01-22T15:13:46.220Z  INFO 7881 --- [yow_point] [           main] o.a.zookeeper.server.ZooKeeperServer     : zookeeper.closeSessionTxn.enabled = true
2026-01-22T15:13:46.220Z  INFO 7881 --- [yow_point] [           main] o.a.zookeeper.server.ZooKeeperServer     : zookeeper.flushDelay = 0 ms
2026-01-22T15:13:46.220Z  INFO 7881 --- [yow_point] [           main] o.a.zookeeper.server.ZooKeeperServer     : zookeeper.maxWriteQueuePollTime = 0 ms
2026-01-22T15:13:46.220Z  INFO 7881 --- [yow_point] [           main] o.a.zookeeper.server.ZooKeeperServer     : zookeeper.maxBatchSize=1000
2026-01-22T15:13:46.220Z  INFO 7881 --- [yow_point] [           main] o.a.zookeeper.server.ZooKeeperServer     : zookeeper.intBufferStartingSizeBytes = 1024
2026-01-22T15:13:46.223Z  INFO 7881 --- [yow_point] [           main] o.a.z.server.persistence.FileTxnSnapLog  : zookeeper.snapshot.trust.empty : false
2026-01-22T15:13:46.241Z  INFO 7881 --- [yow_point] [           main] o.a.z.server.watch.WatchManagerFactory   : Using org.apache.zookeeper.server.watch.WatchManager as watch manager
2026-01-22T15:13:46.241Z  INFO 7881 --- [yow_point] [           main] o.a.z.server.watch.WatchManagerFactory   : Using org.apache.zookeeper.server.watch.WatchManager as watch manager
2026-01-22T15:13:46.242Z  INFO 7881 --- [yow_point] [           main] org.apache.zookeeper.server.ZKDatabase   : zookeeper.snapshotSizeFactor = 0.33
2026-01-22T15:13:46.242Z  INFO 7881 --- [yow_point] [           main] org.apache.zookeeper.server.ZKDatabase   : zookeeper.commitLogCount=500
2026-01-22T15:13:46.247Z  INFO 7881 --- [yow_point] [           main] o.apache.zookeeper.server.BlueThrottle   : Weighed connection throttling is disabled
2026-01-22T15:13:46.250Z  INFO 7881 --- [yow_point] [           main] o.a.zookeeper.server.ZooKeeperServer     : minSessionTimeout set to 1600 ms
2026-01-22T15:13:46.251Z  INFO 7881 --- [yow_point] [           main] o.a.zookeeper.server.ZooKeeperServer     : maxSessionTimeout set to 16000 ms
2026-01-22T15:13:46.253Z  INFO 7881 --- [yow_point] [           main] o.apache.zookeeper.server.ResponseCache  : getData response cache size is initialized with value 400.
2026-01-22T15:13:46.253Z  INFO 7881 --- [yow_point] [           main] o.apache.zookeeper.server.ResponseCache  : getChildren response cache size is initialized with value 400.
2026-01-22T15:13:46.254Z  INFO 7881 --- [yow_point] [           main] o.a.z.s.u.RequestPathMetricsCollector    : zookeeper.pathStats.slotCapacity = 60
2026-01-22T15:13:46.255Z  INFO 7881 --- [yow_point] [           main] o.a.z.s.u.RequestPathMetricsCollector    : zookeeper.pathStats.slotDuration = 15
2026-01-22T15:13:46.255Z  INFO 7881 --- [yow_point] [           main] o.a.z.s.u.RequestPathMetricsCollector    : zookeeper.pathStats.maxDepth = 6
2026-01-22T15:13:46.255Z  INFO 7881 --- [yow_point] [           main] o.a.z.s.u.RequestPathMetricsCollector    : zookeeper.pathStats.initialDelay = 5
2026-01-22T15:13:46.255Z  INFO 7881 --- [yow_point] [           main] o.a.z.s.u.RequestPathMetricsCollector    : zookeeper.pathStats.delay = 5
2026-01-22T15:13:46.255Z  INFO 7881 --- [yow_point] [           main] o.a.z.s.u.RequestPathMetricsCollector    : zookeeper.pathStats.enabled = false
2026-01-22T15:13:46.258Z  INFO 7881 --- [yow_point] [           main] o.a.zookeeper.server.ZooKeeperServer     : The max bytes for all large requests are set to 104857600
2026-01-22T15:13:46.259Z  INFO 7881 --- [yow_point] [           main] o.a.zookeeper.server.ZooKeeperServer     : The large request threshold is set to -1
2026-01-22T15:13:46.260Z  INFO 7881 --- [yow_point] [           main] o.a.z.server.AuthenticationHelper        : zookeeper.enforce.auth.enabled = false
2026-01-22T15:13:46.260Z  INFO 7881 --- [yow_point] [           main] o.a.z.server.AuthenticationHelper        : zookeeper.enforce.auth.schemes = []
2026-01-22T15:13:46.260Z  INFO 7881 --- [yow_point] [           main] o.a.zookeeper.server.ZooKeeperServer     : Created server with tickTime 800 ms minSessionTimeout 1600 ms maxSessionTimeout 16000 ms clientPortListenBacklog -1 datadir /tmp/kafka-11326486903965784292/version-2 snapdir /tmp/kafka-271701747955381155/version-2
2026-01-22T15:13:46.268Z  WARN 7881 --- [yow_point] [           main] o.a.zookeeper.server.ServerCnxnFactory   : maxCnxns is not configured, using default value 0.
2026-01-22T15:13:46.270Z  INFO 7881 --- [yow_point] [           main] o.a.z.server.NIOServerCnxnFactory        : Configuring NIO connection handler with 10s sessionless connection timeout, 1 selector thread(s), 8 worker threads, and 64 kB direct buffers.
2026-01-22T15:13:46.280Z  INFO 7881 --- [yow_point] [           main] o.a.z.server.NIOServerCnxnFactory        : binding to port /127.0.0.1:0
2026-01-22T15:13:46.308Z  INFO 7881 --- [yow_point] [           main] o.a.z.server.persistence.SnapStream      : zookeeper.snapshot.compression.method = CHECKED
2026-01-22T15:13:46.309Z  INFO 7881 --- [yow_point] [           main] o.a.z.server.persistence.FileTxnSnapLog  : Snapshotting: 0x0 to /tmp/kafka-271701747955381155/version-2/snapshot.0
2026-01-22T15:13:46.315Z  INFO 7881 --- [yow_point] [           main] org.apache.zookeeper.server.ZKDatabase   : Snapshot loaded in 29 ms, highest zxid is 0x0, digest is 1371985504
2026-01-22T15:13:46.318Z  INFO 7881 --- [yow_point] [           main] o.a.z.server.persistence.FileTxnSnapLog  : Snapshotting: 0x0 to /tmp/kafka-271701747955381155/version-2/snapshot.0
2026-01-22T15:13:46.319Z  INFO 7881 --- [yow_point] [           main] o.a.zookeeper.server.ZooKeeperServer     : Snapshot taken in 2 ms
2026-01-22T15:13:46.333Z  INFO 7881 --- [yow_point] [           main] o.a.zookeeper.server.RequestThrottler    : zookeeper.request_throttler.shutdownTimeout = 10000 ms
2026-01-22T15:13:46.334Z  INFO 7881 --- [yow_point] [0 cport:38775):] o.a.z.server.PrepRequestProcessor        : PrepRequestProcessor (sid:0) started, reconfigEnabled=false
2026-01-22T15:13:46.703Z  INFO 7881 --- [yow_point] [           main] kafka.server.KafkaConfig                 : KafkaConfig values:
	advertised.listeners = null
	alter.config.policy.class.name = null
	alter.log.dirs.replication.quota.window.num = 11
	alter.log.dirs.replication.quota.window.size.seconds = 1
	authorizer.class.name =
	auto.create.topics.enable = true
	auto.include.jmx.reporter = true
	auto.leader.rebalance.enable = true
	background.threads = 2
	broker.heartbeat.interval.ms = 2000
	broker.id = 0
	broker.id.generation.enable = true
	broker.rack = null
	broker.session.timeout.ms = 9000
	client.quota.callback.class = null
	compression.gzip.level = -1
	compression.lz4.level = 9
	compression.type = producer
	compression.zstd.level = 3
	connection.failed.authentication.delay.ms = 100
	connections.max.idle.ms = 600000
	connections.max.reauth.ms = 0
	control.plane.listener.name = null
	controlled.shutdown.enable = false
	controlled.shutdown.max.retries = 3
	controlled.shutdown.retry.backoff.ms = 100
	controller.listener.names = null
	controller.quorum.append.linger.ms = 25
	controller.quorum.bootstrap.servers = []
	controller.quorum.election.backoff.max.ms = 1000
	controller.quorum.election.timeout.ms = 1000
	controller.quorum.fetch.timeout.ms = 2000
	controller.quorum.request.timeout.ms = 2000
	controller.quorum.retry.backoff.ms = 20
	controller.quorum.voters = []
	controller.quota.window.num = 11
	controller.quota.window.size.seconds = 1
	controller.socket.timeout.ms = 1000
	create.topic.policy.class.name = null
	default.replication.factor = 1
	delegation.token.expiry.check.interval.ms = 3600000
	delegation.token.expiry.time.ms = 86400000
	delegation.token.master.key = null
	delegation.token.max.lifetime.ms = 604800000
	delegation.token.secret.key = null
	delete.records.purgatory.purge.interval.requests = 1
	delete.topic.enable = true
	early.start.listeners = null
	eligible.leader.replicas.enable = false
	fetch.max.bytes = 57671680
	fetch.purgatory.purge.interval.requests = 1000
	group.consumer.assignors = [org.apache.kafka.coordinator.group.assignor.UniformAssignor, org.apache.kafka.coordinator.group.assignor.RangeAssignor]
	group.consumer.heartbeat.interval.ms = 5000
	group.consumer.max.heartbeat.interval.ms = 15000
	group.consumer.max.session.timeout.ms = 60000
	group.consumer.max.size = 2147483647
	group.consumer.migration.policy = disabled
	group.consumer.min.heartbeat.interval.ms = 5000
	group.consumer.min.session.timeout.ms = 45000
	group.consumer.session.timeout.ms = 45000
	group.coordinator.append.linger.ms = 10
	group.coordinator.new.enable = false
	group.coordinator.rebalance.protocols = [classic]
	group.coordinator.threads = 1
	group.initial.rebalance.delay.ms = 0
	group.max.session.timeout.ms = 1800000
	group.max.size = 2147483647
	group.min.session.timeout.ms = 6000
	group.share.delivery.count.limit = 5
	group.share.enable = false
	group.share.heartbeat.interval.ms = 5000
	group.share.max.groups = 10
	group.share.max.heartbeat.interval.ms = 15000
	group.share.max.record.lock.duration.ms = 60000
	group.share.max.session.timeout.ms = 60000
	group.share.max.size = 200
	group.share.min.heartbeat.interval.ms = 5000
	group.share.min.record.lock.duration.ms = 15000
	group.share.min.session.timeout.ms = 45000
	group.share.partition.max.record.locks = 200
	group.share.record.lock.duration.ms = 30000
	group.share.session.timeout.ms = 45000
	initial.broker.registration.timeout.ms = 60000
	inter.broker.listener.name = null
	inter.broker.protocol.version = 3.9-IV0
	kafka.metrics.polling.interval.secs = 10
	kafka.metrics.reporters = []
	leader.imbalance.check.interval.seconds = 300
	leader.imbalance.per.broker.percentage = 10
	listener.security.protocol.map = SASL_SSL:SASL_SSL,PLAINTEXT:PLAINTEXT,SSL:SSL,SASL_PLAINTEXT:SASL_PLAINTEXT
	listeners = PLAINTEXT://localhost:9092
	log.cleaner.backoff.ms = 15000
	log.cleaner.dedupe.buffer.size = 2097152
	log.cleaner.delete.retention.ms = 86400000
	log.cleaner.enable = true
	log.cleaner.io.buffer.load.factor = 0.9
	log.cleaner.io.buffer.size = 524288
	log.cleaner.io.max.bytes.per.second = 1.7976931348623157E308
	log.cleaner.max.compaction.lag.ms = 9223372036854775807
	log.cleaner.min.cleanable.ratio = 0.5
	log.cleaner.min.compaction.lag.ms = 0
	log.cleaner.threads = 1
	log.cleanup.policy = [delete]
	log.dir = /tmp/spring.kafka.685a7386-0564-4d53-ab8c-c8edf5301d6c11073565135814378429
	log.dir.failure.timeout.ms = 30000
	log.dirs = null
	log.flush.interval.messages = 9223372036854775807
	log.flush.interval.ms = null
	log.flush.offset.checkpoint.interval.ms = 60000
	log.flush.scheduler.interval.ms = 9223372036854775807
	log.flush.start.offset.checkpoint.interval.ms = 60000
	log.index.interval.bytes = 4096
	log.index.size.max.bytes = 10485760
	log.initial.task.delay.ms = 100
	log.local.retention.bytes = -2
	log.local.retention.ms = -2
	log.message.downconversion.enable = true
	log.message.format.version = 3.0-IV1
	log.message.timestamp.after.max.ms = 9223372036854775807
	log.message.timestamp.before.max.ms = 9223372036854775807
	log.message.timestamp.difference.max.ms = 9223372036854775807
	log.message.timestamp.type = CreateTime
	log.preallocate = false
	log.retention.bytes = -1
	log.retention.check.interval.ms = 300000
	log.retention.hours = 168
	log.retention.minutes = null
	log.retention.ms = null
	log.roll.hours = 168
	log.roll.jitter.hours = 0
	log.roll.jitter.ms = null
	log.roll.ms = null
	log.segment.bytes = 1073741824
	log.segment.delete.delay.ms = 1000
	max.connection.creation.rate = 2147483647
	max.connections = 2147483647
	max.connections.per.ip = 2147483647
	max.connections.per.ip.overrides =
	max.incremental.fetch.session.cache.slots = 1000
	max.request.partition.size.limit = 2000
	message.max.bytes = 1048588
	metadata.log.dir = null
	metadata.log.max.record.bytes.between.snapshots = 20971520
	metadata.log.max.snapshot.interval.ms = 3600000
	metadata.log.segment.bytes = 1073741824
	metadata.log.segment.min.bytes = 8388608
	metadata.log.segment.ms = 604800000
	metadata.max.idle.interval.ms = 500
	metadata.max.retention.bytes = 104857600
	metadata.max.retention.ms = 604800000
	metric.reporters = []
	metrics.num.samples = 2
	metrics.recording.level = INFO
	metrics.sample.window.ms = 30000
	min.insync.replicas = 1
	node.id = 0
	num.io.threads = 8
	num.network.threads = 2
	num.partitions = 1
	num.recovery.threads.per.data.dir = 1
	num.replica.alter.log.dirs.threads = null
	num.replica.fetchers = 1
	offset.metadata.max.bytes = 4096
	offsets.commit.required.acks = -1
	offsets.commit.timeout.ms = 5000
	offsets.load.buffer.size = 5242880
	offsets.retention.check.interval.ms = 600000
	offsets.retention.minutes = 10080
	offsets.topic.compression.codec = 0
	offsets.topic.num.partitions = 5
	offsets.topic.replication.factor = 1
	offsets.topic.segment.bytes = 104857600
	password.encoder.cipher.algorithm = AES/CBC/PKCS5Padding
	password.encoder.iterations = 4096
	password.encoder.key.length = 128
	password.encoder.keyfactory.algorithm = null
	password.encoder.old.secret = null
	password.encoder.secret = null
	principal.builder.class = class org.apache.kafka.common.security.authenticator.DefaultKafkaPrincipalBuilder
	process.roles = []
	producer.id.expiration.check.interval.ms = 600000
	producer.id.expiration.ms = 86400000
	producer.purgatory.purge.interval.requests = 1000
	queued.max.request.bytes = -1
	queued.max.requests = 500
	quota.window.num = 11
	quota.window.size.seconds = 1
	remote.fetch.max.wait.ms = 500
	remote.log.index.file.cache.total.size.bytes = 1073741824
	remote.log.manager.copier.thread.pool.size = -1
	remote.log.manager.copy.max.bytes.per.second = 9223372036854775807
	remote.log.manager.copy.quota.window.num = 11
	remote.log.manager.copy.quota.window.size.seconds = 1
	remote.log.manager.expiration.thread.pool.size = -1
	remote.log.manager.fetch.max.bytes.per.second = 9223372036854775807
	remote.log.manager.fetch.quota.window.num = 11
	remote.log.manager.fetch.quota.window.size.seconds = 1
	remote.log.manager.task.interval.ms = 30000
	remote.log.manager.task.retry.backoff.max.ms = 30000
	remote.log.manager.task.retry.backoff.ms = 500
	remote.log.manager.task.retry.jitter = 0.2
	remote.log.manager.thread.pool.size = 10
	remote.log.metadata.custom.metadata.max.bytes = 128
	remote.log.metadata.manager.class.name = org.apache.kafka.server.log.remote.metadata.storage.TopicBasedRemoteLogMetadataManager
	remote.log.metadata.manager.class.path = null
	remote.log.metadata.manager.impl.prefix = rlmm.config.
	remote.log.metadata.manager.listener.name = null
	remote.log.reader.max.pending.tasks = 100
	remote.log.reader.threads = 10
	remote.log.storage.manager.class.name = null
	remote.log.storage.manager.class.path = null
	remote.log.storage.manager.impl.prefix = rsm.config.
	remote.log.storage.system.enable = false
	replica.fetch.backoff.ms = 1000
	replica.fetch.max.bytes = 1048576
	replica.fetch.min.bytes = 1
	replica.fetch.response.max.bytes = 10485760
	replica.fetch.wait.max.ms = 500
	replica.high.watermark.checkpoint.interval.ms = 9223372036854775807
	replica.lag.time.max.ms = 30000
	replica.selector.class = null
	replica.socket.receive.buffer.bytes = 65536
	replica.socket.timeout.ms = 1000
	replication.quota.window.num = 11
	replication.quota.window.size.seconds = 1
	request.timeout.ms = 30000
	reserved.broker.max.id = 1000
	sasl.client.callback.handler.class = null
	sasl.enabled.mechanisms = [GSSAPI]
	sasl.jaas.config = null
	sasl.kerberos.kinit.cmd = /usr/bin/kinit
	sasl.kerberos.min.time.before.relogin = 60000
	sasl.kerberos.principal.to.local.rules = [DEFAULT]
	sasl.kerberos.service.name = null
	sasl.kerberos.ticket.renew.jitter = 0.05
	sasl.kerberos.ticket.renew.window.factor = 0.8
	sasl.login.callback.handler.class = null
	sasl.login.class = null
	sasl.login.connect.timeout.ms = null
	sasl.login.read.timeout.ms = null
	sasl.login.refresh.buffer.seconds = 300
	sasl.login.refresh.min.period.seconds = 60
	sasl.login.refresh.window.factor = 0.8
	sasl.login.refresh.window.jitter = 0.05
	sasl.login.retry.backoff.max.ms = 10000
	sasl.login.retry.backoff.ms = 100
	sasl.mechanism.controller.protocol = GSSAPI
	sasl.mechanism.inter.broker.protocol = GSSAPI
	sasl.oauthbearer.clock.skew.seconds = 30
	sasl.oauthbearer.expected.audience = null
	sasl.oauthbearer.expected.issuer = null
	sasl.oauthbearer.jwks.endpoint.refresh.ms = 3600000
	sasl.oauthbearer.jwks.endpoint.retry.backoff.max.ms = 10000
	sasl.oauthbearer.jwks.endpoint.retry.backoff.ms = 100
	sasl.oauthbearer.jwks.endpoint.url = null
	sasl.oauthbearer.scope.claim.name = scope
	sasl.oauthbearer.sub.claim.name = sub
	sasl.oauthbearer.token.endpoint.url = null
	sasl.server.callback.handler.class = null
	sasl.server.max.receive.size = 524288
	security.inter.broker.protocol = PLAINTEXT
	security.providers = null
	server.max.startup.time.ms = 9223372036854775807
	socket.connection.setup.timeout.max.ms = 30000
	socket.connection.setup.timeout.ms = 10000
	socket.listen.backlog.size = 50
	socket.receive.buffer.bytes = 102400
	socket.request.max.bytes = 104857600
	socket.send.buffer.bytes = 102400
	ssl.allow.dn.changes = false
	ssl.allow.san.changes = false
	ssl.cipher.suites = []
	ssl.client.auth = none
	ssl.enabled.protocols = [TLSv1.2, TLSv1.3]
	ssl.endpoint.identification.algorithm = https
	ssl.engine.factory.class = null
	ssl.key.password = null
	ssl.keymanager.algorithm = SunX509
	ssl.keystore.certificate.chain = null
	ssl.keystore.key = null
	ssl.keystore.location = null
	ssl.keystore.password = null
	ssl.keystore.type = JKS
	ssl.principal.mapping.rules = DEFAULT
	ssl.protocol = TLSv1.3
	ssl.provider = null
	ssl.secure.random.implementation = null
	ssl.trustmanager.algorithm = PKIX
	ssl.truststore.certificates = null
	ssl.truststore.location = null
	ssl.truststore.password = null
	ssl.truststore.type = JKS
	telemetry.max.bytes = 1048576
	transaction.abort.timed.out.transaction.cleanup.interval.ms = 10000
	transaction.max.timeout.ms = 900000
	transaction.partition.verification.enable = true
	transaction.remove.expired.transaction.cleanup.interval.ms = 3600000
	transaction.state.log.load.buffer.size = 5242880
	transaction.state.log.min.isr = 2
	transaction.state.log.num.partitions = 50
	transaction.state.log.replication.factor = 1
	transaction.state.log.segment.bytes = 104857600
	transactional.id.expiration.ms = 604800000
	unclean.leader.election.enable = false
	unclean.leader.election.interval.ms = 300000
	unstable.api.versions.enable = true
	unstable.feature.versions.enable = true
	zookeeper.clientCnxnSocket = null
	zookeeper.connect = 127.0.0.1:38775
	zookeeper.connection.timeout.ms = 10000
	zookeeper.max.in.flight.requests = 10
	zookeeper.metadata.migration.enable = false
	zookeeper.metadata.migration.min.batch.size = 200
	zookeeper.session.timeout.ms = 18000
	zookeeper.set.acl = false
	zookeeper.ssl.cipher.suites = null
	zookeeper.ssl.client.enable = false
	zookeeper.ssl.crl.enable = false
	zookeeper.ssl.enabled.protocols = null
	zookeeper.ssl.endpoint.identification.algorithm = HTTPS
	zookeeper.ssl.keystore.location = null
	zookeeper.ssl.keystore.password = null
	zookeeper.ssl.keystore.type = null
	zookeeper.ssl.ocsp.enable = false
	zookeeper.ssl.protocol = TLSv1.2
	zookeeper.ssl.truststore.location = null
	zookeeper.ssl.truststore.password = null
	zookeeper.ssl.truststore.type = null

2026-01-22T15:13:46.822Z  INFO 7881 --- [yow_point] [           main] org.apache.zookeeper.common.X509Util     : Setting -D jdk.tls.rejectClientInitiatedRenegotiation=true to disable client-initiated TLS renegotiation
2026-01-22T15:13:47.004Z  INFO 7881 --- [yow_point] [           main] kafka.server.KafkaServer                 : starting
2026-01-22T15:13:47.005Z  INFO 7881 --- [yow_point] [           main] kafka.server.KafkaServer                 : Connecting to zookeeper on 127.0.0.1:38775
2026-01-22T15:13:47.048Z  INFO 7881 --- [yow_point] [           main] kafka.zookeeper.ZooKeeperClient          : [ZooKeeperClient Kafka server] Initializing a new session to 127.0.0.1:38775.
2026-01-22T15:13:47.054Z  INFO 7881 --- [yow_point] [           main] org.apache.zookeeper.ZooKeeper           : Client environment:zookeeper.version=3.8.4-9316c2a7a97e1666d8f4593f34dd6fc36ecc436c, built on 2024-02-12 22:16 UTC
2026-01-22T15:13:47.054Z  INFO 7881 --- [yow_point] [           main] org.apache.zookeeper.ZooKeeper           : Client environment:host.name=devbox
2026-01-22T15:13:47.054Z  INFO 7881 --- [yow_point] [           main] org.apache.zookeeper.ZooKeeper           : Client environment:java.version=21.0.8
2026-01-22T15:13:47.055Z  INFO 7881 --- [yow_point] [           main] org.apache.zookeeper.ZooKeeper           : Client environment:java.vendor=Ubuntu
2026-01-22T15:13:47.055Z  INFO 7881 --- [yow_point] [           main] org.apache.zookeeper.ZooKeeper           : Client environment:java.home=/usr/lib/jvm/java-21-openjdk-amd64
2026-01-22T15:13:47.055Z  INFO 7881 --- [yow_point] [           main] org.apache.zookeeper.ZooKeeper           : Client environment:java.class.path=/app/target/test-classes:/app/target/classes:/home/jules/.m2/repository/org/testcontainers/junit-jupiter/1.19.3/junit-jupiter-1.19.3.jar:/home/jules/.m2/repository/org/testcontainers/testcontainers/1.19.3/testcontainers-1.19.3.jar:/home/jules/.m2/repository/junit/junit/4.13.2/junit-4.13.2.jar:/home/jules/.m2/repository/org/hamcrest/hamcrest-core/3.0/hamcrest-core-3.0.jar:/home/jules/.m2/repository/org/apache/commons/commons-compress/1.24.0/commons-compress-1.24.0.jar:/home/jules/.m2/repository/org/rnorth/duct-tape/duct-tape/1.0.8/duct-tape-1.0.8.jar:/home/jules/.m2/repository/org/jetbrains/annotations/17.0.0/annotations-17.0.0.jar:/home/jules/.m2/repository/com/github/docker-java/docker-java-api/3.3.4/docker-java-api-3.3.4.jar:/home/jules/.m2/repository/com/github/docker-java/docker-java-transport-zerodep/3.3.4/docker-java-transport-zerodep-3.3.4.jar:/home/jules/.m2/repository/com/github/docker-java/docker-java-transport/3.3.4/docker-java-transport-3.3.4.jar:/home/jules/.m2/repository/net/java/dev/jna/jna/5.13.0/jna-5.13.0.jar:/home/jules/.m2/repository/org/testcontainers/postgresql/1.19.3/postgresql-1.19.3.jar:/home/jules/.m2/repository/org/testcontainers/jdbc/1.19.3/jdbc-1.19.3.jar:/home/jules/.m2/repository/org/testcontainers/database-commons/1.19.3/database-commons-1.19.3.jar:/home/jules/.m2/repository/org/springframework/boot/spring-boot-starter-actuator/3.5.0/spring-boot-starter-actuator-3.5.0.jar:/home/jules/.m2/repository/org/springframework/boot/spring-boot-starter/3.5.0/spring-boot-starter-3.5.0.jar:/home/jules/.m2/repository/org/springframework/boot/spring-boot-starter-logging/3.5.0/spring-boot-starter-logging-3.5.0.jar:/home/jules/.m2/repository/org/apache/logging/log4j/log4j-to-slf4j/2.24.3/log4j-to-slf4j-2.24.3.jar:/home/jules/.m2/repository/org/apache/logging/log4j/log4j-api/2.24.3/log4j-api-2.24.3.jar:/home/jules/.m2/repository/org/slf4j/jul-to-slf4j/2.0.17/jul-to-slf4j-2.0.17.jar:/home/jules/.m2/repository/jakarta/annotation/jakarta.annotation-api/2.1.1/jakarta.annotation-api-2.1.1.jar:/home/jules/.m2/repository/org/yaml/snakeyaml/2.4/snakeyaml-2.4.jar:/home/jules/.m2/repository/org/springframework/boot/spring-boot-actuator-autoconfigure/3.5.0/spring-boot-actuator-autoconfigure-3.5.0.jar:/home/jules/.m2/repository/org/springframework/boot/spring-boot-actuator/3.5.0/spring-boot-actuator-3.5.0.jar:/home/jules/.m2/repository/io/micrometer/micrometer-observation/1.15.0/micrometer-observation-1.15.0.jar:/home/jules/.m2/repository/io/micrometer/micrometer-commons/1.15.0/micrometer-commons-1.15.0.jar:/home/jules/.m2/repository/io/micrometer/micrometer-jakarta9/1.15.0/micrometer-jakarta9-1.15.0.jar:/home/jules/.m2/repository/io/micrometer/micrometer-core/1.15.0/micrometer-core-1.15.0.jar:/home/jules/.m2/repository/org/hdrhistogram/HdrHistogram/2.2.2/HdrHistogram-2.2.2.jar:/home/jules/.m2/repository/org/latencyutils/LatencyUtils/2.0.3/LatencyUtils-2.0.3.jar:/home/jules/.m2/repository/org/springframework/boot/spring-boot-starter-security/3.5.0/spring-boot-starter-security-3.5.0.jar:/home/jules/.m2/repository/org/springframework/spring-aop/6.2.7/spring-aop-6.2.7.jar:/home/jules/.m2/repository/org/springframework/spring-beans/6.2.7/spring-beans-6.2.7.jar:/home/jules/.m2/repository/org/springframework/security/spring-security-config/6.5.0/spring-security-config-6.5.0.jar:/home/jules/.m2/repository/org/springframework/security/spring-security-core/6.5.0/spring-security-core-6.5.0.jar:/home/jules/.m2/repository/org/springframework/security/spring-security-crypto/6.5.0/spring-security-crypto-6.5.0.jar:/home/jules/.m2/repository/org/springframework/security/spring-security-web/6.5.0/spring-security-web-6.5.0.jar:/home/jules/.m2/repository/org/springframework/spring-expression/6.2.7/spring-expression-6.2.7.jar:/home/jules/.m2/repository/org/springframework/boot/spring-boot-starter-webflux/3.5.0/spring-boot-starter-webflux-3.5.0.jar:/home/jules/.m2/repository/org/springframework/boot/spring-boot-starter-json/3.5.0/spring-boot-starter-json-3.5.0.jar:/home/jules/.m2/repository/com/fasterxml/jackson/datatype/jackson-datatype-jdk8/2.19.0/jackson-datatype-jdk8-2.19.0.jar:/home/jules/.m2/repository/com/fasterxml/jackson/module/jackson-module-parameter-names/2.19.0/jackson-module-parameter-names-2.19.0.jar:/home/jules/.m2/repository/org/springframework/boot/spring-boot-starter-reactor-netty/3.5.0/spring-boot-starter-reactor-netty-3.5.0.jar:/home/jules/.m2/repository/io/projectreactor/netty/reactor-netty-http/1.2.6/reactor-netty-http-1.2.6.jar:/home/jules/.m2/repository/io/netty/netty-codec-http/4.1.121.Final/netty-codec-http-4.1.121.Final.jar:/home/jules/.m2/repository/io/netty/netty-codec-http2/4.1.121.Final/netty-codec-http2-4.1.121.Final.jar:/home/jules/.m2/repository/org/springframework/spring-web/6.2.7/spring-web-6.2.7.jar:/home/jules/.m2/repository/org/springframework/spring-webflux/6.2.7/spring-webflux-6.2.7.jar:/home/jules/.m2/repository/org/springframework/boot/spring-boot-starter-data-r2dbc/3.5.0/spring-boot-starter-data-r2dbc-3.5.0.jar:/home/jules/.m2/repository/org/springframework/data/spring-data-r2dbc/3.5.0/spring-data-r2dbc-3.5.0.jar:/home/jules/.m2/repository/org/springframework/data/spring-data-relational/3.5.0/spring-data-relational-3.5.0.jar:/home/jules/.m2/repository/org/springframework/data/spring-data-commons/3.5.0/spring-data-commons-3.5.0.jar:/home/jules/.m2/repository/org/springframework/spring-jdbc/6.2.7/spring-jdbc-6.2.7.jar:/home/jules/.m2/repository/org/springframework/spring-r2dbc/6.2.7/spring-r2dbc-6.2.7.jar:/home/jules/.m2/repository/org/postgresql/r2dbc-postgresql/1.0.7.RELEASE/r2dbc-postgresql-1.0.7.RELEASE.jar:/home/jules/.m2/repository/com/ongres/scram/client/2.1/client-2.1.jar:/home/jules/.m2/repository/com/ongres/scram/common/2.1/common-2.1.jar:/home/jules/.m2/repository/com/ongres/stringprep/saslprep/1.1/saslprep-1.1.jar:/home/jules/.m2/repository/com/ongres/stringprep/stringprep/1.1/stringprep-1.1.jar:/home/jules/.m2/repository/io/projectreactor/reactor-core/3.7.6/reactor-core-3.7.6.jar:/home/jules/.m2/repository/io/projectreactor/netty/reactor-netty-core/1.2.6/reactor-netty-core-1.2.6.jar:/home/jules/.m2/repository/io/netty/netty-handler/4.1.121.Final/netty-handler-4.1.121.Final.jar:/home/jules/.m2/repository/io/netty/netty-resolver/4.1.121.Final/netty-resolver-4.1.121.Final.jar:/home/jules/.m2/repository/io/netty/netty-buffer/4.1.121.Final/netty-buffer-4.1.121.Final.jar:/home/jules/.m2/repository/io/netty/netty-transport-native-unix-common/4.1.121.Final/netty-transport-native-unix-common-4.1.121.Final.jar:/home/jules/.m2/repository/io/netty/netty-codec/4.1.121.Final/netty-codec-4.1.121.Final.jar:/home/jules/.m2/repository/io/netty/netty-handler-proxy/4.1.121.Final/netty-handler-proxy-4.1.121.Final.jar:/home/jules/.m2/repository/io/netty/netty-codec-socks/4.1.121.Final/netty-codec-socks-4.1.121.Final.jar:/home/jules/.m2/repository/io/netty/netty-resolver-dns/4.1.121.Final/netty-resolver-dns-4.1.121.Final.jar:/home/jules/.m2/repository/io/netty/netty-codec-dns/4.1.121.Final/netty-codec-dns-4.1.121.Final.jar:/home/jules/.m2/repository/io/netty/netty-resolver-dns-native-macos/4.1.121.Final/netty-resolver-dns-native-macos-4.1.121.Final-osx-x86_64.jar:/home/jules/.m2/repository/io/netty/netty-resolver-dns-classes-macos/4.1.121.Final/netty-resolver-dns-classes-macos-4.1.121.Final.jar:/home/jules/.m2/repository/io/netty/netty-transport-native-epoll/4.1.121.Final/netty-transport-native-epoll-4.1.121.Final-linux-x86_64.jar:/home/jules/.m2/repository/io/netty/netty-transport-classes-epoll/4.1.121.Final/netty-transport-classes-epoll-4.1.121.Final.jar:/home/jules/.m2/repository/net/postgis/postgis-jdbc/2.5.0/postgis-jdbc-2.5.0.jar:/home/jules/.m2/repository/net/postgis/postgis-geometry/2.5.0/postgis-geometry-2.5.0.jar:/home/jules/.m2/repository/org/slf4j/slf4j-api/2.0.17/slf4j-api-2.0.17.jar:/home/jules/.m2/repository/org/postgresql/postgresql/42.7.5/postgresql-42.7.5.jar:/home/jules/.m2/repository/org/checkerframework/checker-qual/3.48.3/checker-qual-3.48.3.jar:/home/jules/.m2/repository/io/r2dbc/r2dbc-pool/1.0.2.RELEASE/r2dbc-pool-1.0.2.RELEASE.jar:/home/jules/.m2/repository/io/projectreactor/addons/reactor-pool/1.1.2/reactor-pool-1.1.2.jar:/home/jules/.m2/repository/io/r2dbc/r2dbc-spi/1.0.0.RELEASE/r2dbc-spi-1.0.0.RELEASE.jar:/home/jules/.m2/repository/org/reactivestreams/reactive-streams/1.0.4/reactive-streams-1.0.4.jar:/home/jules/.m2/repository/com/fasterxml/jackson/core/jackson-databind/2.19.0/jackson-databind-2.19.0.jar:/home/jules/.m2/repository/com/fasterxml/jackson/core/jackson-annotations/2.19.0/jackson-annotations-2.19.0.jar:/home/jules/.m2/repository/com/fasterxml/jackson/core/jackson-core/2.19.0/jackson-core-2.19.0.jar:/home/jules/.m2/repository/com/fasterxml/jackson/datatype/jackson-datatype-jsr310/2.19.0/jackson-datatype-jsr310-2.19.0.jar:/home/jules/.m2/repository/org/springframework/boot/spring-boot-starter-validation/3.5.0/spring-boot-starter-validation-3.5.0.jar:/home/jules/.m2/repository/org/apache/tomcat/embed/tomcat-embed-el/10.1.41/tomcat-embed-el-10.1.41.jar:/home/jules/.m2/repository/org/hibernate/validator/hibernate-validator/8.0.2.Final/hibernate-validator-8.0.2.Final.jar:/home/jules/.m2/repository/jakarta/validation/jakarta.validation-api/3.0.2/jakarta.validation-api-3.0.2.jar:/home/jules/.m2/repository/org/jboss/logging/jboss-logging/3.6.1.Final/jboss-logging-3.6.1.Final.jar:/home/jules/.m2/repository/com/fasterxml/classmate/1.7.0/classmate-1.7.0.jar:/home/jules/.m2/repository/org/springframework/boot/spring-boot-devtools/3.5.0/spring-boot-devtools-3.5.0.jar:/home/jules/.m2/repository/org/springframework/boot/spring-boot/3.5.0/spring-boot-3.5.0.jar:/home/jules/.m2/repository/org/springframework/boot/spring-boot-autoconfigure/3.5.0/spring-boot-autoconfigure-3.5.0.jar:/home/jules/.m2/repository/org/locationtech/jts/jts-core/1.19.0/jts-core-1.19.0.jar:/home/jules/.m2/repository/org/springframework/boot/spring-boot-starter-websocket/3.5.0/spring-boot-starter-websocket-3.5.0.jar:/home/jules/.m2/repository/org/springframework/boot/spring-boot-starter-web/3.5.0/spring-boot-starter-web-3.5.0.jar:/home/jules/.m2/repository/org/springframework/boot/spring-boot-starter-tomcat/3.5.0/spring-boot-starter-tomcat-3.5.0.jar:/home/jules/.m2/repository/org/apache/tomcat/embed/tomcat-embed-core/10.1.41/tomcat-embed-core-10.1.41.jar:/home/jules/.m2/repository/org/apache/tomcat/embed/tomcat-embed-websocket/10.1.41/tomcat-embed-websocket-10.1.41.jar:/home/jules/.m2/repository/org/springframework/spring-webmvc/6.2.7/spring-webmvc-6.2.7.jar:/home/jules/.m2/repository/org/springframework/spring-messaging/6.2.7/spring-messaging-6.2.7.jar:/home/jules/.m2/repository/org/springframework/spring-websocket/6.2.7/spring-websocket-6.2.7.jar:/home/jules/.m2/repository/org/projectlombok/lombok/1.18.32/lombok-1.18.32.jar:/home/jules/.m2/repository/org/mapstruct/mapstruct/1.5.5.Final/mapstruct-1.5.5.Final.jar:/home/jules/.m2/repository/org/mapstruct/mapstruct-processor/1.5.5.Final/mapstruct-processor-1.5.5.Final.jar:/home/jules/.m2/repository/org/springframework/boot/spring-boot-starter-test/3.5.0/spring-boot-starter-test-3.5.0.jar:/home/jules/.m2/repository/org/springframework/boot/spring-boot-test/3.5.0/spring-boot-test-3.5.0.jar:/home/jules/.m2/repository/org/springframework/boot/spring-boot-test-autoconfigure/3.5.0/spring-boot-test-autoconfigure-3.5.0.jar:/home/jules/.m2/repository/com/jayway/jsonpath/json-path/2.9.0/json-path-2.9.0.jar:/home/jules/.m2/repository/jakarta/xml/bind/jakarta.xml.bind-api/4.0.2/jakarta.xml.bind-api-4.0.2.jar:/home/jules/.m2/repository/jakarta/activation/jakarta.activation-api/2.1.3/jakarta.activation-api-2.1.3.jar:/home/jules/.m2/repository/net/minidev/json-smart/2.5.2/json-smart-2.5.2.jar:/home/jules/.m2/repository/net/minidev/accessors-smart/2.5.2/accessors-smart-2.5.2.jar:/home/jules/.m2/repository/org/ow2/asm/asm/9.7.1/asm-9.7.1.jar:/home/jules/.m2/repository/org/assertj/assertj-core/3.27.3/assertj-core-3.27.3.jar:/home/jules/.m2/repository/net/bytebuddy/byte-buddy/1.17.5/byte-buddy-1.17.5.jar:/home/jules/.m2/repository/org/awaitility/awaitility/4.3.0/awaitility-4.3.0.jar:/home/jules/.m2/repository/org/hamcrest/hamcrest/3.0/hamcrest-3.0.jar:/home/jules/.m2/repository/org/junit/jupiter/junit-jupiter/5.12.2/junit-jupiter-5.12.2.jar:/home/jules/.m2/repository/org/junit/jupiter/junit-jupiter-params/5.12.2/junit-jupiter-params-5.12.2.jar:/home/jules/.m2/repository/org/junit/jupiter/junit-jupiter-engine/5.12.2/junit-jupiter-engine-5.12.2.jar:/home/jules/.m2/repository/org/mockito/mockito-core/5.17.0/mockito-core-5.17.0.jar:/home/jules/.m2/repository/net/bytebuddy/byte-buddy-agent/1.17.5/byte-buddy-agent-1.17.5.jar:/home/jules/.m2/repository/org/objenesis/objenesis/3.3/objenesis-3.3.jar:/home/jules/.m2/repository/org/mockito/mockito-junit-jupiter/5.17.0/mockito-junit-jupiter-5.17.0.jar:/home/jules/.m2/repository/org/skyscreamer/jsonassert/1.5.3/jsonassert-1.5.3.jar:/home/jules/.m2/repository/com/vaadin/external/google/android-json/0.0.20131108.vaadin1/android-json-0.0.20131108.vaadin1.jar:/home/jules/.m2/repository/org/springframework/spring-core/6.2.7/spring-core-6.2.7.jar:/home/jules/.m2/repository/org/springframework/spring-jcl/6.2.7/spring-jcl-6.2.7.jar:/home/jules/.m2/repository/org/springframework/spring-test/6.2.7/spring-test-6.2.7.jar:/home/jules/.m2/repository/org/xmlunit/xmlunit-core/2.10.1/xmlunit-core-2.10.1.jar:/home/jules/.m2/repository/io/projectreactor/reactor-test/3.7.6/reactor-test-3.7.6.jar:/home/jules/.m2/repository/io/r2dbc/r2dbc-h2/1.0.0.RELEASE/r2dbc-h2-1.0.0.RELEASE.jar:/home/jules/.m2/repository/com/h2database/h2/2.3.232/h2-2.3.232.jar:/home/jules/.m2/repository/org/springdoc/springdoc-openapi-starter-webflux-ui/2.5.0/springdoc-openapi-starter-webflux-ui-2.5.0.jar:/home/jules/.m2/repository/org/springdoc/springdoc-openapi-starter-webflux-api/2.5.0/springdoc-openapi-starter-webflux-api-2.5.0.jar:/home/jules/.m2/repository/org/springdoc/springdoc-openapi-starter-common/2.5.0/springdoc-openapi-starter-common-2.5.0.jar:/home/jules/.m2/repository/io/swagger/core/v3/swagger-core-jakarta/2.2.21/swagger-core-jakarta-2.2.21.jar:/home/jules/.m2/repository/org/apache/commons/commons-lang3/3.17.0/commons-lang3-3.17.0.jar:/home/jules/.m2/repository/io/swagger/core/v3/swagger-annotations-jakarta/2.2.21/swagger-annotations-jakarta-2.2.21.jar:/home/jules/.m2/repository/io/swagger/core/v3/swagger-models-jakarta/2.2.21/swagger-models-jakarta-2.2.21.jar:/home/jules/.m2/repository/com/fasterxml/jackson/dataformat/jackson-dataformat-yaml/2.19.0/jackson-dataformat-yaml-2.19.0.jar:/home/jules/.m2/repository/org/webjars/swagger-ui/5.13.0/swagger-ui-5.13.0.jar:/home/jules/.m2/repository/org/springframework/kafka/spring-kafka/3.3.6/spring-kafka-3.3.6.jar:/home/jules/.m2/repository/org/springframework/spring-context/6.2.7/spring-context-6.2.7.jar:/home/jules/.m2/repository/org/springframework/spring-tx/6.2.7/spring-tx-6.2.7.jar:/home/jules/.m2/repository/org/springframework/retry/spring-retry/2.0.12/spring-retry-2.0.12.jar:/home/jules/.m2/repository/org/apache/kafka/kafka-clients/3.9.1/kafka-clients-3.9.1.jar:/home/jules/.m2/repository/com/github/luben/zstd-jni/1.5.6-4/zstd-jni-1.5.6-4.jar:/home/jules/.m2/repository/org/lz4/lz4-java/1.8.0/lz4-java-1.8.0.jar:/home/jules/.m2/repository/org/xerial/snappy/snappy-java/1.1.10.5/snappy-java-1.1.10.5.jar:/home/jules/.m2/repository/org/springframework/kafka/spring-kafka-test/3.3.6/spring-kafka-test-3.3.6.jar:/home/jules/.m2/repository/org/apache/zookeeper/zookeeper/3.8.4/zookeeper-3.8.4.jar:/home/jules/.m2/repository/org/apache/zookeeper/zookeeper-jute/3.8.4/zookeeper-jute-3.8.4.jar:/home/jules/.m2/repository/org/apache/yetus/audience-annotations/0.12.0/audience-annotations-0.12.0.jar:/home/jules/.m2/repository/io/netty/netty-transport-native-epoll/4.1.121.Final/netty-transport-native-epoll-4.1.121.Final.jar:/home/jules/.m2/repository/ch/qos/logback/logback-core/1.5.18/logback-core-1.5.18.jar:/home/jules/.m2/repository/ch/qos/logback/logback-classic/1.5.18/logback-classic-1.5.18.jar:/home/jules/.m2/repository/commons-io/commons-io/2.11.0/commons-io-2.11.0.jar:/home/jules/.m2/repository/org/apache/kafka/kafka-clients/3.9.1/kafka-clients-3.9.1-test.jar:/home/jules/.m2/repository/org/apache/kafka/kafka-server/3.9.1/kafka-server-3.9.1.jar:/home/jules/.m2/repository/org/apache/kafka/kafka-storage/3.9.1/kafka-storage-3.9.1.jar:/home/jules/.m2/repository/com/github/ben-manes/caffeine/caffeine/3.2.0/caffeine-3.2.0.jar:/home/jules/.m2/repository/org/jspecify/jspecify/1.0.0/jspecify-1.0.0.jar:/home/jules/.m2/repository/com/google/errorprone/error_prone_annotations/2.36.0/error_prone_annotations-2.36.0.jar:/home/jules/.m2/repository/org/apache/kafka/kafka-group-coordinator/3.9.1/kafka-group-coordinator-3.9.1.jar:/home/jules/.m2/repository/org/apache/kafka/kafka-transaction-coordinator/3.9.1/kafka-transaction-coordinator-3.9.1.jar:/home/jules/.m2/repository/org/apache/kafka/kafka-raft/3.9.1/kafka-raft-3.9.1.jar:/home/jules/.m2/repository/com/yammer/metrics/metrics-core/2.2.0/metrics-core-2.2.0.jar:/home/jules/.m2/repository/org/apache/kafka/kafka-metadata/3.9.1/kafka-metadata-3.9.1.jar:/home/jules/.m2/repository/org/apache/kafka/kafka-server-common/3.9.1/kafka-server-common-3.9.1.jar:/home/jules/.m2/repository/net/sf/jopt-simple/jopt-simple/5.0.4/jopt-simple-5.0.4.jar:/home/jules/.m2/repository/org/pcollections/pcollections/4.0.1/pcollections-4.0.1.jar:/home/jules/.m2/repository/org/apache/kafka/kafka-server-common/3.9.1/kafka-server-common-3.9.1-test.jar:/home/jules/.m2/repository/org/apache/kafka/kafka-streams-test-utils/3.9.1/kafka-streams-test-utils-3.9.1.jar:/home/jules/.m2/repository/org/apache/kafka/kafka-streams/3.9.1/kafka-streams-3.9.1.jar:/home/jules/.m2/repository/org/rocksdb/rocksdbjni/7.9.2/rocksdbjni-7.9.2.jar:/home/jules/.m2/repository/org/apache/kafka/kafka_2.13/3.9.1/kafka_2.13-3.9.1.jar:/home/jules/.m2/repository/org/scala-lang/scala-library/2.13.15/scala-library-2.13.15.jar:/home/jules/.m2/repository/org/apache/kafka/kafka-group-coordinator-api/3.9.1/kafka-group-coordinator-api-3.9.1.jar:/home/jules/.m2/repository/org/apache/kafka/kafka-storage-api/3.9.1/kafka-storage-api-3.9.1.jar:/home/jules/.m2/repository/org/apache/kafka/kafka-tools-api/3.9.1/kafka-tools-api-3.9.1.jar:/home/jules/.m2/repository/net/sourceforge/argparse4j/argparse4j/0.7.0/argparse4j-0.7.0.jar:/home/jules/.m2/repository/commons-validator/commons-validator/1.7/commons-validator-1.7.jar:/home/jules/.m2/repository/commons-beanutils/commons-beanutils/1.9.4/commons-beanutils-1.9.4.jar:/home/jules/.m2/repository/commons-digester/commons-digester/2.1/commons-digester-2.1.jar:/home/jules/.m2/repository/commons-collections/commons-collections/3.2.2/commons-collections-3.2.2.jar:/home/jules/.m2/repository/com/fasterxml/jackson/module/jackson-module-scala_2.13/2.19.0/jackson-module-scala_2.13-2.19.0.jar:/home/jules/.m2/repository/com/thoughtworks/paranamer/paranamer/2.8.3/paranamer-2.8.3.jar:/home/jules/.m2/repository/com/fasterxml/jackson/dataformat/jackson-dataformat-csv/2.19.0/jackson-dataformat-csv-2.19.0.jar:/home/jules/.m2/repository/org/bitbucket/b_c/jose4j/0.9.4/jose4j-0.9.4.jar:/home/jules/.m2/repository/org/scala-lang/modules/scala-collection-compat_2.13/2.10.0/scala-collection-compat_2.13-2.10.0.jar:/home/jules/.m2/repository/org/scala-lang/modules/scala-java8-compat_2.13/1.0.2/scala-java8-compat_2.13-1.0.2.jar:/home/jules/.m2/repository/org/scala-lang/scala-reflect/2.13.15/scala-reflect-2.13.15.jar:/home/jules/.m2/repository/com/typesafe/scala-logging/scala-logging_2.13/3.9.5/scala-logging_2.13-3.9.5.jar:/home/jules/.m2/repository/io/dropwizard/metrics/metrics-core/4.1.12.1/metrics-core-4.1.12.1.jar:/home/jules/.m2/repository/commons-cli/commons-cli/1.4/commons-cli-1.4.jar:/home/jules/.m2/repository/org/apache/kafka/kafka_2.13/3.9.1/kafka_2.13-3.9.1-test.jar:/home/jules/.m2/repository/org/junit/jupiter/junit-jupiter-api/5.12.2/junit-jupiter-api-5.12.2.jar:/home/jules/.m2/repository/org/opentest4j/opentest4j/1.3.0/opentest4j-1.3.0.jar:/home/jules/.m2/repository/org/junit/platform/junit-platform-commons/1.12.2/junit-platform-commons-1.12.2.jar:/home/jules/.m2/repository/org/apiguardian/apiguardian-api/1.1.2/apiguardian-api-1.1.2.jar:/home/jules/.m2/repository/org/junit/platform/junit-platform-launcher/1.12.2/junit-platform-launcher-1.12.2.jar:/home/jules/.m2/repository/org/junit/platform/junit-platform-engine/1.12.2/junit-platform-engine-1.12.2.jar:/home/jules/.m2/repository/org/springframework/boot/spring-boot-starter-data-elasticsearch/3.5.0/spring-boot-starter-data-elasticsearch-3.5.0.jar:/home/jules/.m2/repository/org/springframework/data/spring-data-elasticsearch/5.5.0/spring-data-elasticsearch-5.5.0.jar:/home/jules/.m2/repository/co/elastic/clients/elasticsearch-java/8.18.1/elasticsearch-java-8.18.1.jar:/home/jules/.m2/repository/com/google/code/findbugs/jsr305/3.0.2/jsr305-3.0.2.jar:/home/jules/.m2/repository/jakarta/json/jakarta.json-api/2.1.3/jakarta.json-api-2.1.3.jar:/home/jules/.m2/repository/org/eclipse/parsson/parsson/1.0.5/parsson-1.0.5.jar:/home/jules/.m2/repository/io/opentelemetry/opentelemetry-api/1.49.0/opentelemetry-api-1.49.0.jar:/home/jules/.m2/repository/io/opentelemetry/opentelemetry-context/1.49.0/opentelemetry-context-1.49.0.jar:/home/jules/.m2/repository/org/elasticsearch/client/elasticsearch-rest-client/8.18.1/elasticsearch-rest-client-8.18.1.jar:/home/jules/.m2/repository/org/apache/httpcomponents/httpclient/4.5.14/httpclient-4.5.14.jar:/home/jules/.m2/repository/org/apache/httpcomponents/httpcore/4.4.16/httpcore-4.4.16.jar:/home/jules/.m2/repository/org/apache/httpcomponents/httpasyncclient/4.1.5/httpasyncclient-4.1.5.jar:/home/jules/.m2/repository/org/apache/httpcomponents/httpcore-nio/4.4.16/httpcore-nio-4.4.16.jar:/home/jules/.m2/repository/commons-codec/commons-codec/1.18.0/commons-codec-1.18.0.jar:/home/jules/.m2/repository/org/springframework/boot/spring-boot-starter-data-redis/3.5.0/spring-boot-starter-data-redis-3.5.0.jar:/home/jules/.m2/repository/io/lettuce/lettuce-core/6.5.5.RELEASE/lettuce-core-6.5.5.RELEASE.jar:/home/jules/.m2/repository/io/netty/netty-common/4.1.121.Final/netty-common-4.1.121.Final.jar:/home/jules/.m2/repository/io/netty/netty-transport/4.1.121.Final/netty-transport-4.1.121.Final.jar:/home/jules/.m2/repository/org/springframework/data/spring-data-redis/3.5.0/spring-data-redis-3.5.0.jar:/home/jules/.m2/repository/org/springframework/data/spring-data-keyvalue/3.5.0/spring-data-keyvalue-3.5.0.jar:/home/jules/.m2/repository/org/springframework/spring-oxm/6.2.7/spring-oxm-6.2.7.jar:/home/jules/.m2/repository/org/springframework/spring-context-support/6.2.7/spring-context-support-6.2.7.jar:
2026-01-22T15:13:47.058Z  INFO 7881 --- [yow_point] [           main] org.apache.zookeeper.ZooKeeper           : Client environment:java.library.path=/usr/java/packages/lib:/usr/lib/x86_64-linux-gnu/jni:/lib/x86_64-linux-gnu:/usr/lib/x86_64-linux-gnu:/usr/lib/jni:/lib:/usr/lib
2026-01-22T15:13:47.058Z  INFO 7881 --- [yow_point] [           main] org.apache.zookeeper.ZooKeeper           : Client environment:java.io.tmpdir=/tmp
2026-01-22T15:13:47.058Z  INFO 7881 --- [yow_point] [           main] org.apache.zookeeper.ZooKeeper           : Client environment:java.compiler=<NA>
2026-01-22T15:13:47.058Z  INFO 7881 --- [yow_point] [           main] org.apache.zookeeper.ZooKeeper           : Client environment:os.name=Linux
2026-01-22T15:13:47.058Z  INFO 7881 --- [yow_point] [           main] org.apache.zookeeper.ZooKeeper           : Client environment:os.arch=amd64
2026-01-22T15:13:47.058Z  INFO 7881 --- [yow_point] [           main] org.apache.zookeeper.ZooKeeper           : Client environment:os.version=6.8.0
2026-01-22T15:13:47.059Z  INFO 7881 --- [yow_point] [           main] org.apache.zookeeper.ZooKeeper           : Client environment:user.name=jules
2026-01-22T15:13:47.060Z  INFO 7881 --- [yow_point] [           main] org.apache.zookeeper.ZooKeeper           : Client environment:user.home=/home/jules
2026-01-22T15:13:47.060Z  INFO 7881 --- [yow_point] [           main] org.apache.zookeeper.ZooKeeper           : Client environment:user.dir=/app
2026-01-22T15:13:47.060Z  INFO 7881 --- [yow_point] [           main] org.apache.zookeeper.ZooKeeper           : Client environment:os.memory.free=59MB
2026-01-22T15:13:47.060Z  INFO 7881 --- [yow_point] [           main] org.apache.zookeeper.ZooKeeper           : Client environment:os.memory.max=1990MB
2026-01-22T15:13:47.061Z  INFO 7881 --- [yow_point] [           main] org.apache.zookeeper.ZooKeeper           : Client environment:os.memory.total=96MB
2026-01-22T15:13:47.065Z  INFO 7881 --- [yow_point] [           main] org.apache.zookeeper.ZooKeeper           : Initiating client connection, connectString=127.0.0.1:38775 sessionTimeout=18000 watcher=kafka.zookeeper.ZooKeeperClient$ZooKeeperClientWatcher$@47be0f9b
2026-01-22T15:13:47.069Z  INFO 7881 --- [yow_point] [           main] org.apache.zookeeper.ClientCnxnSocket    : jute.maxbuffer value is 4194304 Bytes
2026-01-22T15:13:47.077Z  INFO 7881 --- [yow_point] [           main] org.apache.zookeeper.ClientCnxn          : zookeeper.request.timeout value is 0. feature enabled=false
2026-01-22T15:13:47.080Z  INFO 7881 --- [yow_point] [27.0.0.1:38775)] org.apache.zookeeper.ClientCnxn          : Opening socket connection to server /127.0.0.1:38775.
2026-01-22T15:13:47.081Z  INFO 7881 --- [yow_point] [           main] kafka.zookeeper.ZooKeeperClient          : [ZooKeeperClient Kafka server] Waiting until connected.
2026-01-22T15:13:47.083Z  INFO 7881 --- [yow_point] [27.0.0.1:38775)] org.apache.zookeeper.ClientCnxn          : Socket connection established, initiating session, client: /127.0.0.1:56012, server: /127.0.0.1:38775
2026-01-22T15:13:47.096Z  INFO 7881 --- [yow_point] [   SyncThread:0] o.a.z.server.persistence.FileTxnLog      : Creating new log file: log.1
2026-01-22T15:13:47.104Z  INFO 7881 --- [yow_point] [   SyncThread:0] o.a.zookeeper.audit.ZKAuditProvider      : ZooKeeper audit is disabled.
2026-01-22T15:13:47.110Z  INFO 7881 --- [yow_point] [27.0.0.1:38775)] org.apache.zookeeper.ClientCnxn          : Session establishment complete on server /127.0.0.1:38775, session id = 0x10000107c840000, negotiated timeout = 16000
2026-01-22T15:13:47.116Z  INFO 7881 --- [yow_point] [           main] kafka.zookeeper.ZooKeeperClient          : [ZooKeeperClient Kafka server] Connected.
2026-01-22T15:13:47.464Z  INFO 7881 --- [yow_point] [           main] kafka.server.KafkaServer                 : Cluster ID = y-TkHMKCT8WMqFqsVzSS1w
2026-01-22T15:13:47.535Z  INFO 7881 --- [yow_point] [           main] kafka.server.KafkaConfig                 : KafkaConfig values:
	advertised.listeners = null
	alter.config.policy.class.name = null
	alter.log.dirs.replication.quota.window.num = 11
	alter.log.dirs.replication.quota.window.size.seconds = 1
	authorizer.class.name =
	auto.create.topics.enable = true
	auto.include.jmx.reporter = true
	auto.leader.rebalance.enable = true
	background.threads = 2
	broker.heartbeat.interval.ms = 2000
	broker.id = 0
	broker.id.generation.enable = true
	broker.rack = null
	broker.session.timeout.ms = 9000
	client.quota.callback.class = null
	compression.gzip.level = -1
	compression.lz4.level = 9
	compression.type = producer
	compression.zstd.level = 3
	connection.failed.authentication.delay.ms = 100
	connections.max.idle.ms = 600000
	connections.max.reauth.ms = 0
	control.plane.listener.name = null
	controlled.shutdown.enable = false
	controlled.shutdown.max.retries = 3
	controlled.shutdown.retry.backoff.ms = 100
	controller.listener.names = null
	controller.quorum.append.linger.ms = 25
	controller.quorum.bootstrap.servers = []
	controller.quorum.election.backoff.max.ms = 1000
	controller.quorum.election.timeout.ms = 1000
	controller.quorum.fetch.timeout.ms = 2000
	controller.quorum.request.timeout.ms = 2000
	controller.quorum.retry.backoff.ms = 20
	controller.quorum.voters = []
	controller.quota.window.num = 11
	controller.quota.window.size.seconds = 1
	controller.socket.timeout.ms = 1000
	create.topic.policy.class.name = null
	default.replication.factor = 1
	delegation.token.expiry.check.interval.ms = 3600000
	delegation.token.expiry.time.ms = 86400000
	delegation.token.master.key = null
	delegation.token.max.lifetime.ms = 604800000
	delegation.token.secret.key = null
	delete.records.purgatory.purge.interval.requests = 1
	delete.topic.enable = true
	early.start.listeners = null
	eligible.leader.replicas.enable = false
	fetch.max.bytes = 57671680
	fetch.purgatory.purge.interval.requests = 1000
	group.consumer.assignors = [org.apache.kafka.coordinator.group.assignor.UniformAssignor, org.apache.kafka.coordinator.group.assignor.RangeAssignor]
	group.consumer.heartbeat.interval.ms = 5000
	group.consumer.max.heartbeat.interval.ms = 15000
	group.consumer.max.session.timeout.ms = 60000
	group.consumer.max.size = 2147483647
	group.consumer.migration.policy = disabled
	group.consumer.min.heartbeat.interval.ms = 5000
	group.consumer.min.session.timeout.ms = 45000
	group.consumer.session.timeout.ms = 45000
	group.coordinator.append.linger.ms = 10
	group.coordinator.new.enable = false
	group.coordinator.rebalance.protocols = [classic]
	group.coordinator.threads = 1
	group.initial.rebalance.delay.ms = 0
	group.max.session.timeout.ms = 1800000
	group.max.size = 2147483647
	group.min.session.timeout.ms = 6000
	group.share.delivery.count.limit = 5
	group.share.enable = false
	group.share.heartbeat.interval.ms = 5000
	group.share.max.groups = 10
	group.share.max.heartbeat.interval.ms = 15000
	group.share.max.record.lock.duration.ms = 60000
	group.share.max.session.timeout.ms = 60000
	group.share.max.size = 200
	group.share.min.heartbeat.interval.ms = 5000
	group.share.min.record.lock.duration.ms = 15000
	group.share.min.session.timeout.ms = 45000
	group.share.partition.max.record.locks = 200
	group.share.record.lock.duration.ms = 30000
	group.share.session.timeout.ms = 45000
	initial.broker.registration.timeout.ms = 60000
	inter.broker.listener.name = null
	inter.broker.protocol.version = 3.9-IV0
	kafka.metrics.polling.interval.secs = 10
	kafka.metrics.reporters = []
	leader.imbalance.check.interval.seconds = 300
	leader.imbalance.per.broker.percentage = 10
	listener.security.protocol.map = SASL_SSL:SASL_SSL,PLAINTEXT:PLAINTEXT,SSL:SSL,SASL_PLAINTEXT:SASL_PLAINTEXT
	listeners = PLAINTEXT://localhost:9092
	log.cleaner.backoff.ms = 15000
	log.cleaner.dedupe.buffer.size = 2097152
	log.cleaner.delete.retention.ms = 86400000
	log.cleaner.enable = true
	log.cleaner.io.buffer.load.factor = 0.9
	log.cleaner.io.buffer.size = 524288
	log.cleaner.io.max.bytes.per.second = 1.7976931348623157E308
	log.cleaner.max.compaction.lag.ms = 9223372036854775807
	log.cleaner.min.cleanable.ratio = 0.5
	log.cleaner.min.compaction.lag.ms = 0
	log.cleaner.threads = 1
	log.cleanup.policy = [delete]
	log.dir = /tmp/spring.kafka.685a7386-0564-4d53-ab8c-c8edf5301d6c11073565135814378429
	log.dir.failure.timeout.ms = 30000
	log.dirs = null
	log.flush.interval.messages = 9223372036854775807
	log.flush.interval.ms = null
	log.flush.offset.checkpoint.interval.ms = 60000
	log.flush.scheduler.interval.ms = 9223372036854775807
	log.flush.start.offset.checkpoint.interval.ms = 60000
	log.index.interval.bytes = 4096
	log.index.size.max.bytes = 10485760
	log.initial.task.delay.ms = 100
	log.local.retention.bytes = -2
	log.local.retention.ms = -2
	log.message.downconversion.enable = true
	log.message.format.version = 3.0-IV1
	log.message.timestamp.after.max.ms = 9223372036854775807
	log.message.timestamp.before.max.ms = 9223372036854775807
	log.message.timestamp.difference.max.ms = 9223372036854775807
	log.message.timestamp.type = CreateTime
	log.preallocate = false
	log.retention.bytes = -1
	log.retention.check.interval.ms = 300000
	log.retention.hours = 168
	log.retention.minutes = null
	log.retention.ms = null
	log.roll.hours = 168
	log.roll.jitter.hours = 0
	log.roll.jitter.ms = null
	log.roll.ms = null
	log.segment.bytes = 1073741824
	log.segment.delete.delay.ms = 1000
	max.connection.creation.rate = 2147483647
	max.connections = 2147483647
	max.connections.per.ip = 2147483647
	max.connections.per.ip.overrides =
	max.incremental.fetch.session.cache.slots = 1000
	max.request.partition.size.limit = 2000
	message.max.bytes = 1048588
	metadata.log.dir = null
	metadata.log.max.record.bytes.between.snapshots = 20971520
	metadata.log.max.snapshot.interval.ms = 3600000
	metadata.log.segment.bytes = 1073741824
	metadata.log.segment.min.bytes = 8388608
	metadata.log.segment.ms = 604800000
	metadata.max.idle.interval.ms = 500
	metadata.max.retention.bytes = 104857600
	metadata.max.retention.ms = 604800000
	metric.reporters = []
	metrics.num.samples = 2
	metrics.recording.level = INFO
	metrics.sample.window.ms = 30000
	min.insync.replicas = 1
	node.id = 0
	num.io.threads = 8
	num.network.threads = 2
	num.partitions = 1
	num.recovery.threads.per.data.dir = 1
	num.replica.alter.log.dirs.threads = null
	num.replica.fetchers = 1
	offset.metadata.max.bytes = 4096
	offsets.commit.required.acks = -1
	offsets.commit.timeout.ms = 5000
	offsets.load.buffer.size = 5242880
	offsets.retention.check.interval.ms = 600000
	offsets.retention.minutes = 10080
	offsets.topic.compression.codec = 0
	offsets.topic.num.partitions = 5
	offsets.topic.replication.factor = 1
	offsets.topic.segment.bytes = 104857600
	password.encoder.cipher.algorithm = AES/CBC/PKCS5Padding
	password.encoder.iterations = 4096
	password.encoder.key.length = 128
	password.encoder.keyfactory.algorithm = null
	password.encoder.old.secret = null
	password.encoder.secret = null
	principal.builder.class = class org.apache.kafka.common.security.authenticator.DefaultKafkaPrincipalBuilder
	process.roles = []
	producer.id.expiration.check.interval.ms = 600000
	producer.id.expiration.ms = 86400000
	producer.purgatory.purge.interval.requests = 1000
	queued.max.request.bytes = -1
	queued.max.requests = 500
	quota.window.num = 11
	quota.window.size.seconds = 1
	remote.fetch.max.wait.ms = 500
	remote.log.index.file.cache.total.size.bytes = 1073741824
	remote.log.manager.copier.thread.pool.size = -1
	remote.log.manager.copy.max.bytes.per.second = 9223372036854775807
	remote.log.manager.copy.quota.window.num = 11
	remote.log.manager.copy.quota.window.size.seconds = 1
	remote.log.manager.expiration.thread.pool.size = -1
	remote.log.manager.fetch.max.bytes.per.second = 9223372036854775807
	remote.log.manager.fetch.quota.window.num = 11
	remote.log.manager.fetch.quota.window.size.seconds = 1
	remote.log.manager.task.interval.ms = 30000
	remote.log.manager.task.retry.backoff.max.ms = 30000
	remote.log.manager.task.retry.backoff.ms = 500
	remote.log.manager.task.retry.jitter = 0.2
	remote.log.manager.thread.pool.size = 10
	remote.log.metadata.custom.metadata.max.bytes = 128
	remote.log.metadata.manager.class.name = org.apache.kafka.server.log.remote.metadata.storage.TopicBasedRemoteLogMetadataManager
	remote.log.metadata.manager.class.path = null
	remote.log.metadata.manager.impl.prefix = rlmm.config.
	remote.log.metadata.manager.listener.name = null
	remote.log.reader.max.pending.tasks = 100
	remote.log.reader.threads = 10
	remote.log.storage.manager.class.name = null
	remote.log.storage.manager.class.path = null
	remote.log.storage.manager.impl.prefix = rsm.config.
	remote.log.storage.system.enable = false
	replica.fetch.backoff.ms = 1000
	replica.fetch.max.bytes = 1048576
	replica.fetch.min.bytes = 1
	replica.fetch.response.max.bytes = 10485760
	replica.fetch.wait.max.ms = 500
	replica.high.watermark.checkpoint.interval.ms = 9223372036854775807
	replica.lag.time.max.ms = 30000
	replica.selector.class = null
	replica.socket.receive.buffer.bytes = 65536
	replica.socket.timeout.ms = 1000
	replication.quota.window.num = 11
	replication.quota.window.size.seconds = 1
	request.timeout.ms = 30000
	reserved.broker.max.id = 1000
	sasl.client.callback.handler.class = null
	sasl.enabled.mechanisms = [GSSAPI]
	sasl.jaas.config = null
	sasl.kerberos.kinit.cmd = /usr/bin/kinit
	sasl.kerberos.min.time.before.relogin = 60000
	sasl.kerberos.principal.to.local.rules = [DEFAULT]
	sasl.kerberos.service.name = null
	sasl.kerberos.ticket.renew.jitter = 0.05
	sasl.kerberos.ticket.renew.window.factor = 0.8
	sasl.login.callback.handler.class = null
	sasl.login.class = null
	sasl.login.connect.timeout.ms = null
	sasl.login.read.timeout.ms = null
	sasl.login.refresh.buffer.seconds = 300
	sasl.login.refresh.min.period.seconds = 60
	sasl.login.refresh.window.factor = 0.8
	sasl.login.refresh.window.jitter = 0.05
	sasl.login.retry.backoff.max.ms = 10000
	sasl.login.retry.backoff.ms = 100
	sasl.mechanism.controller.protocol = GSSAPI
	sasl.mechanism.inter.broker.protocol = GSSAPI
	sasl.oauthbearer.clock.skew.seconds = 30
	sasl.oauthbearer.expected.audience = null
	sasl.oauthbearer.expected.issuer = null
	sasl.oauthbearer.jwks.endpoint.refresh.ms = 3600000
	sasl.oauthbearer.jwks.endpoint.retry.backoff.max.ms = 10000
	sasl.oauthbearer.jwks.endpoint.retry.backoff.ms = 100
	sasl.oauthbearer.jwks.endpoint.url = null
	sasl.oauthbearer.scope.claim.name = scope
	sasl.oauthbearer.sub.claim.name = sub
	sasl.oauthbearer.token.endpoint.url = null
	sasl.server.callback.handler.class = null
	sasl.server.max.receive.size = 524288
	security.inter.broker.protocol = PLAINTEXT
	security.providers = null
	server.max.startup.time.ms = 9223372036854775807
	socket.connection.setup.timeout.max.ms = 30000
	socket.connection.setup.timeout.ms = 10000
	socket.listen.backlog.size = 50
	socket.receive.buffer.bytes = 102400
	socket.request.max.bytes = 104857600
	socket.send.buffer.bytes = 102400
	ssl.allow.dn.changes = false
	ssl.allow.san.changes = false
	ssl.cipher.suites = []
	ssl.client.auth = none
	ssl.enabled.protocols = [TLSv1.2, TLSv1.3]
	ssl.endpoint.identification.algorithm = https
	ssl.engine.factory.class = null
	ssl.key.password = null
	ssl.keymanager.algorithm = SunX509
	ssl.keystore.certificate.chain = null
	ssl.keystore.key = null
	ssl.keystore.location = null
	ssl.keystore.password = null
	ssl.keystore.type = JKS
	ssl.principal.mapping.rules = DEFAULT
	ssl.protocol = TLSv1.3
	ssl.provider = null
	ssl.secure.random.implementation = null
	ssl.trustmanager.algorithm = PKIX
	ssl.truststore.certificates = null
	ssl.truststore.location = null
	ssl.truststore.password = null
	ssl.truststore.type = JKS
	telemetry.max.bytes = 1048576
	transaction.abort.timed.out.transaction.cleanup.interval.ms = 10000
	transaction.max.timeout.ms = 900000
	transaction.partition.verification.enable = true
	transaction.remove.expired.transaction.cleanup.interval.ms = 3600000
	transaction.state.log.load.buffer.size = 5242880
	transaction.state.log.min.isr = 2
	transaction.state.log.num.partitions = 50
	transaction.state.log.replication.factor = 1
	transaction.state.log.segment.bytes = 104857600
	transactional.id.expiration.ms = 604800000
	unclean.leader.election.enable = false
	unclean.leader.election.interval.ms = 300000
	unstable.api.versions.enable = true
	unstable.feature.versions.enable = true
	zookeeper.clientCnxnSocket = null
	zookeeper.connect = 127.0.0.1:38775
	zookeeper.connection.timeout.ms = 10000
	zookeeper.max.in.flight.requests = 10
	zookeeper.metadata.migration.enable = false
	zookeeper.metadata.migration.min.batch.size = 200
	zookeeper.session.timeout.ms = 18000
	zookeeper.set.acl = false
	zookeeper.ssl.cipher.suites = null
	zookeeper.ssl.client.enable = false
	zookeeper.ssl.crl.enable = false
	zookeeper.ssl.enabled.protocols = null
	zookeeper.ssl.endpoint.identification.algorithm = HTTPS
	zookeeper.ssl.keystore.location = null
	zookeeper.ssl.keystore.password = null
	zookeeper.ssl.keystore.type = null
	zookeeper.ssl.ocsp.enable = false
	zookeeper.ssl.protocol = TLSv1.2
	zookeeper.ssl.truststore.location = null
	zookeeper.ssl.truststore.password = null
	zookeeper.ssl.truststore.type = null

2026-01-22T15:13:47.583Z  INFO 7881 --- [yow_point] [nelReaper-Fetch] lientQuotaManager$ThrottledChannelReaper : [ThrottledChannelReaper-Fetch]: Starting
2026-01-22T15:13:47.584Z  INFO 7881 --- [yow_point] [lReaper-Produce] lientQuotaManager$ThrottledChannelReaper : [ThrottledChannelReaper-Produce]: Starting
2026-01-22T15:13:47.585Z  INFO 7881 --- [yow_point] [lReaper-Request] lientQuotaManager$ThrottledChannelReaper : [ThrottledChannelReaper-Request]: Starting
2026-01-22T15:13:47.589Z  INFO 7881 --- [yow_point] [trollerMutation] lientQuotaManager$ThrottledChannelReaper : [ThrottledChannelReaper-ControllerMutation]: Starting
2026-01-22T15:13:47.599Z  INFO 7881 --- [yow_point] [           main] kafka.server.KafkaServer                 : [KafkaServer id=0] Rewriting /tmp/spring.kafka.685a7386-0564-4d53-ab8c-c8edf5301d6c11073565135814378429/meta.properties
2026-01-22T15:13:47.672Z  INFO 7881 --- [yow_point] [           main] kafka.log.LogManager                     : Loading logs from log dirs ArrayBuffer(/tmp/spring.kafka.685a7386-0564-4d53-ab8c-c8edf5301d6c11073565135814378429)
2026-01-22T15:13:47.684Z  INFO 7881 --- [yow_point] [           main] kafka.log.LogManager                     : No logs found to be loaded in /tmp/spring.kafka.685a7386-0564-4d53-ab8c-c8edf5301d6c11073565135814378429
2026-01-22T15:13:47.703Z  INFO 7881 --- [yow_point] [           main] kafka.log.LogManager                     : Loaded 0 logs in 30ms
2026-01-22T15:13:47.706Z  INFO 7881 --- [yow_point] [           main] kafka.log.LogManager                     : Starting log cleanup with a period of 300000 ms.
2026-01-22T15:13:47.709Z  INFO 7881 --- [yow_point] [           main] kafka.log.LogManager                     : Starting log flusher with a default period of 9223372036854775807 ms.
2026-01-22T15:13:47.729Z  INFO 7881 --- [yow_point] [           main] kafka.log.LogCleaner                     : Starting the log cleaner
2026-01-22T15:13:47.748Z  INFO 7881 --- [yow_point] [leaner-thread-0] kafka.log.LogCleaner$CleanerThread       : [kafka-log-cleaner-thread-0]: Starting
2026-01-22T15:13:47.775Z  INFO 7881 --- [yow_point] [-process-thread] stener$ChangeNotificationProcessorThread : [feature-zk-node-event-process-thread]: Starting
2026-01-22T15:13:47.796Z  INFO 7881 --- [yow_point] [-process-thread] k.server.FinalizedFeatureChangeListener  : Feature ZK node at path: /feature does not exist
2026-01-22T15:13:47.865Z  INFO 7881 --- [yow_point] [channel-manager] k.server.NodeToControllerRequestThread   : [zk-broker-0-to-controller-forwarding-channel-manager]: Starting
2026-01-22T15:13:48.435Z  INFO 7881 --- [yow_point] [           main] kafka.network.ConnectionQuotas           : Updated connection-accept-rate max connection creation rate to 2147483647
2026-01-22T15:13:48.458Z  INFO 7881 --- [yow_point] [           main] kafka.network.SocketServer               : [SocketServer listenerType=ZK_BROKER, nodeId=0] Created data-plane acceptor and processors for endpoint : ListenerName(PLAINTEXT)
2026-01-22T15:13:48.464Z  INFO 7881 --- [yow_point] [channel-manager] k.server.NodeToControllerRequestThread   : [zk-broker-0-to-controller-alter-partition-channel-manager]: Starting
2026-01-22T15:13:48.498Z  INFO 7881 --- [yow_point] [eaper-0-Produce] perationPurgatory$ExpiredOperationReaper : [ExpirationReaper-0-Produce]: Starting
2026-01-22T15:13:48.499Z  INFO 7881 --- [yow_point] [nReaper-0-Fetch] perationPurgatory$ExpiredOperationReaper : [ExpirationReaper-0-Fetch]: Starting
2026-01-22T15:13:48.501Z  INFO 7881 --- [yow_point] [0-DeleteRecords] perationPurgatory$ExpiredOperationReaper : [ExpirationReaper-0-DeleteRecords]: Starting
2026-01-22T15:13:48.502Z  INFO 7881 --- [yow_point] [r-0-ElectLeader] perationPurgatory$ExpiredOperationReaper : [ExpirationReaper-0-ElectLeader]: Starting
2026-01-22T15:13:48.503Z  INFO 7881 --- [yow_point] [r-0-RemoteFetch] perationPurgatory$ExpiredOperationReaper : [ExpirationReaper-0-RemoteFetch]: Starting
2026-01-22T15:13:48.525Z  INFO 7881 --- [yow_point] [rFailureHandler] k.s.ReplicaManager$LogDirFailureHandler  : [LogDirFailureHandler]: Starting
2026-01-22T15:13:48.525Z  INFO 7881 --- [yow_point] [nSenderThread-0] kafka.server.AddPartitionsToTxnManager   : [AddPartitionsToTxnSenderThread-0]: Starting
2026-01-22T15:13:48.568Z  INFO 7881 --- [yow_point] [           main] kafka.zk.KafkaZkClient                   : Creating /brokers/ids/0 (is it secure? false)
2026-01-22T15:13:48.592Z  INFO 7881 --- [yow_point] [           main] kafka.zk.KafkaZkClient                   : Stat of the created znode at /brokers/ids/0 is: 25,25,1769094828585,1769094828585,1,0,0,72057664846430208,202,0,25

2026-01-22T15:13:48.593Z  INFO 7881 --- [yow_point] [           main] kafka.zk.KafkaZkClient                   : Registered broker 0 at path /brokers/ids/0 with addresses: PLAINTEXT://localhost:9092, czxid (broker epoch): 25
2026-01-22T15:13:48.649Z  INFO 7881 --- [yow_point] [er-event-thread] rollerEventManager$ControllerEventThread : [ControllerEventThread controllerId=0] Starting
2026-01-22T15:13:48.657Z  INFO 7881 --- [yow_point] [nReaper-0-topic] perationPurgatory$ExpiredOperationReaper : [ExpirationReaper-0-topic]: Starting
2026-01-22T15:13:48.668Z  INFO 7881 --- [yow_point] [per-0-Heartbeat] perationPurgatory$ExpiredOperationReaper : [ExpirationReaper-0-Heartbeat]: Starting
2026-01-22T15:13:48.669Z  INFO 7881 --- [yow_point] [per-0-Rebalance] perationPurgatory$ExpiredOperationReaper : [ExpirationReaper-0-Rebalance]: Starting
2026-01-22T15:13:48.678Z  INFO 7881 --- [yow_point] [er-event-thread] kafka.zk.KafkaZkClient                   : Successfully created /controller_epoch with initial epoch 0
2026-01-22T15:13:48.691Z  INFO 7881 --- [yow_point] [er-event-thread] kafka.controller.KafkaController         : [Controller id=0] 0 successfully elected as the controller. Epoch incremented to 1 and epoch zk version is now 1
2026-01-22T15:13:48.693Z  INFO 7881 --- [yow_point] [           main] k.coordinator.group.GroupCoordinator     : [GroupCoordinator 0]: Starting up.
2026-01-22T15:13:48.695Z  INFO 7881 --- [yow_point] [er-event-thread] kafka.controller.KafkaController         : [Controller id=0] Creating FeatureZNode at path: /feature with contents: FeatureZNode(2,Enabled,Map())
2026-01-22T15:13:48.700Z  INFO 7881 --- [yow_point] [ain-EventThread] k.server.FinalizedFeatureChangeListener  : Feature ZK node created at path: /feature
2026-01-22T15:13:48.702Z  INFO 7881 --- [yow_point] [           main] k.coordinator.group.GroupCoordinator     : [GroupCoordinator 0]: Startup complete.
2026-01-22T15:13:48.721Z  INFO 7881 --- [yow_point] [           main] k.c.transaction.TransactionCoordinator   : [TransactionCoordinator id=0] Starting up.
2026-01-22T15:13:48.730Z  INFO 7881 --- [yow_point] [rSenderThread-0] k.c.t.TransactionMarkerChannelManager    : [TxnMarkerSenderThread-0]: Starting
2026-01-22T15:13:48.732Z  INFO 7881 --- [yow_point] [           main] k.c.transaction.TransactionCoordinator   : [TransactionCoordinator id=0] Startup complete.
2026-01-22T15:13:48.749Z  INFO 7881 --- [yow_point] [er-event-thread] kafka.controller.KafkaController         : [Controller id=0] Registering handlers
2026-01-22T15:13:48.749Z  INFO 7881 --- [yow_point] [-process-thread] kafka.server.metadata.ZkMetadataCache    : [MetadataCache brokerId=0] Updated cache from existing None to latest Features(metadataVersion=3.9-IV0, finalizedFeatures={}, finalizedFeaturesEpoch=0).
2026-01-22T15:13:48.755Z  INFO 7881 --- [yow_point] [er-event-thread] kafka.controller.KafkaController         : [Controller id=0] Deleting log dir event notifications
2026-01-22T15:13:48.760Z  INFO 7881 --- [yow_point] [er-event-thread] kafka.controller.KafkaController         : [Controller id=0] Deleting isr change notifications
2026-01-22T15:13:48.764Z  INFO 7881 --- [yow_point] [er-event-thread] kafka.controller.KafkaController         : [Controller id=0] Initializing controller context
2026-01-22T15:13:48.782Z  INFO 7881 --- [yow_point] [er-event-thread] kafka.controller.KafkaController         : [Controller id=0] Initialized broker epochs cache: HashMap(0 -> 25)
2026-01-22T15:13:48.791Z  INFO 7881 --- [yow_point] [per-0-AlterAcls] perationPurgatory$ExpiredOperationReaper : [ExpirationReaper-0-AlterAcls]: Starting
2026-01-22T15:13:48.802Z  INFO 7881 --- [yow_point] [r-0-send-thread] kafka.controller.RequestSendThread       : [RequestSendThread controllerId=0] Starting
2026-01-22T15:13:48.805Z  INFO 7881 --- [yow_point] [er-event-thread] kafka.controller.KafkaController         : [Controller id=0] Currently active brokers in the cluster: Set(0)
2026-01-22T15:13:48.805Z  INFO 7881 --- [yow_point] [er-event-thread] kafka.controller.KafkaController         : [Controller id=0] Currently shutting brokers in the cluster: HashSet()
2026-01-22T15:13:48.806Z  INFO 7881 --- [yow_point] [er-event-thread] kafka.controller.KafkaController         : [Controller id=0] Current list of topics in the cluster: HashSet()
2026-01-22T15:13:48.806Z  INFO 7881 --- [yow_point] [er-event-thread] kafka.controller.KafkaController         : [Controller id=0] Fetching topic deletions in progress
2026-01-22T15:13:48.812Z  INFO 7881 --- [yow_point] [er-event-thread] kafka.controller.KafkaController         : [Controller id=0] List of topics to be deleted:
2026-01-22T15:13:48.812Z  INFO 7881 --- [yow_point] [er-event-thread] kafka.controller.KafkaController         : [Controller id=0] List of topics ineligible for deletion:
2026-01-22T15:13:48.813Z  INFO 7881 --- [yow_point] [er-event-thread] kafka.controller.KafkaController         : [Controller id=0] Initializing topic deletion manager
2026-01-22T15:13:48.813Z  INFO 7881 --- [yow_point] [er-event-thread] kafka.controller.TopicDeletionManager    : [Topic Deletion Manager 0] Initializing manager with initial deletions: Set(), initial ineligible deletions: HashSet()
2026-01-22T15:13:48.818Z  INFO 7881 --- [yow_point] [er-event-thread] kafka.controller.KafkaController         : [Controller id=0] Sending update metadata request
2026-01-22T15:13:48.822Z  INFO 7881 --- [yow_point] [er-event-thread] state.change.logger                      : [Controller id=0 epoch=1] Sending UpdateMetadata request to brokers HashSet(0) for 0 partitions
2026-01-22T15:13:48.835Z  INFO 7881 --- [yow_point] [er-event-thread] kafka.controller.ZkReplicaStateMachine   : [ReplicaStateMachine controllerId=0] Initializing replica state
2026-01-22T15:13:48.836Z  INFO 7881 --- [yow_point] [er-event-thread] kafka.controller.ZkReplicaStateMachine   : [ReplicaStateMachine controllerId=0] Triggering online replica state changes
2026-01-22T15:13:48.841Z  INFO 7881 --- [yow_point] [er-event-thread] kafka.controller.ZkReplicaStateMachine   : [ReplicaStateMachine controllerId=0] Triggering offline replica state changes
2026-01-22T15:13:48.842Z  INFO 7881 --- [yow_point] [-process-thread] icationListener$ChangeEventProcessThread : [/config/changes-event-process-thread]: Starting
2026-01-22T15:13:48.842Z  INFO 7881 --- [yow_point] [er-event-thread] k.controller.ZkPartitionStateMachine     : [PartitionStateMachine controllerId=0] Initializing partition state
2026-01-22T15:13:48.844Z  INFO 7881 --- [yow_point] [er-event-thread] k.controller.ZkPartitionStateMachine     : [PartitionStateMachine controllerId=0] Triggering online partition state changes
2026-01-22T15:13:48.851Z  INFO 7881 --- [yow_point] [r-0-send-thread] org.apache.kafka.clients.NetworkClient   : [Controller id=0, targetBrokerId=0] Node 0 disconnected.
2026-01-22T15:13:48.852Z  INFO 7881 --- [yow_point] [er-event-thread] kafka.controller.KafkaController         : [Controller id=0] Ready to serve as the new controller with epoch 1
2026-01-22T15:13:48.854Z  WARN 7881 --- [yow_point] [r-0-send-thread] org.apache.kafka.clients.NetworkClient   : [Controller id=0, targetBrokerId=0] Connection to node 0 (localhost/127.0.0.1:9092) could not be established. Node may not be available.
2026-01-22T15:13:48.861Z  INFO 7881 --- [yow_point] [er-event-thread] kafka.controller.KafkaController         : [Controller id=0] Partitions undergoing preferred replica election:
2026-01-22T15:13:48.862Z  INFO 7881 --- [yow_point] [er-event-thread] kafka.controller.KafkaController         : [Controller id=0] Partitions that completed preferred replica election:
2026-01-22T15:13:48.862Z  INFO 7881 --- [yow_point] [er-event-thread] kafka.controller.KafkaController         : [Controller id=0] Skipping preferred replica election for partitions due to topic deletion:
2026-01-22T15:13:48.856Z  WARN 7881 --- [yow_point] [r-0-send-thread] kafka.controller.RequestSendThread       : [RequestSendThread controllerId=0] Controller 0's connection to broker localhost:9092 (id: 0 rack: null) was unsuccessful

java.io.IOException: Connection to localhost:9092 (id: 0 rack: null) failed.
	at org.apache.kafka.clients.NetworkClientUtils.awaitReady(NetworkClientUtils.java:71) ~[kafka-clients-3.9.1.jar:na]
	at kafka.controller.RequestSendThread.brokerReady(ControllerChannelManager.scala:299) ~[kafka_2.13-3.9.1.jar:na]
	at kafka.controller.RequestSendThread.doWork(ControllerChannelManager.scala:252) ~[kafka_2.13-3.9.1.jar:na]
	at org.apache.kafka.server.util.ShutdownableThread.run(ShutdownableThread.java:136) ~[kafka-server-common-3.9.1.jar:na]

2026-01-22T15:13:48.865Z  INFO 7881 --- [yow_point] [er-event-thread] kafka.controller.KafkaController         : [Controller id=0] Resuming preferred replica election for partitions:
2026-01-22T15:13:48.866Z  INFO 7881 --- [yow_point] [r-0-send-thread] org.apache.kafka.clients.NetworkClient   : [Controller id=0, targetBrokerId=0] Client requested connection close from node 0
2026-01-22T15:13:48.867Z  INFO 7881 --- [yow_point] [er-event-thread] kafka.controller.KafkaController         : [Controller id=0] Starting replica leader election (PREFERRED) for partitions  triggered by ZkTriggered
2026-01-22T15:13:48.873Z  INFO 7881 --- [yow_point] [           main] kafka.network.SocketServer               : [SocketServer listenerType=ZK_BROKER, nodeId=0] Enabling request processing.
2026-01-22T15:13:48.875Z  INFO 7881 --- [yow_point] [           main] kafka.network.DataPlaneAcceptor          : Awaiting socket connections on localhost:9092.
2026-01-22T15:13:48.880Z  INFO 7881 --- [yow_point] [           main] kafka.server.KafkaServer                 : [KafkaServer id=0] Start processing authorizer futures
2026-01-22T15:13:48.881Z  INFO 7881 --- [yow_point] [           main] kafka.server.KafkaServer                 : [KafkaServer id=0] End processing authorizer futures
2026-01-22T15:13:48.881Z  INFO 7881 --- [yow_point] [           main] kafka.server.KafkaServer                 : [KafkaServer id=0] Start processing enable request processing future
2026-01-22T15:13:48.881Z  INFO 7881 --- [yow_point] [           main] kafka.server.KafkaServer                 : [KafkaServer id=0] End processing enable request processing future
2026-01-22T15:13:48.882Z  INFO 7881 --- [yow_point] [er-event-thread] kafka.controller.KafkaController         : [Controller id=0] Starting the controller scheduler
2026-01-22T15:13:48.884Z  INFO 7881 --- [yow_point] [           main] o.a.kafka.common.utils.AppInfoParser     : Kafka version: 3.9.1
2026-01-22T15:13:48.885Z  INFO 7881 --- [yow_point] [           main] o.a.kafka.common.utils.AppInfoParser     : Kafka commitId: f745dfdcee2b9851
2026-01-22T15:13:48.885Z  INFO 7881 --- [yow_point] [           main] o.a.kafka.common.utils.AppInfoParser     : Kafka startTimeMs: 1769094828882
2026-01-22T15:13:48.886Z  INFO 7881 --- [yow_point] [           main] kafka.server.KafkaServer                 : [KafkaServer id=0] started
2026-01-22T15:13:48.899Z  INFO 7881 --- [yow_point] [           main] o.a.k.clients.admin.AdminClientConfig    : AdminClientConfig values:
	auto.include.jmx.reporter = true
	bootstrap.controllers = []
	bootstrap.servers = [127.0.0.1:9092]
	client.dns.lookup = use_all_dns_ips
	client.id =
	connections.max.idle.ms = 300000
	default.api.timeout.ms = 60000
	enable.metrics.push = true
	metadata.max.age.ms = 300000
	metadata.recovery.strategy = none
	metric.reporters = []
	metrics.num.samples = 2
	metrics.recording.level = INFO
	metrics.sample.window.ms = 30000
	receive.buffer.bytes = 65536
	reconnect.backoff.max.ms = 1000
	reconnect.backoff.ms = 50
	request.timeout.ms = 30000
	retries = 2147483647
	retry.backoff.max.ms = 1000
	retry.backoff.ms = 100
	sasl.client.callback.handler.class = null
	sasl.jaas.config = null
	sasl.kerberos.kinit.cmd = /usr/bin/kinit
	sasl.kerberos.min.time.before.relogin = 60000
	sasl.kerberos.service.name = null
	sasl.kerberos.ticket.renew.jitter = 0.05
	sasl.kerberos.ticket.renew.window.factor = 0.8
	sasl.login.callback.handler.class = null
	sasl.login.class = null
	sasl.login.connect.timeout.ms = null
	sasl.login.read.timeout.ms = null
	sasl.login.refresh.buffer.seconds = 300
	sasl.login.refresh.min.period.seconds = 60
	sasl.login.refresh.window.factor = 0.8
	sasl.login.refresh.window.jitter = 0.05
	sasl.login.retry.backoff.max.ms = 10000
	sasl.login.retry.backoff.ms = 100
	sasl.mechanism = GSSAPI
	sasl.oauthbearer.clock.skew.seconds = 30
	sasl.oauthbearer.expected.audience = null
	sasl.oauthbearer.expected.issuer = null
	sasl.oauthbearer.header.urlencode = false
	sasl.oauthbearer.jwks.endpoint.refresh.ms = 3600000
	sasl.oauthbearer.jwks.endpoint.retry.backoff.max.ms = 10000
	sasl.oauthbearer.jwks.endpoint.retry.backoff.ms = 100
	sasl.oauthbearer.jwks.endpoint.url = null
	sasl.oauthbearer.scope.claim.name = scope
	sasl.oauthbearer.sub.claim.name = sub
	sasl.oauthbearer.token.endpoint.url = null
	security.protocol = PLAINTEXT
	security.providers = null
	send.buffer.bytes = 131072
	socket.connection.setup.timeout.max.ms = 30000
	socket.connection.setup.timeout.ms = 10000
	ssl.cipher.suites = null
	ssl.enabled.protocols = [TLSv1.2, TLSv1.3]
	ssl.endpoint.identification.algorithm = https
	ssl.engine.factory.class = null
	ssl.key.password = null
	ssl.keymanager.algorithm = SunX509
	ssl.keystore.certificate.chain = null
	ssl.keystore.key = null
	ssl.keystore.location = null
	ssl.keystore.password = null
	ssl.keystore.type = JKS
	ssl.protocol = TLSv1.3
	ssl.provider = null
	ssl.secure.random.implementation = null
	ssl.trustmanager.algorithm = PKIX
	ssl.truststore.certificates = null
	ssl.truststore.location = null
	ssl.truststore.password = null
	ssl.truststore.type = JKS

2026-01-22T15:13:48.932Z  INFO 7881 --- [yow_point] [           main] o.a.kafka.common.utils.AppInfoParser     : Kafka version: 3.9.1
2026-01-22T15:13:48.932Z  INFO 7881 --- [yow_point] [           main] o.a.kafka.common.utils.AppInfoParser     : Kafka commitId: f745dfdcee2b9851
2026-01-22T15:13:48.932Z  INFO 7881 --- [yow_point] [           main] o.a.kafka.common.utils.AppInfoParser     : Kafka startTimeMs: 1769094828932
2026-01-22T15:13:48.970Z  INFO 7881 --- [yow_point] [r-0-send-thread] kafka.controller.RequestSendThread       : [RequestSendThread controllerId=0] Controller 0 connected to localhost:9092 (id: 0 rack: null) for sending state change requests
2026-01-22T15:13:49.068Z  INFO 7881 --- [yow_point] [channel-manager] k.server.NodeToControllerRequestThread   : [zk-broker-0-to-controller-alter-partition-channel-manager]: Recorded new ZK controller, from now on will use node localhost:9092 (id: 0 rack: null)
2026-01-22T15:13:49.080Z  INFO 7881 --- [yow_point] [channel-manager] k.server.NodeToControllerRequestThread   : [zk-broker-0-to-controller-forwarding-channel-manager]: Recorded new ZK controller, from now on will use node localhost:9092 (id: 0 rack: null)
2026-01-22T15:13:49.090Z  INFO 7881 --- [yow_point] [quest-handler-4] kafka.zk.AdminZkClient                   : Creating topic poi-created with configuration {} and initial partition assignment HashMap(0 -> ArrayBuffer(0))
2026-01-22T15:13:49.125Z  INFO 7881 --- [yow_point] [er-event-thread] kafka.controller.KafkaController         : [Controller id=0] New topics: [Set(poi-created)], deleted topics: [HashSet()], new partition replica assignment [Set(TopicIdReplicaAssignment(poi-created,Some(1fm1mmboRSW8XJxSwcO3wQ),Map(poi-created-0 -> ReplicaAssignment(replicas=0, addingReplicas=, removingReplicas=))))]
2026-01-22T15:13:49.127Z  INFO 7881 --- [yow_point] [er-event-thread] kafka.controller.KafkaController         : [Controller id=0] New partition creation callback for poi-created-0
2026-01-22T15:13:49.130Z  INFO 7881 --- [yow_point] [er-event-thread] state.change.logger                      : [Controller id=0 epoch=1] Changed partition poi-created-0 state from NonExistentPartition to NewPartition with assigned replicas 0
2026-01-22T15:13:49.131Z  INFO 7881 --- [yow_point] [er-event-thread] state.change.logger                      : [Controller id=0 epoch=1] Sending UpdateMetadata request to brokers HashSet() for 0 partitions
2026-01-22T15:13:49.136Z  INFO 7881 --- [yow_point] [er-event-thread] state.change.logger                      : [Controller id=0 epoch=1] Sending UpdateMetadata request to brokers HashSet() for 0 partitions
2026-01-22T15:13:49.163Z  INFO 7881 --- [yow_point] [er-event-thread] state.change.logger                      : [Controller id=0 epoch=1] Changed partition poi-created-0 from NewPartition to OnlinePartition with state LeaderAndIsr(leader=0, leaderEpoch=0, isrWithBrokerEpoch=List(BrokerState(brokerId=0, brokerEpoch=-1)), leaderRecoveryState=RECOVERED, partitionEpoch=0)
2026-01-22T15:13:49.167Z  INFO 7881 --- [yow_point] [er-event-thread] state.change.logger                      : [Controller id=0 epoch=1] Sending LeaderAndIsr request to broker 0 with 1 become-leader and 0 become-follower partitions
2026-01-22T15:13:49.169Z  INFO 7881 --- [yow_point] [er-event-thread] state.change.logger                      : [Controller id=0 epoch=1] Sending UpdateMetadata request to brokers HashSet(0) for 1 partitions
2026-01-22T15:13:49.171Z  INFO 7881 --- [yow_point] [er-event-thread] state.change.logger                      : [Controller id=0 epoch=1] Sending UpdateMetadata request to brokers HashSet() for 0 partitions
2026-01-22T15:13:49.180Z  INFO 7881 --- [yow_point] [quest-handler-0] state.change.logger                      : [Broker id=0] Handling LeaderAndIsr request correlationId 1 from controller 0 for 1 partitions
2026-01-22T15:13:49.208Z  INFO 7881 --- [yow_point] [quest-handler-0] kafka.server.ReplicaFetcherManager       : [ReplicaFetcherManager on broker 0] Removed fetcher for partitions Set(poi-created-0)
2026-01-22T15:13:49.209Z  INFO 7881 --- [yow_point] [quest-handler-0] state.change.logger                      : [Broker id=0] Stopped fetchers as part of LeaderAndIsr request correlationId 1 from controller 0 epoch 1 as part of the become-leader transition for 1 partitions
2026-01-22T15:13:49.276Z  INFO 7881 --- [yow_point] [quest-handler-0] kafka.log.UnifiedLog$                    : [LogLoader partition=poi-created-0, dir=/tmp/spring.kafka.685a7386-0564-4d53-ab8c-c8edf5301d6c11073565135814378429] Loading producer state till offset 0 with message format version 2
2026-01-22T15:13:49.319Z  INFO 7881 --- [yow_point] [quest-handler-0] kafka.log.LogManager                     : Created log for partition poi-created-0 in /tmp/spring.kafka.685a7386-0564-4d53-ab8c-c8edf5301d6c11073565135814378429/poi-created-0 with properties {}
2026-01-22T15:13:49.321Z  INFO 7881 --- [yow_point] [quest-handler-0] kafka.cluster.Partition                  : [Partition poi-created-0 broker=0] No checkpointed highwatermark is found for partition poi-created-0
2026-01-22T15:13:49.324Z  INFO 7881 --- [yow_point] [quest-handler-0] kafka.cluster.Partition                  : [Partition poi-created-0 broker=0] Log loaded for partition poi-created-0 with initial high watermark 0
2026-01-22T15:13:49.327Z  INFO 7881 --- [yow_point] [quest-handler-0] state.change.logger                      : [Broker id=0] Leader poi-created-0 with topic id Some(1fm1mmboRSW8XJxSwcO3wQ) starts at leader epoch 0 from offset 0 with partition epoch 0, high watermark 0, ISR [0], adding replicas [] and removing replicas [] . Previous leader None and previous leader epoch was -1.
2026-01-22T15:13:49.344Z  INFO 7881 --- [yow_point] [quest-handler-0] state.change.logger                      : [Broker id=0] Finished LeaderAndIsr request in 166ms correlationId 1 from controller 0 for 1 partitions
2026-01-22T15:13:49.359Z  INFO 7881 --- [yow_point] [quest-handler-5] state.change.logger                      : [Broker id=0] Add 1 partitions and deleted 0 partitions from metadata cache in response to UpdateMetadata request sent by controller 0 epoch 1 with correlation id 2
2026-01-22T15:13:49.373Z  INFO 7881 --- [yow_point] [| adminclient-1] o.a.kafka.common.utils.AppInfoParser     : App info kafka.admin.client for adminclient-1 unregistered
2026-01-22T15:13:49.376Z  INFO 7881 --- [yow_point] [| adminclient-1] o.apache.kafka.common.metrics.Metrics    : Metrics scheduler closed
2026-01-22T15:13:49.376Z  INFO 7881 --- [yow_point] [| adminclient-1] o.apache.kafka.common.metrics.Metrics    : Closing reporter org.apache.kafka.common.metrics.JmxReporter
2026-01-22T15:13:49.376Z  INFO 7881 --- [yow_point] [| adminclient-1] o.apache.kafka.common.metrics.Metrics    : Metrics reporters closed
2026-01-22T15:13:49.390Z  INFO 7881 --- [yow_point] [           main] com.poi.yow_point.KafkaIntegrationTest   : Starting KafkaIntegrationTest using Java 21.0.8 with PID 7881 (started by jules in /app)
2026-01-22T15:13:49.391Z DEBUG 7881 --- [yow_point] [           main] com.poi.yow_point.KafkaIntegrationTest   : Running with Spring Boot v3.5.0, Spring v6.2.7
2026-01-22T15:13:49.392Z  INFO 7881 --- [yow_point] [           main] com.poi.yow_point.KafkaIntegrationTest   : The following 1 profile is active: "test"
2026-01-22T15:13:50.530Z  INFO 7881 --- [yow_point] [           main] .s.d.r.c.RepositoryConfigurationDelegate : Multiple Spring Data modules found, entering strict repository configuration mode
2026-01-22T15:13:50.532Z  INFO 7881 --- [yow_point] [           main] .s.d.r.c.RepositoryConfigurationDelegate : Bootstrapping Spring Data R2DBC repositories in DEFAULT mode.
2026-01-22T15:13:50.689Z  INFO 7881 --- [yow_point] [           main] .RepositoryConfigurationExtensionSupport : Spring Data R2DBC - Could not safely identify store assignment for repository candidate interface com.poi.yow_point.infrastructure.repositories.poiDocument.PoiDocumentRepository; If you want this repository to be a R2DBC repository, consider annotating your entities with one of these annotations: org.springframework.data.relational.core.mapping.Table (preferred), or consider extending one of the following types with your repository: org.springframework.data.r2dbc.repository.R2dbcRepository
2026-01-22T15:13:50.749Z  INFO 7881 --- [yow_point] [           main] .s.d.r.c.RepositoryConfigurationDelegate : Finished Spring Data repository scanning in 205 ms. Found 8 R2DBC repository interfaces.
2026-01-22T15:13:51.354Z  INFO 7881 --- [yow_point] [           main] .s.d.r.c.RepositoryConfigurationDelegate : Multiple Spring Data modules found, entering strict repository configuration mode
2026-01-22T15:13:51.356Z  INFO 7881 --- [yow_point] [           main] .s.d.r.c.RepositoryConfigurationDelegate : Bootstrapping Spring Data Redis repositories in DEFAULT mode.
2026-01-22T15:13:51.395Z  INFO 7881 --- [yow_point] [           main] .RepositoryConfigurationExtensionSupport : Spring Data Redis - Could not safely identify store assignment for repository candidate interface com.poi.yow_point.infrastructure.repositories.PointOfInterest.PointOfInterestRepository; If you want this repository to be a Redis repository, consider annotating your entities with one of these annotations: org.springframework.data.redis.core.RedisHash (preferred), or consider extending one of the following types with your repository: org.springframework.data.keyvalue.repository.KeyValueRepository
2026-01-22T15:13:51.396Z  INFO 7881 --- [yow_point] [           main] .RepositoryConfigurationExtensionSupport : Spring Data Redis - Could not safely identify store assignment for repository candidate interface com.poi.yow_point.infrastructure.repositories.appUser.AppUserRepository; If you want this repository to be a Redis repository, consider annotating your entities with one of these annotations: org.springframework.data.redis.core.RedisHash (preferred), or consider extending one of the following types with your repository: org.springframework.data.keyvalue.repository.KeyValueRepository
2026-01-22T15:13:51.396Z  INFO 7881 --- [yow_point] [           main] .RepositoryConfigurationExtensionSupport : Spring Data Redis - Could not safely identify store assignment for repository candidate interface com.poi.yow_point.infrastructure.repositories.blog.BlogRepository; If you want this repository to be a Redis repository, consider annotating your entities with one of these annotations: org.springframework.data.redis.core.RedisHash (preferred), or consider extending one of the following types with your repository: org.springframework.data.keyvalue.repository.KeyValueRepository
2026-01-22T15:13:51.397Z  INFO 7881 --- [yow_point] [           main] .RepositoryConfigurationExtensionSupport : Spring Data Redis - Could not safely identify store assignment for repository candidate interface com.poi.yow_point.infrastructure.repositories.organization.OrganizationRepository; If you want this repository to be a Redis repository, consider annotating your entities with one of these annotations: org.springframework.data.redis.core.RedisHash (preferred), or consider extending one of the following types with your repository: org.springframework.data.keyvalue.repository.KeyValueRepository
2026-01-22T15:13:51.397Z  INFO 7881 --- [yow_point] [           main] .RepositoryConfigurationExtensionSupport : Spring Data Redis - Could not safely identify store assignment for repository candidate interface com.poi.yow_point.infrastructure.repositories.podcast.PodcastRepository; If you want this repository to be a Redis repository, consider annotating your entities with one of these annotations: org.springframework.data.redis.core.RedisHash (preferred), or consider extending one of the following types with your repository: org.springframework.data.keyvalue.repository.KeyValueRepository
2026-01-22T15:13:51.397Z  INFO 7881 --- [yow_point] [           main] .RepositoryConfigurationExtensionSupport : Spring Data Redis - Could not safely identify store assignment for repository candidate interface com.poi.yow_point.infrastructure.repositories.poiAccessLog.PoiAccessLogRepository; If you want this repository to be a Redis repository, consider annotating your entities with one of these annotations: org.springframework.data.redis.core.RedisHash (preferred), or consider extending one of the following types with your repository: org.springframework.data.keyvalue.repository.KeyValueRepository
2026-01-22T15:13:51.397Z  INFO 7881 --- [yow_point] [           main] .RepositoryConfigurationExtensionSupport : Spring Data Redis - Could not safely identify store assignment for repository candidate interface com.poi.yow_point.infrastructure.repositories.poiDocument.PoiDocumentRepository; If you want this repository to be a Redis repository, consider annotating your entities with one of these annotations: org.springframework.data.redis.core.RedisHash (preferred), or consider extending one of the following types with your repository: org.springframework.data.keyvalue.repository.KeyValueRepository
2026-01-22T15:13:51.397Z  INFO 7881 --- [yow_point] [           main] .RepositoryConfigurationExtensionSupport : Spring Data Redis - Could not safely identify store assignment for repository candidate interface com.poi.yow_point.infrastructure.repositories.poiPlatformStat.PoiPlatformStatRepository; If you want this repository to be a Redis repository, consider annotating your entities with one of these annotations: org.springframework.data.redis.core.RedisHash (preferred), or consider extending one of the following types with your repository: org.springframework.data.keyvalue.repository.KeyValueRepository
2026-01-22T15:13:51.398Z  INFO 7881 --- [yow_point] [           main] .RepositoryConfigurationExtensionSupport : Spring Data Redis - Could not safely identify store assignment for repository candidate interface com.poi.yow_point.infrastructure.repositories.poiReview.PoiReviewRepository; If you want this repository to be a Redis repository, consider annotating your entities with one of these annotations: org.springframework.data.redis.core.RedisHash (preferred), or consider extending one of the following types with your repository: org.springframework.data.keyvalue.repository.KeyValueRepository
2026-01-22T15:13:51.398Z  INFO 7881 --- [yow_point] [           main] .s.d.r.c.RepositoryConfigurationDelegate : Finished Spring Data repository scanning in 28 ms. Found 0 Redis repository interfaces.
Mockito is currently self-attaching to enable the inline-mock-maker. This will no longer work in future releases of the JDK. Please add Mockito as an agent to your build as described in Mockito's documentation: https://javadoc.io/doc/org.mockito/mockito-core/latest/org.mockito/org/mockito/Mockito.html#0.3
OpenJDK 64-Bit Server VM warning: Sharing is only supported for boot loader classes because bootstrap classpath has been appended
WARNING: A Java agent has been loaded dynamically (/home/jules/.m2/repository/net/bytebuddy/byte-buddy-agent/1.17.5/byte-buddy-agent-1.17.5.jar)
WARNING: If a serviceability tool is in use, please run with -XX:+EnableDynamicAgentLoading to hide this warning
WARNING: If a serviceability tool is not in use, please run with -Djdk.instrument.traceUsage for more information
WARNING: Dynamic loading of agents will be disallowed by default in a future release
2026-01-22T15:13:53.884Z  INFO 7881 --- [yow_point] [er-event-thread] kafka.controller.KafkaController         : [Controller id=0] Processing automatic preferred replica leader election
2026-01-22T15:13:55.388Z  INFO 7881 --- [yow_point] [           main] ctiveUserDetailsServiceAutoConfiguration :

Using generated security password: 5209584e-cc7d-4e9b-bd63-c60b20b36af6

2026-01-22T15:13:57.131Z  INFO 7881 --- [yow_point] [           main] o.s.b.a.e.web.EndpointLinksResolver      : Exposing 1 endpoint beneath base path '/actuator'
2026-01-22T15:13:58.433Z  INFO 7881 --- [yow_point] [           main] o.a.k.clients.admin.AdminClientConfig    : AdminClientConfig values:
	auto.include.jmx.reporter = true
	bootstrap.controllers = []
	bootstrap.servers = [127.0.0.1:9092]
	client.dns.lookup = use_all_dns_ips
	client.id = yow_point-admin-0
	connections.max.idle.ms = 300000
	default.api.timeout.ms = 60000
	enable.metrics.push = true
	metadata.max.age.ms = 300000
	metadata.recovery.strategy = none
	metric.reporters = []
	metrics.num.samples = 2
	metrics.recording.level = INFO
	metrics.sample.window.ms = 30000
	receive.buffer.bytes = 65536
	reconnect.backoff.max.ms = 1000
	reconnect.backoff.ms = 50
	request.timeout.ms = 30000
	retries = 2147483647
	retry.backoff.max.ms = 1000
	retry.backoff.ms = 100
	sasl.client.callback.handler.class = null
	sasl.jaas.config = null
	sasl.kerberos.kinit.cmd = /usr/bin/kinit
	sasl.kerberos.min.time.before.relogin = 60000
	sasl.kerberos.service.name = null
	sasl.kerberos.ticket.renew.jitter = 0.05
	sasl.kerberos.ticket.renew.window.factor = 0.8
	sasl.login.callback.handler.class = null
	sasl.login.class = null
	sasl.login.connect.timeout.ms = null
	sasl.login.read.timeout.ms = null
	sasl.login.refresh.buffer.seconds = 300
	sasl.login.refresh.min.period.seconds = 60
	sasl.login.refresh.window.factor = 0.8
	sasl.login.refresh.window.jitter = 0.05
	sasl.login.retry.backoff.max.ms = 10000
	sasl.login.retry.backoff.ms = 100
	sasl.mechanism = GSSAPI
	sasl.oauthbearer.clock.skew.seconds = 30
	sasl.oauthbearer.expected.audience = null
	sasl.oauthbearer.expected.issuer = null
	sasl.oauthbearer.header.urlencode = false
	sasl.oauthbearer.jwks.endpoint.refresh.ms = 3600000
	sasl.oauthbearer.jwks.endpoint.retry.backoff.max.ms = 10000
	sasl.oauthbearer.jwks.endpoint.retry.backoff.ms = 100
	sasl.oauthbearer.jwks.endpoint.url = null
	sasl.oauthbearer.scope.claim.name = scope
	sasl.oauthbearer.sub.claim.name = sub
	sasl.oauthbearer.token.endpoint.url = null
	security.protocol = PLAINTEXT
	security.providers = null
	send.buffer.bytes = 131072
	socket.connection.setup.timeout.max.ms = 30000
	socket.connection.setup.timeout.ms = 10000
	ssl.cipher.suites = null
	ssl.enabled.protocols = [TLSv1.2, TLSv1.3]
	ssl.endpoint.identification.algorithm = https
	ssl.engine.factory.class = null
	ssl.key.password = null
	ssl.keymanager.algorithm = SunX509
	ssl.keystore.certificate.chain = null
	ssl.keystore.key = null
	ssl.keystore.location = null
	ssl.keystore.password = null
	ssl.keystore.type = JKS
	ssl.protocol = TLSv1.3
	ssl.provider = null
	ssl.secure.random.implementation = null
	ssl.trustmanager.algorithm = PKIX
	ssl.truststore.certificates = null
	ssl.truststore.location = null
	ssl.truststore.password = null
	ssl.truststore.type = JKS

2026-01-22T15:13:58.440Z  INFO 7881 --- [yow_point] [           main] o.a.kafka.common.utils.AppInfoParser     : Kafka version: 3.9.1
2026-01-22T15:13:58.440Z  INFO 7881 --- [yow_point] [           main] o.a.kafka.common.utils.AppInfoParser     : Kafka commitId: f745dfdcee2b9851
2026-01-22T15:13:58.440Z  INFO 7881 --- [yow_point] [           main] o.a.kafka.common.utils.AppInfoParser     : Kafka startTimeMs: 1769094838439
2026-01-22T15:13:58.533Z  INFO 7881 --- [yow_point] [quest-handler-3] kafka.zk.AdminZkClient                   : Creating topic poi-deleted with configuration {} and initial partition assignment HashMap(0 -> ArrayBuffer(0))
2026-01-22T15:13:58.556Z  INFO 7881 --- [yow_point] [er-event-thread] kafka.controller.KafkaController         : [Controller id=0] New topics: [Set(poi-deleted)], deleted topics: [HashSet()], new partition replica assignment [Set(TopicIdReplicaAssignment(poi-deleted,Some(eDBvenXnQ32VvqdETzUVpg),Map(poi-deleted-0 -> ReplicaAssignment(replicas=0, addingReplicas=, removingReplicas=))))]
2026-01-22T15:13:58.556Z  INFO 7881 --- [yow_point] [er-event-thread] kafka.controller.KafkaController         : [Controller id=0] New partition creation callback for poi-deleted-0
2026-01-22T15:13:58.557Z  INFO 7881 --- [yow_point] [er-event-thread] state.change.logger                      : [Controller id=0 epoch=1] Changed partition poi-deleted-0 state from NonExistentPartition to NewPartition with assigned replicas 0
2026-01-22T15:13:58.558Z  INFO 7881 --- [yow_point] [er-event-thread] state.change.logger                      : [Controller id=0 epoch=1] Sending UpdateMetadata request to brokers HashSet() for 0 partitions
2026-01-22T15:13:58.558Z  INFO 7881 --- [yow_point] [er-event-thread] state.change.logger                      : [Controller id=0 epoch=1] Sending UpdateMetadata request to brokers HashSet() for 0 partitions
2026-01-22T15:13:58.576Z  INFO 7881 --- [yow_point] [er-event-thread] state.change.logger                      : [Controller id=0 epoch=1] Changed partition poi-deleted-0 from NewPartition to OnlinePartition with state LeaderAndIsr(leader=0, leaderEpoch=0, isrWithBrokerEpoch=List(BrokerState(brokerId=0, brokerEpoch=-1)), leaderRecoveryState=RECOVERED, partitionEpoch=0)
2026-01-22T15:13:58.577Z  INFO 7881 --- [yow_point] [er-event-thread] state.change.logger                      : [Controller id=0 epoch=1] Sending LeaderAndIsr request to broker 0 with 1 become-leader and 0 become-follower partitions
2026-01-22T15:13:58.577Z  INFO 7881 --- [yow_point] [quest-handler-3] kafka.zk.AdminZkClient                   : Creating topic poi-updated with configuration {} and initial partition assignment HashMap(0 -> ArrayBuffer(0))
2026-01-22T15:13:58.578Z  INFO 7881 --- [yow_point] [er-event-thread] state.change.logger                      : [Controller id=0 epoch=1] Sending UpdateMetadata request to brokers HashSet(0) for 1 partitions
2026-01-22T15:13:58.578Z  INFO 7881 --- [yow_point] [er-event-thread] state.change.logger                      : [Controller id=0 epoch=1] Sending UpdateMetadata request to brokers HashSet() for 0 partitions
2026-01-22T15:13:58.581Z  INFO 7881 --- [yow_point] [quest-handler-5] state.change.logger                      : [Broker id=0] Handling LeaderAndIsr request correlationId 3 from controller 0 for 1 partitions
2026-01-22T15:13:58.585Z  INFO 7881 --- [yow_point] [quest-handler-5] kafka.server.ReplicaFetcherManager       : [ReplicaFetcherManager on broker 0] Removed fetcher for partitions Set(poi-deleted-0)
2026-01-22T15:13:58.585Z  INFO 7881 --- [yow_point] [quest-handler-5] state.change.logger                      : [Broker id=0] Stopped fetchers as part of LeaderAndIsr request correlationId 3 from controller 0 epoch 1 as part of the become-leader transition for 1 partitions
2026-01-22T15:13:58.594Z  INFO 7881 --- [yow_point] [er-event-thread] kafka.controller.KafkaController         : [Controller id=0] New topics: [Set(poi-updated)], deleted topics: [HashSet()], new partition replica assignment [Set(TopicIdReplicaAssignment(poi-updated,Some(QZc00E4CR4mnvvmEZUCP6A),Map(poi-updated-0 -> ReplicaAssignment(replicas=0, addingReplicas=, removingReplicas=))))]
2026-01-22T15:13:58.594Z  INFO 7881 --- [yow_point] [quest-handler-5] kafka.log.UnifiedLog$                    : [LogLoader partition=poi-deleted-0, dir=/tmp/spring.kafka.685a7386-0564-4d53-ab8c-c8edf5301d6c11073565135814378429] Loading producer state till offset 0 with message format version 2
2026-01-22T15:13:58.594Z  INFO 7881 --- [yow_point] [er-event-thread] kafka.controller.KafkaController         : [Controller id=0] New partition creation callback for poi-updated-0
2026-01-22T15:13:58.595Z  INFO 7881 --- [yow_point] [er-event-thread] state.change.logger                      : [Controller id=0 epoch=1] Changed partition poi-updated-0 state from NonExistentPartition to NewPartition with assigned replicas 0
2026-01-22T15:13:58.595Z  INFO 7881 --- [yow_point] [er-event-thread] state.change.logger                      : [Controller id=0 epoch=1] Sending UpdateMetadata request to brokers HashSet() for 0 partitions
2026-01-22T15:13:58.596Z  INFO 7881 --- [yow_point] [er-event-thread] state.change.logger                      : [Controller id=0 epoch=1] Sending UpdateMetadata request to brokers HashSet() for 0 partitions
2026-01-22T15:13:58.596Z  INFO 7881 --- [yow_point] [quest-handler-5] kafka.log.LogManager                     : Created log for partition poi-deleted-0 in /tmp/spring.kafka.685a7386-0564-4d53-ab8c-c8edf5301d6c11073565135814378429/poi-deleted-0 with properties {}
2026-01-22T15:13:58.598Z  INFO 7881 --- [yow_point] [quest-handler-5] kafka.cluster.Partition                  : [Partition poi-deleted-0 broker=0] No checkpointed highwatermark is found for partition poi-deleted-0
2026-01-22T15:13:58.599Z  INFO 7881 --- [yow_point] [quest-handler-5] kafka.cluster.Partition                  : [Partition poi-deleted-0 broker=0] Log loaded for partition poi-deleted-0 with initial high watermark 0
2026-01-22T15:13:58.600Z  INFO 7881 --- [yow_point] [quest-handler-5] state.change.logger                      : [Broker id=0] Leader poi-deleted-0 with topic id Some(eDBvenXnQ32VvqdETzUVpg) starts at leader epoch 0 from offset 0 with partition epoch 0, high watermark 0, ISR [0], adding replicas [] and removing replicas [] . Previous leader None and previous leader epoch was -1.
2026-01-22T15:13:58.604Z  INFO 7881 --- [yow_point] [quest-handler-5] state.change.logger                      : [Broker id=0] Finished LeaderAndIsr request in 23ms correlationId 3 from controller 0 for 1 partitions
2026-01-22T15:13:58.609Z  INFO 7881 --- [yow_point] [quest-handler-4] state.change.logger                      : [Broker id=0] Add 1 partitions and deleted 0 partitions from metadata cache in response to UpdateMetadata request sent by controller 0 epoch 1 with correlation id 4
2026-01-22T15:13:58.609Z  INFO 7881 --- [yow_point] [er-event-thread] state.change.logger                      : [Controller id=0 epoch=1] Changed partition poi-updated-0 from NewPartition to OnlinePartition with state LeaderAndIsr(leader=0, leaderEpoch=0, isrWithBrokerEpoch=List(BrokerState(brokerId=0, brokerEpoch=-1)), leaderRecoveryState=RECOVERED, partitionEpoch=0)
2026-01-22T15:13:58.610Z  INFO 7881 --- [yow_point] [er-event-thread] state.change.logger                      : [Controller id=0 epoch=1] Sending LeaderAndIsr request to broker 0 with 1 become-leader and 0 become-follower partitions
2026-01-22T15:13:58.610Z  INFO 7881 --- [yow_point] [er-event-thread] state.change.logger                      : [Controller id=0 epoch=1] Sending UpdateMetadata request to brokers HashSet(0) for 1 partitions
2026-01-22T15:13:58.611Z  INFO 7881 --- [yow_point] [er-event-thread] state.change.logger                      : [Controller id=0 epoch=1] Sending UpdateMetadata request to brokers HashSet() for 0 partitions
2026-01-22T15:13:58.612Z  INFO 7881 --- [yow_point] [quest-handler-7] state.change.logger                      : [Broker id=0] Handling LeaderAndIsr request correlationId 5 from controller 0 for 1 partitions
2026-01-22T15:13:58.615Z  INFO 7881 --- [yow_point] [quest-handler-7] kafka.server.ReplicaFetcherManager       : [ReplicaFetcherManager on broker 0] Removed fetcher for partitions Set(poi-updated-0)
2026-01-22T15:13:58.615Z  INFO 7881 --- [yow_point] [quest-handler-7] state.change.logger                      : [Broker id=0] Stopped fetchers as part of LeaderAndIsr request correlationId 5 from controller 0 epoch 1 as part of the become-leader transition for 1 partitions
2026-01-22T15:13:58.624Z  INFO 7881 --- [yow_point] [quest-handler-7] kafka.log.UnifiedLog$                    : [LogLoader partition=poi-updated-0, dir=/tmp/spring.kafka.685a7386-0564-4d53-ab8c-c8edf5301d6c11073565135814378429] Loading producer state till offset 0 with message format version 2
2026-01-22T15:13:58.628Z  INFO 7881 --- [yow_point] [quest-handler-7] kafka.log.LogManager                     : Created log for partition poi-updated-0 in /tmp/spring.kafka.685a7386-0564-4d53-ab8c-c8edf5301d6c11073565135814378429/poi-updated-0 with properties {}
2026-01-22T15:13:58.629Z  INFO 7881 --- [yow_point] [quest-handler-7] kafka.cluster.Partition                  : [Partition poi-updated-0 broker=0] No checkpointed highwatermark is found for partition poi-updated-0
2026-01-22T15:13:58.629Z  INFO 7881 --- [yow_point] [quest-handler-7] kafka.cluster.Partition                  : [Partition poi-updated-0 broker=0] Log loaded for partition poi-updated-0 with initial high watermark 0
2026-01-22T15:13:58.629Z  INFO 7881 --- [yow_point] [quest-handler-7] state.change.logger                      : [Broker id=0] Leader poi-updated-0 with topic id Some(QZc00E4CR4mnvvmEZUCP6A) starts at leader epoch 0 from offset 0 with partition epoch 0, high watermark 0, ISR [0], adding replicas [] and removing replicas [] . Previous leader None and previous leader epoch was -1.
2026-01-22T15:13:58.636Z  INFO 7881 --- [yow_point] [quest-handler-7] state.change.logger                      : [Broker id=0] Finished LeaderAndIsr request in 24ms correlationId 5 from controller 0 for 1 partitions
2026-01-22T15:13:58.640Z  INFO 7881 --- [yow_point] [quest-handler-6] state.change.logger                      : [Broker id=0] Add 1 partitions and deleted 0 partitions from metadata cache in response to UpdateMetadata request sent by controller 0 epoch 1 with correlation id 6
2026-01-22T15:13:58.649Z  INFO 7881 --- [yow_point] [w_point-admin-0] o.a.kafka.common.utils.AppInfoParser     : App info kafka.admin.client for yow_point-admin-0 unregistered
2026-01-22T15:13:58.656Z  INFO 7881 --- [yow_point] [w_point-admin-0] o.apache.kafka.common.metrics.Metrics    : Metrics scheduler closed
2026-01-22T15:13:58.656Z  INFO 7881 --- [yow_point] [w_point-admin-0] o.apache.kafka.common.metrics.Metrics    : Closing reporter org.apache.kafka.common.metrics.JmxReporter
2026-01-22T15:13:58.656Z  INFO 7881 --- [yow_point] [w_point-admin-0] o.apache.kafka.common.metrics.Metrics    : Metrics reporters closed
2026-01-22T15:13:58.870Z  INFO 7881 --- [yow_point] [           main] o.a.k.clients.consumer.ConsumerConfig    : ConsumerConfig values:
	allow.auto.create.topics = true
	auto.commit.interval.ms = 5000
	auto.include.jmx.reporter = true
	auto.offset.reset = latest
	bootstrap.servers = [127.0.0.1:9092]
	check.crcs = true
	client.dns.lookup = use_all_dns_ips
	client.id = consumer-yow_point_group-1
	client.rack =
	connections.max.idle.ms = 540000
	default.api.timeout.ms = 60000
	enable.auto.commit = false
	enable.metrics.push = true
	exclude.internal.topics = true
	fetch.max.bytes = 52428800
	fetch.max.wait.ms = 500
	fetch.min.bytes = 1
	group.id = yow_point_group
	group.instance.id = null
	group.protocol = classic
	group.remote.assignor = null
	heartbeat.interval.ms = 3000
	interceptor.classes = []
	internal.leave.group.on.close = true
	internal.throw.on.fetch.stable.offset.unsupported = false
	isolation.level = read_uncommitted
	key.deserializer = class org.apache.kafka.common.serialization.StringDeserializer
	max.partition.fetch.bytes = 1048576
	max.poll.interval.ms = 300000
	max.poll.records = 500
	metadata.max.age.ms = 300000
	metadata.recovery.strategy = none
	metric.reporters = []
	metrics.num.samples = 2
	metrics.recording.level = INFO
	metrics.sample.window.ms = 30000
	partition.assignment.strategy = [class org.apache.kafka.clients.consumer.RangeAssignor, class org.apache.kafka.clients.consumer.CooperativeStickyAssignor]
	receive.buffer.bytes = 65536
	reconnect.backoff.max.ms = 1000
	reconnect.backoff.ms = 50
	request.timeout.ms = 30000
	retry.backoff.max.ms = 1000
	retry.backoff.ms = 100
	sasl.client.callback.handler.class = null
	sasl.jaas.config = null
	sasl.kerberos.kinit.cmd = /usr/bin/kinit
	sasl.kerberos.min.time.before.relogin = 60000
	sasl.kerberos.service.name = null
	sasl.kerberos.ticket.renew.jitter = 0.05
	sasl.kerberos.ticket.renew.window.factor = 0.8
	sasl.login.callback.handler.class = null
	sasl.login.class = null
	sasl.login.connect.timeout.ms = null
	sasl.login.read.timeout.ms = null
	sasl.login.refresh.buffer.seconds = 300
	sasl.login.refresh.min.period.seconds = 60
	sasl.login.refresh.window.factor = 0.8
	sasl.login.refresh.window.jitter = 0.05
	sasl.login.retry.backoff.max.ms = 10000
	sasl.login.retry.backoff.ms = 100
	sasl.mechanism = GSSAPI
	sasl.oauthbearer.clock.skew.seconds = 30
	sasl.oauthbearer.expected.audience = null
	sasl.oauthbearer.expected.issuer = null
	sasl.oauthbearer.header.urlencode = false
	sasl.oauthbearer.jwks.endpoint.refresh.ms = 3600000
	sasl.oauthbearer.jwks.endpoint.retry.backoff.max.ms = 10000
	sasl.oauthbearer.jwks.endpoint.retry.backoff.ms = 100
	sasl.oauthbearer.jwks.endpoint.url = null
	sasl.oauthbearer.scope.claim.name = scope
	sasl.oauthbearer.sub.claim.name = sub
	sasl.oauthbearer.token.endpoint.url = null
	security.protocol = PLAINTEXT
	security.providers = null
	send.buffer.bytes = 131072
	session.timeout.ms = 45000
	socket.connection.setup.timeout.max.ms = 30000
	socket.connection.setup.timeout.ms = 10000
	ssl.cipher.suites = null
	ssl.enabled.protocols = [TLSv1.2, TLSv1.3]
	ssl.endpoint.identification.algorithm = https
	ssl.engine.factory.class = null
	ssl.key.password = null
	ssl.keymanager.algorithm = SunX509
	ssl.keystore.certificate.chain = null
	ssl.keystore.key = null
	ssl.keystore.location = null
	ssl.keystore.password = null
	ssl.keystore.type = JKS
	ssl.protocol = TLSv1.3
	ssl.provider = null
	ssl.secure.random.implementation = null
	ssl.trustmanager.algorithm = PKIX
	ssl.truststore.certificates = null
	ssl.truststore.location = null
	ssl.truststore.password = null
	ssl.truststore.type = JKS
	value.deserializer = class org.springframework.kafka.support.serializer.JsonDeserializer

2026-01-22T15:13:58.964Z  INFO 7881 --- [yow_point] [           main] o.a.k.c.t.i.KafkaMetricsCollector        : initializing Kafka metrics collector
2026-01-22T15:13:59.040Z  INFO 7881 --- [yow_point] [           main] o.a.k.clients.consumer.ConsumerConfig    : These configurations '[spring.json.trusted.packages, spring.json.value.default.type]' were supplied but are not used yet.
2026-01-22T15:13:59.041Z  INFO 7881 --- [yow_point] [           main] o.a.kafka.common.utils.AppInfoParser     : Kafka version: 3.9.1
2026-01-22T15:13:59.041Z  INFO 7881 --- [yow_point] [           main] o.a.kafka.common.utils.AppInfoParser     : Kafka commitId: f745dfdcee2b9851
2026-01-22T15:13:59.041Z  INFO 7881 --- [yow_point] [           main] o.a.kafka.common.utils.AppInfoParser     : Kafka startTimeMs: 1769094839041
2026-01-22T15:13:59.044Z  INFO 7881 --- [yow_point] [           main] o.a.k.c.c.i.ClassicKafkaConsumer         : [Consumer clientId=consumer-yow_point_group-1, groupId=yow_point_group] Subscribed to topic(s): poi-deleted
2026-01-22T15:13:59.063Z  INFO 7881 --- [yow_point] [           main] o.a.k.clients.consumer.ConsumerConfig    : ConsumerConfig values:
	allow.auto.create.topics = true
	auto.commit.interval.ms = 5000
	auto.include.jmx.reporter = true
	auto.offset.reset = latest
	bootstrap.servers = [127.0.0.1:9092]
	check.crcs = true
	client.dns.lookup = use_all_dns_ips
	client.id = consumer-test-group-2
	client.rack =
	connections.max.idle.ms = 540000
	default.api.timeout.ms = 60000
	enable.auto.commit = false
	enable.metrics.push = true
	exclude.internal.topics = true
	fetch.max.bytes = 52428800
	fetch.max.wait.ms = 500
	fetch.min.bytes = 1
	group.id = test-group
	group.instance.id = null
	group.protocol = classic
	group.remote.assignor = null
	heartbeat.interval.ms = 3000
	interceptor.classes = []
	internal.leave.group.on.close = true
	internal.throw.on.fetch.stable.offset.unsupported = false
	isolation.level = read_uncommitted
	key.deserializer = class org.apache.kafka.common.serialization.StringDeserializer
	max.partition.fetch.bytes = 1048576
	max.poll.interval.ms = 300000
	max.poll.records = 500
	metadata.max.age.ms = 300000
	metadata.recovery.strategy = none
	metric.reporters = []
	metrics.num.samples = 2
	metrics.recording.level = INFO
	metrics.sample.window.ms = 30000
	partition.assignment.strategy = [class org.apache.kafka.clients.consumer.RangeAssignor, class org.apache.kafka.clients.consumer.CooperativeStickyAssignor]
	receive.buffer.bytes = 65536
	reconnect.backoff.max.ms = 1000
	reconnect.backoff.ms = 50
	request.timeout.ms = 30000
	retry.backoff.max.ms = 1000
	retry.backoff.ms = 100
	sasl.client.callback.handler.class = null
	sasl.jaas.config = null
	sasl.kerberos.kinit.cmd = /usr/bin/kinit
	sasl.kerberos.min.time.before.relogin = 60000
	sasl.kerberos.service.name = null
	sasl.kerberos.ticket.renew.jitter = 0.05
	sasl.kerberos.ticket.renew.window.factor = 0.8
	sasl.login.callback.handler.class = null
	sasl.login.class = null
	sasl.login.connect.timeout.ms = null
	sasl.login.read.timeout.ms = null
	sasl.login.refresh.buffer.seconds = 300
	sasl.login.refresh.min.period.seconds = 60
	sasl.login.refresh.window.factor = 0.8
	sasl.login.refresh.window.jitter = 0.05
	sasl.login.retry.backoff.max.ms = 10000
	sasl.login.retry.backoff.ms = 100
	sasl.mechanism = GSSAPI
	sasl.oauthbearer.clock.skew.seconds = 30
	sasl.oauthbearer.expected.audience = null
	sasl.oauthbearer.expected.issuer = null
	sasl.oauthbearer.header.urlencode = false
	sasl.oauthbearer.jwks.endpoint.refresh.ms = 3600000
	sasl.oauthbearer.jwks.endpoint.retry.backoff.max.ms = 10000
	sasl.oauthbearer.jwks.endpoint.retry.backoff.ms = 100
	sasl.oauthbearer.jwks.endpoint.url = null
	sasl.oauthbearer.scope.claim.name = scope
	sasl.oauthbearer.sub.claim.name = sub
	sasl.oauthbearer.token.endpoint.url = null
	security.protocol = PLAINTEXT
	security.providers = null
	send.buffer.bytes = 131072
	session.timeout.ms = 45000
	socket.connection.setup.timeout.max.ms = 30000
	socket.connection.setup.timeout.ms = 10000
	ssl.cipher.suites = null
	ssl.enabled.protocols = [TLSv1.2, TLSv1.3]
	ssl.endpoint.identification.algorithm = https
	ssl.engine.factory.class = null
	ssl.key.password = null
	ssl.keymanager.algorithm = SunX509
	ssl.keystore.certificate.chain = null
	ssl.keystore.key = null
	ssl.keystore.location = null
	ssl.keystore.password = null
	ssl.keystore.type = JKS
	ssl.protocol = TLSv1.3
	ssl.provider = null
	ssl.secure.random.implementation = null
	ssl.trustmanager.algorithm = PKIX
	ssl.truststore.certificates = null
	ssl.truststore.location = null
	ssl.truststore.password = null
	ssl.truststore.type = JKS
	value.deserializer = class org.springframework.kafka.support.serializer.JsonDeserializer

2026-01-22T15:13:59.064Z  INFO 7881 --- [yow_point] [           main] o.a.k.c.t.i.KafkaMetricsCollector        : initializing Kafka metrics collector
2026-01-22T15:13:59.071Z  INFO 7881 --- [yow_point] [           main] o.a.k.clients.consumer.ConsumerConfig    : These configurations '[spring.json.trusted.packages, spring.json.value.default.type]' were supplied but are not used yet.
2026-01-22T15:13:59.071Z  INFO 7881 --- [yow_point] [           main] o.a.kafka.common.utils.AppInfoParser     : Kafka version: 3.9.1
2026-01-22T15:13:59.071Z  INFO 7881 --- [yow_point] [           main] o.a.kafka.common.utils.AppInfoParser     : Kafka commitId: f745dfdcee2b9851
2026-01-22T15:13:59.071Z  INFO 7881 --- [yow_point] [           main] o.a.kafka.common.utils.AppInfoParser     : Kafka startTimeMs: 1769094839071
2026-01-22T15:13:59.071Z  INFO 7881 --- [yow_point] [           main] o.a.k.c.c.i.ClassicKafkaConsumer         : [Consumer clientId=consumer-test-group-2, groupId=test-group] Subscribed to topic(s): poi-created
2026-01-22T15:13:59.078Z  INFO 7881 --- [yow_point] [           main] o.a.k.clients.consumer.ConsumerConfig    : ConsumerConfig values:
	allow.auto.create.topics = true
	auto.commit.interval.ms = 5000
	auto.include.jmx.reporter = true
	auto.offset.reset = latest
	bootstrap.servers = [127.0.0.1:9092]
	check.crcs = true
	client.dns.lookup = use_all_dns_ips
	client.id = consumer-yow_point_group-3
	client.rack =
	connections.max.idle.ms = 540000
	default.api.timeout.ms = 60000
	enable.auto.commit = false
	enable.metrics.push = true
	exclude.internal.topics = true
	fetch.max.bytes = 52428800
	fetch.max.wait.ms = 500
	fetch.min.bytes = 1
	group.id = yow_point_group
	group.instance.id = null
	group.protocol = classic
	group.remote.assignor = null
	heartbeat.interval.ms = 3000
	interceptor.classes = []
	internal.leave.group.on.close = true
	internal.throw.on.fetch.stable.offset.unsupported = false
	isolation.level = read_uncommitted
	key.deserializer = class org.apache.kafka.common.serialization.StringDeserializer
	max.partition.fetch.bytes = 1048576
	max.poll.interval.ms = 300000
	max.poll.records = 500
	metadata.max.age.ms = 300000
	metadata.recovery.strategy = none
	metric.reporters = []
	metrics.num.samples = 2
	metrics.recording.level = INFO
	metrics.sample.window.ms = 30000
	partition.assignment.strategy = [class org.apache.kafka.clients.consumer.RangeAssignor, class org.apache.kafka.clients.consumer.CooperativeStickyAssignor]
	receive.buffer.bytes = 65536
	reconnect.backoff.max.ms = 1000
	reconnect.backoff.ms = 50
	request.timeout.ms = 30000
	retry.backoff.max.ms = 1000
	retry.backoff.ms = 100
	sasl.client.callback.handler.class = null
	sasl.jaas.config = null
	sasl.kerberos.kinit.cmd = /usr/bin/kinit
	sasl.kerberos.min.time.before.relogin = 60000
	sasl.kerberos.service.name = null
	sasl.kerberos.ticket.renew.jitter = 0.05
	sasl.kerberos.ticket.renew.window.factor = 0.8
	sasl.login.callback.handler.class = null
	sasl.login.class = null
	sasl.login.connect.timeout.ms = null
	sasl.login.read.timeout.ms = null
	sasl.login.refresh.buffer.seconds = 300
	sasl.login.refresh.min.period.seconds = 60
	sasl.login.refresh.window.factor = 0.8
	sasl.login.refresh.window.jitter = 0.05
	sasl.login.retry.backoff.max.ms = 10000
	sasl.login.retry.backoff.ms = 100
	sasl.mechanism = GSSAPI
	sasl.oauthbearer.clock.skew.seconds = 30
	sasl.oauthbearer.expected.audience = null
	sasl.oauthbearer.expected.issuer = null
	sasl.oauthbearer.header.urlencode = false
	sasl.oauthbearer.jwks.endpoint.refresh.ms = 3600000
	sasl.oauthbearer.jwks.endpoint.retry.backoff.max.ms = 10000
	sasl.oauthbearer.jwks.endpoint.retry.backoff.ms = 100
	sasl.oauthbearer.jwks.endpoint.url = null
	sasl.oauthbearer.scope.claim.name = scope
	sasl.oauthbearer.sub.claim.name = sub
	sasl.oauthbearer.token.endpoint.url = null
	security.protocol = PLAINTEXT
	security.providers = null
	send.buffer.bytes = 131072
	session.timeout.ms = 45000
	socket.connection.setup.timeout.max.ms = 30000
	socket.connection.setup.timeout.ms = 10000
	ssl.cipher.suites = null
	ssl.enabled.protocols = [TLSv1.2, TLSv1.3]
	ssl.endpoint.identification.algorithm = https
	ssl.engine.factory.class = null
	ssl.key.password = null
	ssl.keymanager.algorithm = SunX509
	ssl.keystore.certificate.chain = null
	ssl.keystore.key = null
	ssl.keystore.location = null
	ssl.keystore.password = null
	ssl.keystore.type = JKS
	ssl.protocol = TLSv1.3
	ssl.provider = null
	ssl.secure.random.implementation = null
	ssl.trustmanager.algorithm = PKIX
	ssl.truststore.certificates = null
	ssl.truststore.location = null
	ssl.truststore.password = null
	ssl.truststore.type = JKS
	value.deserializer = class org.springframework.kafka.support.serializer.JsonDeserializer

2026-01-22T15:13:59.079Z  INFO 7881 --- [yow_point] [           main] o.a.k.c.t.i.KafkaMetricsCollector        : initializing Kafka metrics collector
2026-01-22T15:13:59.085Z  INFO 7881 --- [yow_point] [           main] o.a.k.clients.consumer.ConsumerConfig    : These configurations '[spring.json.trusted.packages, spring.json.value.default.type]' were supplied but are not used yet.
2026-01-22T15:13:59.085Z  INFO 7881 --- [yow_point] [           main] o.a.kafka.common.utils.AppInfoParser     : Kafka version: 3.9.1
2026-01-22T15:13:59.085Z  INFO 7881 --- [yow_point] [           main] o.a.kafka.common.utils.AppInfoParser     : Kafka commitId: f745dfdcee2b9851
2026-01-22T15:13:59.085Z  INFO 7881 --- [yow_point] [           main] o.a.kafka.common.utils.AppInfoParser     : Kafka startTimeMs: 1769094839085
2026-01-22T15:13:59.086Z  INFO 7881 --- [yow_point] [           main] o.a.k.c.c.i.ClassicKafkaConsumer         : [Consumer clientId=consumer-yow_point_group-3, groupId=yow_point_group] Subscribed to topic(s): poi-created
2026-01-22T15:13:59.089Z  INFO 7881 --- [yow_point] [ntainer#2-0-C-1] org.apache.kafka.clients.Metadata        : [Consumer clientId=consumer-yow_point_group-1, groupId=yow_point_group] Cluster ID: y-TkHMKCT8WMqFqsVzSS1w
2026-01-22T15:13:59.092Z  INFO 7881 --- [yow_point] [           main] o.a.k.clients.consumer.ConsumerConfig    : ConsumerConfig values:
	allow.auto.create.topics = true
	auto.commit.interval.ms = 5000
	auto.include.jmx.reporter = true
	auto.offset.reset = latest
	bootstrap.servers = [127.0.0.1:9092]
	check.crcs = true
	client.dns.lookup = use_all_dns_ips
	client.id = consumer-yow_point_group-4
	client.rack =
	connections.max.idle.ms = 540000
	default.api.timeout.ms = 60000
	enable.auto.commit = false
	enable.metrics.push = true
	exclude.internal.topics = true
	fetch.max.bytes = 52428800
	fetch.max.wait.ms = 500
	fetch.min.bytes = 1
	group.id = yow_point_group
	group.instance.id = null
	group.protocol = classic
	group.remote.assignor = null
	heartbeat.interval.ms = 3000
	interceptor.classes = []
	internal.leave.group.on.close = true
	internal.throw.on.fetch.stable.offset.unsupported = false
	isolation.level = read_uncommitted
	key.deserializer = class org.apache.kafka.common.serialization.StringDeserializer
	max.partition.fetch.bytes = 1048576
	max.poll.interval.ms = 300000
	max.poll.records = 500
	metadata.max.age.ms = 300000
	metadata.recovery.strategy = none
	metric.reporters = []
	metrics.num.samples = 2
	metrics.recording.level = INFO
	metrics.sample.window.ms = 30000
	partition.assignment.strategy = [class org.apache.kafka.clients.consumer.RangeAssignor, class org.apache.kafka.clients.consumer.CooperativeStickyAssignor]
	receive.buffer.bytes = 65536
	reconnect.backoff.max.ms = 1000
	reconnect.backoff.ms = 50
	request.timeout.ms = 30000
	retry.backoff.max.ms = 1000
	retry.backoff.ms = 100
	sasl.client.callback.handler.class = null
	sasl.jaas.config = null
	sasl.kerberos.kinit.cmd = /usr/bin/kinit
	sasl.kerberos.min.time.before.relogin = 60000
	sasl.kerberos.service.name = null
	sasl.kerberos.ticket.renew.jitter = 0.05
	sasl.kerberos.ticket.renew.window.factor = 0.8
	sasl.login.callback.handler.class = null
	sasl.login.class = null
	sasl.login.connect.timeout.ms = null
	sasl.login.read.timeout.ms = null
	sasl.login.refresh.buffer.seconds = 300
	sasl.login.refresh.min.period.seconds = 60
	sasl.login.refresh.window.factor = 0.8
	sasl.login.refresh.window.jitter = 0.05
	sasl.login.retry.backoff.max.ms = 10000
	sasl.login.retry.backoff.ms = 100
	sasl.mechanism = GSSAPI
	sasl.oauthbearer.clock.skew.seconds = 30
	sasl.oauthbearer.expected.audience = null
	sasl.oauthbearer.expected.issuer = null
	sasl.oauthbearer.header.urlencode = false
	sasl.oauthbearer.jwks.endpoint.refresh.ms = 3600000
	sasl.oauthbearer.jwks.endpoint.retry.backoff.max.ms = 10000
	sasl.oauthbearer.jwks.endpoint.retry.backoff.ms = 100
	sasl.oauthbearer.jwks.endpoint.url = null
	sasl.oauthbearer.scope.claim.name = scope
	sasl.oauthbearer.sub.claim.name = sub
	sasl.oauthbearer.token.endpoint.url = null
	security.protocol = PLAINTEXT
	security.providers = null
	send.buffer.bytes = 131072
	session.timeout.ms = 45000
	socket.connection.setup.timeout.max.ms = 30000
	socket.connection.setup.timeout.ms = 10000
	ssl.cipher.suites = null
	ssl.enabled.protocols = [TLSv1.2, TLSv1.3]
	ssl.endpoint.identification.algorithm = https
	ssl.engine.factory.class = null
	ssl.key.password = null
	ssl.keymanager.algorithm = SunX509
	ssl.keystore.certificate.chain = null
	ssl.keystore.key = null
	ssl.keystore.location = null
	ssl.keystore.password = null
	ssl.keystore.type = JKS
	ssl.protocol = TLSv1.3
	ssl.provider = null
	ssl.secure.random.implementation = null
	ssl.trustmanager.algorithm = PKIX
	ssl.truststore.certificates = null
	ssl.truststore.location = null
	ssl.truststore.password = null
	ssl.truststore.type = JKS
	value.deserializer = class org.springframework.kafka.support.serializer.JsonDeserializer

2026-01-22T15:13:59.093Z  INFO 7881 --- [yow_point] [           main] o.a.k.c.t.i.KafkaMetricsCollector        : initializing Kafka metrics collector
2026-01-22T15:13:59.096Z  INFO 7881 --- [yow_point] [ntainer#3-0-C-1] org.apache.kafka.clients.Metadata        : [Consumer clientId=consumer-test-group-2, groupId=test-group] Cluster ID: y-TkHMKCT8WMqFqsVzSS1w
2026-01-22T15:13:59.102Z  INFO 7881 --- [yow_point] [           main] o.a.k.clients.consumer.ConsumerConfig    : These configurations '[spring.json.trusted.packages, spring.json.value.default.type]' were supplied but are not used yet.
2026-01-22T15:13:59.102Z  INFO 7881 --- [yow_point] [quest-handler-3] kafka.zk.AdminZkClient                   : Creating topic __consumer_offsets with configuration {compression.type=producer, cleanup.policy=compact, segment.bytes=104857600} and initial partition assignment HashMap(0 -> ArrayBuffer(0), 1 -> ArrayBuffer(0), 2 -> ArrayBuffer(0), 3 -> ArrayBuffer(0), 4 -> ArrayBuffer(0))
2026-01-22T15:13:59.102Z  INFO 7881 --- [yow_point] [           main] o.a.kafka.common.utils.AppInfoParser     : Kafka version: 3.9.1
2026-01-22T15:13:59.102Z  INFO 7881 --- [yow_point] [           main] o.a.kafka.common.utils.AppInfoParser     : Kafka commitId: f745dfdcee2b9851
2026-01-22T15:13:59.102Z  INFO 7881 --- [yow_point] [           main] o.a.kafka.common.utils.AppInfoParser     : Kafka startTimeMs: 1769094839102
2026-01-22T15:13:59.103Z  INFO 7881 --- [yow_point] [           main] o.a.k.c.c.i.ClassicKafkaConsumer         : [Consumer clientId=consumer-yow_point_group-4, groupId=yow_point_group] Subscribed to topic(s): poi-updated
2026-01-22T15:13:59.109Z  INFO 7881 --- [yow_point] [ntainer#0-0-C-1] org.apache.kafka.clients.Metadata        : [Consumer clientId=consumer-yow_point_group-3, groupId=yow_point_group] Cluster ID: y-TkHMKCT8WMqFqsVzSS1w
2026-01-22T15:13:59.123Z  INFO 7881 --- [yow_point] [er-event-thread] kafka.controller.KafkaController         : [Controller id=0] New topics: [Set(__consumer_offsets)], deleted topics: [HashSet()], new partition replica assignment [Set(TopicIdReplicaAssignment(__consumer_offsets,Some(HY2MJZMiQc66V5xxoQWRQg),HashMap(__consumer_offsets-4 -> ReplicaAssignment(replicas=0, addingReplicas=, removingReplicas=), __consumer_offsets-3 -> ReplicaAssignment(replicas=0, addingReplicas=, removingReplicas=), __consumer_offsets-2 -> ReplicaAssignment(replicas=0, addingReplicas=, removingReplicas=), __consumer_offsets-0 -> ReplicaAssignment(replicas=0, addingReplicas=, removingReplicas=), __consumer_offsets-1 -> ReplicaAssignment(replicas=0, addingReplicas=, removingReplicas=))))]
2026-01-22T15:13:59.124Z  INFO 7881 --- [yow_point] [er-event-thread] kafka.controller.KafkaController         : [Controller id=0] New partition creation callback for __consumer_offsets-4,__consumer_offsets-3,__consumer_offsets-2,__consumer_offsets-0,__consumer_offsets-1
2026-01-22T15:13:59.125Z  INFO 7881 --- [yow_point] [er-event-thread] state.change.logger                      : [Controller id=0 epoch=1] Changed partition __consumer_offsets-4 state from NonExistentPartition to NewPartition with assigned replicas 0
2026-01-22T15:13:59.125Z  INFO 7881 --- [yow_point] [er-event-thread] state.change.logger                      : [Controller id=0 epoch=1] Changed partition __consumer_offsets-3 state from NonExistentPartition to NewPartition with assigned replicas 0
2026-01-22T15:13:59.125Z  INFO 7881 --- [yow_point] [er-event-thread] state.change.logger                      : [Controller id=0 epoch=1] Changed partition __consumer_offsets-2 state from NonExistentPartition to NewPartition with assigned replicas 0
2026-01-22T15:13:59.125Z  INFO 7881 --- [yow_point] [er-event-thread] state.change.logger                      : [Controller id=0 epoch=1] Changed partition __consumer_offsets-0 state from NonExistentPartition to NewPartition with assigned replicas 0
2026-01-22T15:13:59.125Z  INFO 7881 --- [yow_point] [er-event-thread] state.change.logger                      : [Controller id=0 epoch=1] Changed partition __consumer_offsets-1 state from NonExistentPartition to NewPartition with assigned replicas 0
2026-01-22T15:13:59.125Z  INFO 7881 --- [yow_point] [er-event-thread] state.change.logger                      : [Controller id=0 epoch=1] Sending UpdateMetadata request to brokers HashSet() for 0 partitions
2026-01-22T15:13:59.126Z  INFO 7881 --- [yow_point] [er-event-thread] state.change.logger                      : [Controller id=0 epoch=1] Sending UpdateMetadata request to brokers HashSet() for 0 partitions
2026-01-22T15:13:59.128Z  INFO 7881 --- [yow_point] [ntainer#1-0-C-1] org.apache.kafka.clients.Metadata        : [Consumer clientId=consumer-yow_point_group-4, groupId=yow_point_group] Cluster ID: y-TkHMKCT8WMqFqsVzSS1w
2026-01-22T15:13:59.148Z  INFO 7881 --- [yow_point] [er-event-thread] state.change.logger                      : [Controller id=0 epoch=1] Changed partition __consumer_offsets-4 from NewPartition to OnlinePartition with state LeaderAndIsr(leader=0, leaderEpoch=0, isrWithBrokerEpoch=List(BrokerState(brokerId=0, brokerEpoch=-1)), leaderRecoveryState=RECOVERED, partitionEpoch=0)
2026-01-22T15:13:59.148Z  INFO 7881 --- [yow_point] [er-event-thread] state.change.logger                      : [Controller id=0 epoch=1] Changed partition __consumer_offsets-3 from NewPartition to OnlinePartition with state LeaderAndIsr(leader=0, leaderEpoch=0, isrWithBrokerEpoch=List(BrokerState(brokerId=0, brokerEpoch=-1)), leaderRecoveryState=RECOVERED, partitionEpoch=0)
2026-01-22T15:13:59.149Z  INFO 7881 --- [yow_point] [er-event-thread] state.change.logger                      : [Controller id=0 epoch=1] Changed partition __consumer_offsets-2 from NewPartition to OnlinePartition with state LeaderAndIsr(leader=0, leaderEpoch=0, isrWithBrokerEpoch=List(BrokerState(brokerId=0, brokerEpoch=-1)), leaderRecoveryState=RECOVERED, partitionEpoch=0)
2026-01-22T15:13:59.149Z  INFO 7881 --- [yow_point] [er-event-thread] state.change.logger                      : [Controller id=0 epoch=1] Changed partition __consumer_offsets-0 from NewPartition to OnlinePartition with state LeaderAndIsr(leader=0, leaderEpoch=0, isrWithBrokerEpoch=List(BrokerState(brokerId=0, brokerEpoch=-1)), leaderRecoveryState=RECOVERED, partitionEpoch=0)
2026-01-22T15:13:59.149Z  INFO 7881 --- [yow_point] [er-event-thread] state.change.logger                      : [Controller id=0 epoch=1] Changed partition __consumer_offsets-1 from NewPartition to OnlinePartition with state LeaderAndIsr(leader=0, leaderEpoch=0, isrWithBrokerEpoch=List(BrokerState(brokerId=0, brokerEpoch=-1)), leaderRecoveryState=RECOVERED, partitionEpoch=0)
2026-01-22T15:13:59.149Z  INFO 7881 --- [yow_point] [er-event-thread] state.change.logger                      : [Controller id=0 epoch=1] Sending LeaderAndIsr request to broker 0 with 5 become-leader and 0 become-follower partitions
2026-01-22T15:13:59.149Z  INFO 7881 --- [yow_point] [er-event-thread] state.change.logger                      : [Controller id=0 epoch=1] Sending UpdateMetadata request to brokers HashSet(0) for 5 partitions
2026-01-22T15:13:59.151Z  INFO 7881 --- [yow_point] [er-event-thread] state.change.logger                      : [Controller id=0 epoch=1] Sending UpdateMetadata request to brokers HashSet() for 0 partitions
2026-01-22T15:13:59.152Z  INFO 7881 --- [yow_point] [quest-handler-7] state.change.logger                      : [Broker id=0] Handling LeaderAndIsr request correlationId 7 from controller 0 for 5 partitions
2026-01-22T15:13:59.155Z  INFO 7881 --- [yow_point] [quest-handler-7] kafka.server.ReplicaFetcherManager       : [ReplicaFetcherManager on broker 0] Removed fetcher for partitions HashSet(__consumer_offsets-4, __consumer_offsets-3, __consumer_offsets-2, __consumer_offsets-0, __consumer_offsets-1)
2026-01-22T15:13:59.155Z  INFO 7881 --- [yow_point] [quest-handler-7] state.change.logger                      : [Broker id=0] Stopped fetchers as part of LeaderAndIsr request correlationId 7 from controller 0 epoch 1 as part of the become-leader transition for 5 partitions
2026-01-22T15:13:59.156Z  INFO 7881 --- [yow_point] [           main] com.poi.yow_point.KafkaIntegrationTest   : Started KafkaIntegrationTest in 13.704 seconds (process running for 15.306)
2026-01-22T15:13:59.167Z  INFO 7881 --- [yow_point] [quest-handler-7] kafka.log.UnifiedLog$                    : [LogLoader partition=__consumer_offsets-3, dir=/tmp/spring.kafka.685a7386-0564-4d53-ab8c-c8edf5301d6c11073565135814378429] Loading producer state till offset 0 with message format version 2
2026-01-22T15:13:59.172Z  INFO 7881 --- [yow_point] [quest-handler-7] kafka.log.LogManager                     : Created log for partition __consumer_offsets-3 in /tmp/spring.kafka.685a7386-0564-4d53-ab8c-c8edf5301d6c11073565135814378429/__consumer_offsets-3 with properties {cleanup.policy=compact, compression.type="producer", segment.bytes=104857600}
2026-01-22T15:13:59.173Z  INFO 7881 --- [yow_point] [quest-handler-7] kafka.cluster.Partition                  : [Partition __consumer_offsets-3 broker=0] No checkpointed highwatermark is found for partition __consumer_offsets-3
2026-01-22T15:13:59.173Z  INFO 7881 --- [yow_point] [quest-handler-7] kafka.cluster.Partition                  : [Partition __consumer_offsets-3 broker=0] Log loaded for partition __consumer_offsets-3 with initial high watermark 0
2026-01-22T15:13:59.173Z  INFO 7881 --- [yow_point] [quest-handler-7] state.change.logger                      : [Broker id=0] Leader __consumer_offsets-3 with topic id Some(HY2MJZMiQc66V5xxoQWRQg) starts at leader epoch 0 from offset 0 with partition epoch 0, high watermark 0, ISR [0], adding replicas [] and removing replicas [] . Previous leader None and previous leader epoch was -1.
2026-01-22T15:13:59.183Z  INFO 7881 --- [yow_point] [quest-handler-7] kafka.log.UnifiedLog$                    : [LogLoader partition=__consumer_offsets-2, dir=/tmp/spring.kafka.685a7386-0564-4d53-ab8c-c8edf5301d6c11073565135814378429] Loading producer state till offset 0 with message format version 2
2026-01-22T15:13:59.186Z  INFO 7881 --- [yow_point] [quest-handler-7] kafka.log.LogManager                     : Created log for partition __consumer_offsets-2 in /tmp/spring.kafka.685a7386-0564-4d53-ab8c-c8edf5301d6c11073565135814378429/__consumer_offsets-2 with properties {cleanup.policy=compact, compression.type="producer", segment.bytes=104857600}
2026-01-22T15:13:59.186Z  INFO 7881 --- [yow_point] [quest-handler-7] kafka.cluster.Partition                  : [Partition __consumer_offsets-2 broker=0] No checkpointed highwatermark is found for partition __consumer_offsets-2
2026-01-22T15:13:59.186Z  INFO 7881 --- [yow_point] [quest-handler-7] kafka.cluster.Partition                  : [Partition __consumer_offsets-2 broker=0] Log loaded for partition __consumer_offsets-2 with initial high watermark 0
2026-01-22T15:13:59.187Z  INFO 7881 --- [yow_point] [quest-handler-7] state.change.logger                      : [Broker id=0] Leader __consumer_offsets-2 with topic id Some(HY2MJZMiQc66V5xxoQWRQg) starts at leader epoch 0 from offset 0 with partition epoch 0, high watermark 0, ISR [0], adding replicas [] and removing replicas [] . Previous leader None and previous leader epoch was -1.
2026-01-22T15:13:59.202Z  INFO 7881 --- [yow_point] [quest-handler-7] kafka.log.UnifiedLog$                    : [LogLoader partition=__consumer_offsets-4, dir=/tmp/spring.kafka.685a7386-0564-4d53-ab8c-c8edf5301d6c11073565135814378429] Loading producer state till offset 0 with message format version 2
2026-01-22T15:13:59.204Z  INFO 7881 --- [yow_point] [quest-handler-7] kafka.log.LogManager                     : Created log for partition __consumer_offsets-4 in /tmp/spring.kafka.685a7386-0564-4d53-ab8c-c8edf5301d6c11073565135814378429/__consumer_offsets-4 with properties {cleanup.policy=compact, compression.type="producer", segment.bytes=104857600}
2026-01-22T15:13:59.205Z  INFO 7881 --- [yow_point] [quest-handler-7] kafka.cluster.Partition                  : [Partition __consumer_offsets-4 broker=0] No checkpointed highwatermark is found for partition __consumer_offsets-4
2026-01-22T15:13:59.205Z  INFO 7881 --- [yow_point] [quest-handler-7] kafka.cluster.Partition                  : [Partition __consumer_offsets-4 broker=0] Log loaded for partition __consumer_offsets-4 with initial high watermark 0
2026-01-22T15:13:59.205Z  INFO 7881 --- [yow_point] [quest-handler-7] state.change.logger                      : [Broker id=0] Leader __consumer_offsets-4 with topic id Some(HY2MJZMiQc66V5xxoQWRQg) starts at leader epoch 0 from offset 0 with partition epoch 0, high watermark 0, ISR [0], adding replicas [] and removing replicas [] . Previous leader None and previous leader epoch was -1.
2026-01-22T15:13:59.225Z  INFO 7881 --- [yow_point] [quest-handler-7] kafka.log.UnifiedLog$                    : [LogLoader partition=__consumer_offsets-1, dir=/tmp/spring.kafka.685a7386-0564-4d53-ab8c-c8edf5301d6c11073565135814378429] Loading producer state till offset 0 with message format version 2
2026-01-22T15:13:59.227Z  INFO 7881 --- [yow_point] [quest-handler-7] kafka.log.LogManager                     : Created log for partition __consumer_offsets-1 in /tmp/spring.kafka.685a7386-0564-4d53-ab8c-c8edf5301d6c11073565135814378429/__consumer_offsets-1 with properties {cleanup.policy=compact, compression.type="producer", segment.bytes=104857600}
2026-01-22T15:13:59.228Z  INFO 7881 --- [yow_point] [quest-handler-7] kafka.cluster.Partition                  : [Partition __consumer_offsets-1 broker=0] No checkpointed highwatermark is found for partition __consumer_offsets-1
2026-01-22T15:13:59.228Z  INFO 7881 --- [yow_point] [quest-handler-7] kafka.cluster.Partition                  : [Partition __consumer_offsets-1 broker=0] Log loaded for partition __consumer_offsets-1 with initial high watermark 0
2026-01-22T15:13:59.228Z  INFO 7881 --- [yow_point] [quest-handler-7] state.change.logger                      : [Broker id=0] Leader __consumer_offsets-1 with topic id Some(HY2MJZMiQc66V5xxoQWRQg) starts at leader epoch 0 from offset 0 with partition epoch 0, high watermark 0, ISR [0], adding replicas [] and removing replicas [] . Previous leader None and previous leader epoch was -1.
2026-01-22T15:13:59.252Z  INFO 7881 --- [yow_point] [quest-handler-7] kafka.log.UnifiedLog$                    : [LogLoader partition=__consumer_offsets-0, dir=/tmp/spring.kafka.685a7386-0564-4d53-ab8c-c8edf5301d6c11073565135814378429] Loading producer state till offset 0 with message format version 2
2026-01-22T15:13:59.256Z  INFO 7881 --- [yow_point] [quest-handler-7] kafka.log.LogManager                     : Created log for partition __consumer_offsets-0 in /tmp/spring.kafka.685a7386-0564-4d53-ab8c-c8edf5301d6c11073565135814378429/__consumer_offsets-0 with properties {cleanup.policy=compact, compression.type="producer", segment.bytes=104857600}
2026-01-22T15:13:59.258Z  INFO 7881 --- [yow_point] [quest-handler-7] kafka.cluster.Partition                  : [Partition __consumer_offsets-0 broker=0] No checkpointed highwatermark is found for partition __consumer_offsets-0
2026-01-22T15:13:59.258Z  INFO 7881 --- [yow_point] [quest-handler-7] kafka.cluster.Partition                  : [Partition __consumer_offsets-0 broker=0] Log loaded for partition __consumer_offsets-0 with initial high watermark 0
2026-01-22T15:13:59.258Z  INFO 7881 --- [yow_point] [quest-handler-7] state.change.logger                      : [Broker id=0] Leader __consumer_offsets-0 with topic id Some(HY2MJZMiQc66V5xxoQWRQg) starts at leader epoch 0 from offset 0 with partition epoch 0, high watermark 0, ISR [0], adding replicas [] and removing replicas [] . Previous leader None and previous leader epoch was -1.
2026-01-22T15:13:59.263Z  INFO 7881 --- [yow_point] [quest-handler-7] k.coordinator.group.GroupCoordinator     : [GroupCoordinator 0]: Elected as the group coordinator for partition 3 in epoch 0
2026-01-22T15:13:59.264Z  INFO 7881 --- [yow_point] [quest-handler-7] k.c.group.GroupMetadataManager           : [GroupMetadataManager brokerId=0] Scheduling loading of offsets and group metadata from __consumer_offsets-3 for epoch 0
2026-01-22T15:13:59.267Z  INFO 7881 --- [yow_point] [quest-handler-7] k.coordinator.group.GroupCoordinator     : [GroupCoordinator 0]: Elected as the group coordinator for partition 2 in epoch 0
2026-01-22T15:13:59.269Z  INFO 7881 --- [yow_point] [quest-handler-7] k.c.group.GroupMetadataManager           : [GroupMetadataManager brokerId=0] Scheduling loading of offsets and group metadata from __consumer_offsets-2 for epoch 0
2026-01-22T15:13:59.270Z  INFO 7881 --- [yow_point] [quest-handler-7] k.coordinator.group.GroupCoordinator     : [GroupCoordinator 0]: Elected as the group coordinator for partition 4 in epoch 0
2026-01-22T15:13:59.270Z  INFO 7881 --- [yow_point] [quest-handler-7] k.c.group.GroupMetadataManager           : [GroupMetadataManager brokerId=0] Scheduling loading of offsets and group metadata from __consumer_offsets-4 for epoch 0
2026-01-22T15:13:59.270Z  INFO 7881 --- [yow_point] [quest-handler-7] k.coordinator.group.GroupCoordinator     : [GroupCoordinator 0]: Elected as the group coordinator for partition 1 in epoch 0
2026-01-22T15:13:59.270Z  INFO 7881 --- [yow_point] [quest-handler-7] k.c.group.GroupMetadataManager           : [GroupMetadataManager brokerId=0] Scheduling loading of offsets and group metadata from __consumer_offsets-1 for epoch 0
2026-01-22T15:13:59.270Z  INFO 7881 --- [yow_point] [quest-handler-7] k.coordinator.group.GroupCoordinator     : [GroupCoordinator 0]: Elected as the group coordinator for partition 0 in epoch 0
2026-01-22T15:13:59.270Z  INFO 7881 --- [yow_point] [quest-handler-7] k.c.group.GroupMetadataManager           : [GroupMetadataManager brokerId=0] Scheduling loading of offsets and group metadata from __consumer_offsets-0 for epoch 0
2026-01-22T15:13:59.271Z  INFO 7881 --- [yow_point] [quest-handler-7] state.change.logger                      : [Broker id=0] Finished LeaderAndIsr request in 119ms correlationId 7 from controller 0 for 5 partitions
2026-01-22T15:13:59.275Z  INFO 7881 --- [yow_point] [quest-handler-5] state.change.logger                      : [Broker id=0] Add 5 partitions and deleted 0 partitions from metadata cache in response to UpdateMetadata request sent by controller 0 epoch 1 with correlation id 8
2026-01-22T15:13:59.283Z  INFO 7881 --- [yow_point] [ntainer#1-0-C-1] o.a.k.c.c.internals.ConsumerCoordinator  : [Consumer clientId=consumer-yow_point_group-4, groupId=yow_point_group] Discovered group coordinator localhost:9092 (id: 2147483647 rack: null)
2026-01-22T15:13:59.287Z  INFO 7881 --- [yow_point] [adata-manager-0] k.c.group.GroupMetadataManager           : [GroupMetadataManager brokerId=0] Finished loading offsets and group metadata from __consumer_offsets-3 in 17 milliseconds for epoch 0, of which 5 milliseconds was spent in the scheduler.
2026-01-22T15:13:59.292Z  INFO 7881 --- [yow_point] [adata-manager-0] k.c.group.GroupMetadataManager           : [GroupMetadataManager brokerId=0] Finished loading offsets and group metadata from __consumer_offsets-2 in 22 milliseconds for epoch 0, of which 21 milliseconds was spent in the scheduler.
2026-01-22T15:13:59.292Z  INFO 7881 --- [yow_point] [adata-manager-0] k.c.group.GroupMetadataManager           : [GroupMetadataManager brokerId=0] Finished loading offsets and group metadata from __consumer_offsets-4 in 22 milliseconds for epoch 0, of which 22 milliseconds was spent in the scheduler.
2026-01-22T15:13:59.293Z  INFO 7881 --- [yow_point] [adata-manager-0] k.c.group.GroupMetadataManager           : [GroupMetadataManager brokerId=0] Finished loading offsets and group metadata from __consumer_offsets-1 in 23 milliseconds for epoch 0, of which 23 milliseconds was spent in the scheduler.
2026-01-22T15:13:59.293Z  INFO 7881 --- [yow_point] [adata-manager-0] k.c.group.GroupMetadataManager           : [GroupMetadataManager brokerId=0] Finished loading offsets and group metadata from __consumer_offsets-0 in 22 milliseconds for epoch 0, of which 22 milliseconds was spent in the scheduler.
2026-01-22T15:13:59.295Z  INFO 7881 --- [yow_point] [ntainer#1-0-C-1] o.a.k.c.c.internals.ConsumerCoordinator  : [Consumer clientId=consumer-yow_point_group-4, groupId=yow_point_group] (Re-)joining group
2026-01-22T15:13:59.325Z  WARN 7881 --- [yow_point] [           main] io.r2dbc.h2.H2Connection                 : Option{name='readOnly', sensitive=false} + isn't supported in H2 at the transaction level. You must set it on conenction URL. See http://www.h2database.com/html/features.html#read_only
2026-01-22T15:13:59.344Z  INFO 7881 --- [yow_point] [quest-handler-2] k.coordinator.group.GroupCoordinator     : [GroupCoordinator 0]: Dynamic member with unknown member id joins group yow_point_group in Empty state. Created a new member id consumer-yow_point_group-4-42da9d47-9701-4d65-adef-7b07b3495606 and request the member to rejoin with this id.
2026-01-22T15:13:59.346Z  INFO 7881 --- [yow_point] [           main] c.p.y.a.s.p.PointOfInterestServiceImpl   : POI created successfully with ID: bd879fb0-b403-4fb8-a960-490ab6027a93. Publishing WebSocket event...
2026-01-22T15:13:59.352Z  INFO 7881 --- [yow_point] [ntainer#1-0-C-1] o.a.k.c.c.internals.ConsumerCoordinator  : [Consumer clientId=consumer-yow_point_group-4, groupId=yow_point_group] Request joining group due to: need to re-join with the given member-id: consumer-yow_point_group-4-42da9d47-9701-4d65-adef-7b07b3495606
2026-01-22T15:13:59.353Z  INFO 7881 --- [yow_point] [ntainer#1-0-C-1] o.a.k.c.c.internals.ConsumerCoordinator  : [Consumer clientId=consumer-yow_point_group-4, groupId=yow_point_group] (Re-)joining group
2026-01-22T15:13:59.366Z  INFO 7881 --- [yow_point] [           main] o.a.k.clients.producer.ProducerConfig    : ProducerConfig values:
	acks = -1
	auto.include.jmx.reporter = true
	batch.size = 16384
	bootstrap.servers = [127.0.0.1:9092]
	buffer.memory = 33554432
	client.dns.lookup = use_all_dns_ips
	client.id = yow_point-producer-1
	compression.gzip.level = -1
	compression.lz4.level = 9
	compression.type = none
	compression.zstd.level = 3
	connections.max.idle.ms = 540000
	delivery.timeout.ms = 120000
	enable.idempotence = true
	enable.metrics.push = true
	interceptor.classes = []
	key.serializer = class org.apache.kafka.common.serialization.StringSerializer
	linger.ms = 0
	max.block.ms = 60000
	max.in.flight.requests.per.connection = 5
	max.request.size = 1048576
	metadata.max.age.ms = 300000
	metadata.max.idle.ms = 300000
	metadata.recovery.strategy = none
	metric.reporters = []
	metrics.num.samples = 2
	metrics.recording.level = INFO
	metrics.sample.window.ms = 30000
	partitioner.adaptive.partitioning.enable = true
	partitioner.availability.timeout.ms = 0
	partitioner.class = null
	partitioner.ignore.keys = false
	receive.buffer.bytes = 32768
	reconnect.backoff.max.ms = 1000
	reconnect.backoff.ms = 50
	request.timeout.ms = 30000
	retries = 2147483647
	retry.backoff.max.ms = 1000
	retry.backoff.ms = 100
	sasl.client.callback.handler.class = null
	sasl.jaas.config = null
	sasl.kerberos.kinit.cmd = /usr/bin/kinit
	sasl.kerberos.min.time.before.relogin = 60000
	sasl.kerberos.service.name = null
	sasl.kerberos.ticket.renew.jitter = 0.05
	sasl.kerberos.ticket.renew.window.factor = 0.8
	sasl.login.callback.handler.class = null
	sasl.login.class = null
	sasl.login.connect.timeout.ms = null
	sasl.login.read.timeout.ms = null
	sasl.login.refresh.buffer.seconds = 300
	sasl.login.refresh.min.period.seconds = 60
	sasl.login.refresh.window.factor = 0.8
	sasl.login.refresh.window.jitter = 0.05
	sasl.login.retry.backoff.max.ms = 10000
	sasl.login.retry.backoff.ms = 100
	sasl.mechanism = GSSAPI
	sasl.oauthbearer.clock.skew.seconds = 30
	sasl.oauthbearer.expected.audience = null
	sasl.oauthbearer.expected.issuer = null
	sasl.oauthbearer.header.urlencode = false
	sasl.oauthbearer.jwks.endpoint.refresh.ms = 3600000
	sasl.oauthbearer.jwks.endpoint.retry.backoff.max.ms = 10000
	sasl.oauthbearer.jwks.endpoint.retry.backoff.ms = 100
	sasl.oauthbearer.jwks.endpoint.url = null
	sasl.oauthbearer.scope.claim.name = scope
	sasl.oauthbearer.sub.claim.name = sub
	sasl.oauthbearer.token.endpoint.url = null
	security.protocol = PLAINTEXT
	security.providers = null
	send.buffer.bytes = 131072
	socket.connection.setup.timeout.max.ms = 30000
	socket.connection.setup.timeout.ms = 10000
	ssl.cipher.suites = null
	ssl.enabled.protocols = [TLSv1.2, TLSv1.3]
	ssl.endpoint.identification.algorithm = https
	ssl.engine.factory.class = null
	ssl.key.password = null
	ssl.keymanager.algorithm = SunX509
	ssl.keystore.certificate.chain = null
	ssl.keystore.key = null
	ssl.keystore.location = null
	ssl.keystore.password = null
	ssl.keystore.type = JKS
	ssl.protocol = TLSv1.3
	ssl.provider = null
	ssl.secure.random.implementation = null
	ssl.trustmanager.algorithm = PKIX
	ssl.truststore.certificates = null
	ssl.truststore.location = null
	ssl.truststore.password = null
	ssl.truststore.type = JKS
	transaction.timeout.ms = 60000
	transactional.id = null
	value.serializer = class org.springframework.kafka.support.serializer.JsonSerializer

2026-01-22T15:13:59.368Z  INFO 7881 --- [yow_point] [           main] o.a.k.c.t.i.KafkaMetricsCollector        : initializing Kafka metrics collector
2026-01-22T15:13:59.373Z  INFO 7881 --- [yow_point] [quest-handler-6] k.coordinator.group.GroupCoordinator     : [GroupCoordinator 0]: Preparing to rebalance group yow_point_group in state PreparingRebalance with old generation 0 (__consumer_offsets-4) (reason: Adding new member consumer-yow_point_group-4-42da9d47-9701-4d65-adef-7b07b3495606 with group instance id None; client reason: need to re-join with the given member-id: consumer-yow_point_group-4-42da9d47-9701-4d65-adef-7b07b3495606)
2026-01-22T15:13:59.382Z  INFO 7881 --- [yow_point] [           main] o.a.k.clients.producer.KafkaProducer     : [Producer clientId=yow_point-producer-1] Instantiated an idempotent producer.
2026-01-22T15:13:59.388Z  INFO 7881 --- [yow_point] [cutor-Rebalance] k.coordinator.group.GroupCoordinator     : [GroupCoordinator 0]: Stabilized group yow_point_group generation 1 (__consumer_offsets-4) with 1 members
2026-01-22T15:13:59.391Z  INFO 7881 --- [yow_point] [ntainer#1-0-C-1] o.a.k.c.c.internals.ConsumerCoordinator  : [Consumer clientId=consumer-yow_point_group-4, groupId=yow_point_group] Successfully joined group with generation Generation{generationId=1, memberId='consumer-yow_point_group-4-42da9d47-9701-4d65-adef-7b07b3495606', protocol='range'}
2026-01-22T15:13:59.409Z  INFO 7881 --- [yow_point] [ntainer#1-0-C-1] o.a.k.c.c.internals.ConsumerCoordinator  : [Consumer clientId=consumer-yow_point_group-4, groupId=yow_point_group] Finished assignment for group at generation 1: {consumer-yow_point_group-4-42da9d47-9701-4d65-adef-7b07b3495606=Assignment(partitions=[poi-updated-0])}
2026-01-22T15:13:59.412Z  INFO 7881 --- [yow_point] [           main] o.a.kafka.common.utils.AppInfoParser     : Kafka version: 3.9.1
2026-01-22T15:13:59.412Z  INFO 7881 --- [yow_point] [           main] o.a.kafka.common.utils.AppInfoParser     : Kafka commitId: f745dfdcee2b9851
2026-01-22T15:13:59.412Z  INFO 7881 --- [yow_point] [           main] o.a.kafka.common.utils.AppInfoParser     : Kafka startTimeMs: 1769094839411
2026-01-22T15:13:59.428Z  INFO 7881 --- [yow_point] [quest-handler-0] k.coordinator.group.GroupCoordinator     : [GroupCoordinator 0]: Assignment received from leader consumer-yow_point_group-4-42da9d47-9701-4d65-adef-7b07b3495606 for group yow_point_group for generation 1. The group has 1 members, 0 of which are static.
2026-01-22T15:13:59.436Z  INFO 7881 --- [yow_point] [oint-producer-1] org.apache.kafka.clients.Metadata        : [Producer clientId=yow_point-producer-1] Cluster ID: y-TkHMKCT8WMqFqsVzSS1w
2026-01-22T15:13:59.475Z  INFO 7881 --- [yow_point] [ntainer#2-0-C-1] o.a.k.c.c.internals.ConsumerCoordinator  : [Consumer clientId=consumer-yow_point_group-1, groupId=yow_point_group] Discovered group coordinator localhost:9092 (id: 2147483647 rack: null)
2026-01-22T15:13:59.482Z  INFO 7881 --- [yow_point] [ntainer#0-0-C-1] o.a.k.c.c.internals.ConsumerCoordinator  : [Consumer clientId=consumer-yow_point_group-3, groupId=yow_point_group] Discovered group coordinator localhost:9092 (id: 2147483647 rack: null)
2026-01-22T15:13:59.489Z  INFO 7881 --- [yow_point] [ntainer#2-0-C-1] o.a.k.c.c.internals.ConsumerCoordinator  : [Consumer clientId=consumer-yow_point_group-1, groupId=yow_point_group] (Re-)joining group
2026-01-22T15:13:59.496Z  INFO 7881 --- [yow_point] [ntainer#0-0-C-1] o.a.k.c.c.internals.ConsumerCoordinator  : [Consumer clientId=consumer-yow_point_group-3, groupId=yow_point_group] (Re-)joining group
2026-01-22T15:13:59.501Z  INFO 7881 --- [yow_point] [er-event-thread] kafka.controller.KafkaController         : [Controller id=0] Acquired new producerId block ProducerIdsBlock(assignedBrokerId=0, firstProducerId=0, size=1000) by writing to Zk with path version 1
2026-01-22T15:13:59.502Z  INFO 7881 --- [yow_point] [ntainer#3-0-C-1] o.a.k.c.c.internals.ConsumerCoordinator  : [Consumer clientId=consumer-test-group-2, groupId=test-group] Discovered group coordinator localhost:9092 (id: 2147483647 rack: null)
2026-01-22T15:13:59.509Z  INFO 7881 --- [yow_point] [ntainer#3-0-C-1] o.a.k.c.c.internals.ConsumerCoordinator  : [Consumer clientId=consumer-test-group-2, groupId=test-group] (Re-)joining group
2026-01-22T15:13:59.526Z  INFO 7881 --- [yow_point] [quest-handler-1] k.coordinator.group.GroupCoordinator     : [GroupCoordinator 0]: Dynamic member with unknown member id joins group test-group in Empty state. Created a new member id consumer-test-group-2-14313894-db6e-4043-8ccb-8030ef0c29f8 and request the member to rejoin with this id.
2026-01-22T15:13:59.529Z  INFO 7881 --- [yow_point] [ntainer#3-0-C-1] o.a.k.c.c.internals.ConsumerCoordinator  : [Consumer clientId=consumer-test-group-2, groupId=test-group] Request joining group due to: need to re-join with the given member-id: consumer-test-group-2-14313894-db6e-4043-8ccb-8030ef0c29f8
2026-01-22T15:13:59.529Z  INFO 7881 --- [yow_point] [ntainer#3-0-C-1] o.a.k.c.c.internals.ConsumerCoordinator  : [Consumer clientId=consumer-test-group-2, groupId=test-group] (Re-)joining group
2026-01-22T15:13:59.531Z  INFO 7881 --- [yow_point] [quest-handler-2] k.coordinator.group.GroupCoordinator     : [GroupCoordinator 0]: Preparing to rebalance group test-group in state PreparingRebalance with old generation 0 (__consumer_offsets-2) (reason: Adding new member consumer-test-group-2-14313894-db6e-4043-8ccb-8030ef0c29f8 with group instance id None; client reason: need to re-join with the given member-id: consumer-test-group-2-14313894-db6e-4043-8ccb-8030ef0c29f8)
2026-01-22T15:13:59.562Z  INFO 7881 --- [yow_point] [cutor-Rebalance] k.coordinator.group.GroupCoordinator     : [GroupCoordinator 0]: Stabilized group test-group generation 1 (__consumer_offsets-2) with 1 members
2026-01-22T15:13:59.564Z  INFO 7881 --- [yow_point] [ntainer#3-0-C-1] o.a.k.c.c.internals.ConsumerCoordinator  : [Consumer clientId=consumer-test-group-2, groupId=test-group] Successfully joined group with generation Generation{generationId=1, memberId='consumer-test-group-2-14313894-db6e-4043-8ccb-8030ef0c29f8', protocol='range'}
2026-01-22T15:13:59.564Z  INFO 7881 --- [yow_point] [ntainer#3-0-C-1] o.a.k.c.c.internals.ConsumerCoordinator  : [Consumer clientId=consumer-test-group-2, groupId=test-group] Finished assignment for group at generation 1: {consumer-test-group-2-14313894-db6e-4043-8ccb-8030ef0c29f8=Assignment(partitions=[poi-created-0])}
2026-01-22T15:13:59.569Z  INFO 7881 --- [yow_point] [quest-handler-3] k.coordinator.group.GroupCoordinator     : [GroupCoordinator 0]: Assignment received from leader consumer-test-group-2-14313894-db6e-4043-8ccb-8030ef0c29f8 for group test-group for generation 1. The group has 1 members, 0 of which are static.
2026-01-22T15:13:59.575Z  INFO 7881 --- [yow_point] [oint-producer-1] o.a.k.c.p.internals.TransactionManager   : [Producer clientId=yow_point-producer-1] ProducerId set to 0 with epoch 0
2026-01-22T15:13:59.597Z  INFO 7881 --- [yow_point] [quest-handler-7] k.coordinator.group.GroupCoordinator     : [GroupCoordinator 0]: Dynamic member with unknown member id joins group yow_point_group in Stable state. Created a new member id consumer-yow_point_group-1-0c32952f-4e54-43d9-a42f-165da02eab4e and request the member to rejoin with this id.
2026-01-22T15:13:59.599Z  INFO 7881 --- [yow_point] [quest-handler-5] k.coordinator.group.GroupCoordinator     : [GroupCoordinator 0]: Dynamic member with unknown member id joins group yow_point_group in Stable state. Created a new member id consumer-yow_point_group-3-6bf313a8-d652-4e8c-b39a-9db72cecb4e7 and request the member to rejoin with this id.
2026-01-22T15:13:59.600Z  INFO 7881 --- [yow_point] [ntainer#1-0-C-1] o.a.k.c.c.internals.ConsumerCoordinator  : [Consumer clientId=consumer-yow_point_group-4, groupId=yow_point_group] Successfully synced group in generation Generation{generationId=1, memberId='consumer-yow_point_group-4-42da9d47-9701-4d65-adef-7b07b3495606', protocol='range'}
2026-01-22T15:13:59.601Z  INFO 7881 --- [yow_point] [ntainer#1-0-C-1] o.a.k.c.c.internals.ConsumerCoordinator  : [Consumer clientId=consumer-yow_point_group-4, groupId=yow_point_group] Notifying assignor about the new Assignment(partitions=[poi-updated-0])
2026-01-22T15:13:59.601Z  INFO 7881 --- [yow_point] [ntainer#2-0-C-1] o.a.k.c.c.internals.ConsumerCoordinator  : [Consumer clientId=consumer-yow_point_group-1, groupId=yow_point_group] Request joining group due to: need to re-join with the given member-id: consumer-yow_point_group-1-0c32952f-4e54-43d9-a42f-165da02eab4e
2026-01-22T15:13:59.602Z  INFO 7881 --- [yow_point] [ntainer#2-0-C-1] o.a.k.c.c.internals.ConsumerCoordinator  : [Consumer clientId=consumer-yow_point_group-1, groupId=yow_point_group] (Re-)joining group
2026-01-22T15:13:59.604Z  INFO 7881 --- [yow_point] [ntainer#0-0-C-1] o.a.k.c.c.internals.ConsumerCoordinator  : [Consumer clientId=consumer-yow_point_group-3, groupId=yow_point_group] Request joining group due to: need to re-join with the given member-id: consumer-yow_point_group-3-6bf313a8-d652-4e8c-b39a-9db72cecb4e7
2026-01-22T15:13:59.604Z  INFO 7881 --- [yow_point] [ntainer#3-0-C-1] o.a.k.c.c.internals.ConsumerCoordinator  : [Consumer clientId=consumer-test-group-2, groupId=test-group] Successfully synced group in generation Generation{generationId=1, memberId='consumer-test-group-2-14313894-db6e-4043-8ccb-8030ef0c29f8', protocol='range'}
2026-01-22T15:13:59.605Z  INFO 7881 --- [yow_point] [ntainer#0-0-C-1] o.a.k.c.c.internals.ConsumerCoordinator  : [Consumer clientId=consumer-yow_point_group-3, groupId=yow_point_group] (Re-)joining group
2026-01-22T15:13:59.605Z  INFO 7881 --- [yow_point] [ntainer#3-0-C-1] o.a.k.c.c.internals.ConsumerCoordinator  : [Consumer clientId=consumer-test-group-2, groupId=test-group] Notifying assignor about the new Assignment(partitions=[poi-created-0])
2026-01-22T15:13:59.606Z  INFO 7881 --- [yow_point] [quest-handler-2] k.coordinator.group.GroupCoordinator     : [GroupCoordinator 0]: Preparing to rebalance group yow_point_group in state PreparingRebalance with old generation 1 (__consumer_offsets-4) (reason: Adding new member consumer-yow_point_group-1-0c32952f-4e54-43d9-a42f-165da02eab4e with group instance id None; client reason: need to re-join with the given member-id: consumer-yow_point_group-1-0c32952f-4e54-43d9-a42f-165da02eab4e)
2026-01-22T15:13:59.612Z  INFO 7881 --- [yow_point] [ntainer#1-0-C-1] k.c.c.i.ConsumerRebalanceListenerInvoker : [Consumer clientId=consumer-yow_point_group-4, groupId=yow_point_group] Adding newly assigned partitions: poi-updated-0
2026-01-22T15:13:59.614Z  INFO 7881 --- [yow_point] [ntainer#3-0-C-1] k.c.c.i.ConsumerRebalanceListenerInvoker : [Consumer clientId=consumer-test-group-2, groupId=test-group] Adding newly assigned partitions: poi-created-0
2026-01-22T15:13:59.632Z  INFO 7881 --- [yow_point] [ntainer#3-0-C-1] o.a.k.c.c.internals.ConsumerCoordinator  : [Consumer clientId=consumer-test-group-2, groupId=test-group] Found no committed offset for partition poi-created-0
2026-01-22T15:13:59.635Z  INFO 7881 --- [yow_point] [ntainer#1-0-C-1] o.a.k.c.c.internals.ConsumerCoordinator  : [Consumer clientId=consumer-yow_point_group-4, groupId=yow_point_group] Found no committed offset for partition poi-updated-0
2026-01-22T15:13:59.640Z  INFO 7881 --- [yow_point] [ntainer#3-0-C-1] o.a.k.c.c.internals.ConsumerCoordinator  : [Consumer clientId=consumer-test-group-2, groupId=test-group] Found no committed offset for partition poi-created-0
2026-01-22T15:13:59.641Z  INFO 7881 --- [yow_point] [ntainer#1-0-C-1] o.a.k.c.c.internals.ConsumerCoordinator  : [Consumer clientId=consumer-yow_point_group-4, groupId=yow_point_group] Found no committed offset for partition poi-updated-0
2026-01-22T15:13:59.664Z  INFO 7881 --- [yow_point] [ntainer#3-0-C-1] o.a.k.c.c.internals.SubscriptionState    : [Consumer clientId=consumer-test-group-2, groupId=test-group] Resetting offset for partition poi-created-0 to position FetchPosition{offset=1, offsetEpoch=Optional.empty, currentLeader=LeaderAndEpoch{leader=Optional[localhost:9092 (id: 0 rack: null)], epoch=0}}.
2026-01-22T15:13:59.667Z  INFO 7881 --- [yow_point] [ntainer#1-0-C-1] o.a.k.c.c.internals.SubscriptionState    : [Consumer clientId=consumer-yow_point_group-4, groupId=yow_point_group] Resetting offset for partition poi-updated-0 to position FetchPosition{offset=0, offsetEpoch=Optional.empty, currentLeader=LeaderAndEpoch{leader=Optional[localhost:9092 (id: 0 rack: null)], epoch=0}}.
2026-01-22T15:13:59.703Z  INFO 7881 --- [yow_point] [ntainer#3-0-C-1] o.s.k.l.KafkaMessageListenerContainer    : test-group: partitions assigned: [poi-created-0]
2026-01-22T15:13:59.704Z  INFO 7881 --- [yow_point] [ntainer#1-0-C-1] o.s.k.l.KafkaMessageListenerContainer    : yow_point_group: partitions assigned: [poi-updated-0]
2026-01-22T15:14:02.399Z  INFO 7881 --- [yow_point] [ntainer#1-0-C-1] o.a.k.c.c.internals.ConsumerCoordinator  : [Consumer clientId=consumer-yow_point_group-4, groupId=yow_point_group] Request joining group due to: group is already rebalancing
2026-01-22T15:14:02.400Z  INFO 7881 --- [yow_point] [ntainer#1-0-C-1] k.c.c.i.ConsumerRebalanceListenerInvoker : [Consumer clientId=consumer-yow_point_group-4, groupId=yow_point_group] Revoke previously assigned partitions poi-updated-0
2026-01-22T15:14:02.401Z  INFO 7881 --- [yow_point] [ntainer#1-0-C-1] o.s.k.l.KafkaMessageListenerContainer    : yow_point_group: partitions revoked: [poi-updated-0]
2026-01-22T15:14:02.401Z  INFO 7881 --- [yow_point] [ntainer#1-0-C-1] o.a.k.c.c.internals.ConsumerCoordinator  : [Consumer clientId=consumer-yow_point_group-4, groupId=yow_point_group] (Re-)joining group
2026-01-22T15:14:02.405Z  INFO 7881 --- [yow_point] [quest-handler-6] k.coordinator.group.GroupCoordinator     : [GroupCoordinator 0]: Stabilized group yow_point_group generation 2 (__consumer_offsets-4) with 3 members
2026-01-22T15:14:02.407Z  INFO 7881 --- [yow_point] [ntainer#0-0-C-1] o.a.k.c.c.internals.ConsumerCoordinator  : [Consumer clientId=consumer-yow_point_group-3, groupId=yow_point_group] Successfully joined group with generation Generation{generationId=2, memberId='consumer-yow_point_group-3-6bf313a8-d652-4e8c-b39a-9db72cecb4e7', protocol='range'}
2026-01-22T15:14:02.407Z  INFO 7881 --- [yow_point] [ntainer#1-0-C-1] o.a.k.c.c.internals.ConsumerCoordinator  : [Consumer clientId=consumer-yow_point_group-4, groupId=yow_point_group] Successfully joined group with generation Generation{generationId=2, memberId='consumer-yow_point_group-4-42da9d47-9701-4d65-adef-7b07b3495606', protocol='range'}
2026-01-22T15:14:02.408Z  INFO 7881 --- [yow_point] [ntainer#2-0-C-1] o.a.k.c.c.internals.ConsumerCoordinator  : [Consumer clientId=consumer-yow_point_group-1, groupId=yow_point_group] Successfully joined group with generation Generation{generationId=2, memberId='consumer-yow_point_group-1-0c32952f-4e54-43d9-a42f-165da02eab4e', protocol='range'}
2026-01-22T15:14:02.816Z  INFO 7881 --- [yow_point] [ntainer#1-0-C-1] o.a.k.c.c.internals.ConsumerCoordinator  : [Consumer clientId=consumer-yow_point_group-4, groupId=yow_point_group] Finished assignment for group at generation 2: {consumer-yow_point_group-4-42da9d47-9701-4d65-adef-7b07b3495606=Assignment(partitions=[poi-updated-0]), consumer-yow_point_group-1-0c32952f-4e54-43d9-a42f-165da02eab4e=Assignment(partitions=[poi-deleted-0]), consumer-yow_point_group-3-6bf313a8-d652-4e8c-b39a-9db72cecb4e7=Assignment(partitions=[poi-created-0])}
2026-01-22T15:14:02.818Z  INFO 7881 --- [yow_point] [quest-handler-1] k.coordinator.group.GroupCoordinator     : [GroupCoordinator 0]: Assignment received from leader consumer-yow_point_group-4-42da9d47-9701-4d65-adef-7b07b3495606 for group yow_point_group for generation 2. The group has 3 members, 0 of which are static.
2026-01-22T15:14:02.821Z  INFO 7881 --- [yow_point] [ntainer#0-0-C-1] o.a.k.c.c.internals.ConsumerCoordinator  : [Consumer clientId=consumer-yow_point_group-3, groupId=yow_point_group] Successfully synced group in generation Generation{generationId=2, memberId='consumer-yow_point_group-3-6bf313a8-d652-4e8c-b39a-9db72cecb4e7', protocol='range'}
2026-01-22T15:14:02.822Z  INFO 7881 --- [yow_point] [ntainer#2-0-C-1] o.a.k.c.c.internals.ConsumerCoordinator  : [Consumer clientId=consumer-yow_point_group-1, groupId=yow_point_group] Successfully synced group in generation Generation{generationId=2, memberId='consumer-yow_point_group-1-0c32952f-4e54-43d9-a42f-165da02eab4e', protocol='range'}
2026-01-22T15:14:02.822Z  INFO 7881 --- [yow_point] [ntainer#2-0-C-1] o.a.k.c.c.internals.ConsumerCoordinator  : [Consumer clientId=consumer-yow_point_group-1, groupId=yow_point_group] Notifying assignor about the new Assignment(partitions=[poi-deleted-0])
2026-01-22T15:14:02.822Z  INFO 7881 --- [yow_point] [ntainer#0-0-C-1] o.a.k.c.c.internals.ConsumerCoordinator  : [Consumer clientId=consumer-yow_point_group-3, groupId=yow_point_group] Notifying assignor about the new Assignment(partitions=[poi-created-0])
2026-01-22T15:14:02.822Z  INFO 7881 --- [yow_point] [ntainer#1-0-C-1] o.a.k.c.c.internals.ConsumerCoordinator  : [Consumer clientId=consumer-yow_point_group-4, groupId=yow_point_group] Successfully synced group in generation Generation{generationId=2, memberId='consumer-yow_point_group-4-42da9d47-9701-4d65-adef-7b07b3495606', protocol='range'}
2026-01-22T15:14:02.822Z  INFO 7881 --- [yow_point] [ntainer#2-0-C-1] k.c.c.i.ConsumerRebalanceListenerInvoker : [Consumer clientId=consumer-yow_point_group-1, groupId=yow_point_group] Adding newly assigned partitions: poi-deleted-0
2026-01-22T15:14:02.822Z  INFO 7881 --- [yow_point] [ntainer#1-0-C-1] o.a.k.c.c.internals.ConsumerCoordinator  : [Consumer clientId=consumer-yow_point_group-4, groupId=yow_point_group] Notifying assignor about the new Assignment(partitions=[poi-updated-0])
2026-01-22T15:14:02.823Z  INFO 7881 --- [yow_point] [ntainer#1-0-C-1] k.c.c.i.ConsumerRebalanceListenerInvoker : [Consumer clientId=consumer-yow_point_group-4, groupId=yow_point_group] Adding newly assigned partitions: poi-updated-0
2026-01-22T15:14:02.823Z  INFO 7881 --- [yow_point] [ntainer#0-0-C-1] k.c.c.i.ConsumerRebalanceListenerInvoker : [Consumer clientId=consumer-yow_point_group-3, groupId=yow_point_group] Adding newly assigned partitions: poi-created-0
2026-01-22T15:14:02.826Z  INFO 7881 --- [yow_point] [ntainer#2-0-C-1] o.a.k.c.c.internals.ConsumerCoordinator  : [Consumer clientId=consumer-yow_point_group-1, groupId=yow_point_group] Found no committed offset for partition poi-deleted-0
2026-01-22T15:14:02.826Z  INFO 7881 --- [yow_point] [ntainer#0-0-C-1] o.a.k.c.c.internals.ConsumerCoordinator  : [Consumer clientId=consumer-yow_point_group-3, groupId=yow_point_group] Found no committed offset for partition poi-created-0
2026-01-22T15:14:02.829Z  INFO 7881 --- [yow_point] [ntainer#0-0-C-1] o.a.k.c.c.internals.ConsumerCoordinator  : [Consumer clientId=consumer-yow_point_group-3, groupId=yow_point_group] Found no committed offset for partition poi-created-0
2026-01-22T15:14:02.831Z  INFO 7881 --- [yow_point] [ntainer#1-0-C-1] o.a.k.c.c.internals.ConsumerUtils        : Setting offset for partition poi-updated-0 to the committed offset FetchPosition{offset=0, offsetEpoch=Optional.empty, currentLeader=LeaderAndEpoch{leader=Optional[localhost:9092 (id: 0 rack: null)], epoch=0}}
2026-01-22T15:14:02.831Z  INFO 7881 --- [yow_point] [ntainer#1-0-C-1] o.s.k.l.KafkaMessageListenerContainer    : yow_point_group: partitions assigned: [poi-updated-0]
2026-01-22T15:14:02.833Z  INFO 7881 --- [yow_point] [ntainer#2-0-C-1] o.a.k.c.c.internals.ConsumerCoordinator  : [Consumer clientId=consumer-yow_point_group-1, groupId=yow_point_group] Found no committed offset for partition poi-deleted-0
2026-01-22T15:14:02.834Z  INFO 7881 --- [yow_point] [ntainer#0-0-C-1] o.a.k.c.c.internals.SubscriptionState    : [Consumer clientId=consumer-yow_point_group-3, groupId=yow_point_group] Resetting offset for partition poi-created-0 to position FetchPosition{offset=1, offsetEpoch=Optional.empty, currentLeader=LeaderAndEpoch{leader=Optional[localhost:9092 (id: 0 rack: null)], epoch=0}}.
2026-01-22T15:14:02.838Z  INFO 7881 --- [yow_point] [ntainer#2-0-C-1] o.a.k.c.c.internals.SubscriptionState    : [Consumer clientId=consumer-yow_point_group-1, groupId=yow_point_group] Resetting offset for partition poi-deleted-0 to position FetchPosition{offset=0, offsetEpoch=Optional.empty, currentLeader=LeaderAndEpoch{leader=Optional[localhost:9092 (id: 0 rack: null)], epoch=0}}.
2026-01-22T15:14:02.839Z  INFO 7881 --- [yow_point] [ntainer#0-0-C-1] o.s.k.l.KafkaMessageListenerContainer    : yow_point_group: partitions assigned: [poi-created-0]
2026-01-22T15:14:02.844Z  INFO 7881 --- [yow_point] [ntainer#2-0-C-1] o.s.k.l.KafkaMessageListenerContainer    : yow_point_group: partitions assigned: [poi-deleted-0]
2026-01-22T15:14:09.685Z  INFO 7881 --- [yow_point] [ntainer#3-0-C-1] k.c.c.i.ConsumerRebalanceListenerInvoker : [Consumer clientId=consumer-test-group-2, groupId=test-group] Revoke previously assigned partitions poi-created-0
2026-01-22T15:14:09.685Z  INFO 7881 --- [yow_point] [ntainer#1-0-C-1] k.c.c.i.ConsumerRebalanceListenerInvoker : [Consumer clientId=consumer-yow_point_group-4, groupId=yow_point_group] Revoke previously assigned partitions poi-updated-0
2026-01-22T15:14:09.685Z  INFO 7881 --- [yow_point] [ntainer#1-0-C-1] o.s.k.l.KafkaMessageListenerContainer    : yow_point_group: partitions revoked: [poi-updated-0]
2026-01-22T15:14:09.685Z  INFO 7881 --- [yow_point] [ntainer#1-0-C-1] o.a.k.c.c.internals.ConsumerCoordinator  : [Consumer clientId=consumer-yow_point_group-4, groupId=yow_point_group] Member consumer-yow_point_group-4-42da9d47-9701-4d65-adef-7b07b3495606 sending LeaveGroup request to coordinator localhost:9092 (id: 2147483647 rack: null) due to the consumer unsubscribed from all topics
2026-01-22T15:14:09.685Z  INFO 7881 --- [yow_point] [ntainer#2-0-C-1] k.c.c.i.ConsumerRebalanceListenerInvoker : [Consumer clientId=consumer-yow_point_group-1, groupId=yow_point_group] Revoke previously assigned partitions poi-deleted-0
2026-01-22T15:14:09.686Z  INFO 7881 --- [yow_point] [ntainer#2-0-C-1] o.s.k.l.KafkaMessageListenerContainer    : yow_point_group: partitions revoked: [poi-deleted-0]
2026-01-22T15:14:09.686Z  INFO 7881 --- [yow_point] [ntainer#2-0-C-1] o.a.k.c.c.internals.ConsumerCoordinator  : [Consumer clientId=consumer-yow_point_group-1, groupId=yow_point_group] Member consumer-yow_point_group-1-0c32952f-4e54-43d9-a42f-165da02eab4e sending LeaveGroup request to coordinator localhost:9092 (id: 2147483647 rack: null) due to the consumer unsubscribed from all topics
2026-01-22T15:14:09.687Z  INFO 7881 --- [yow_point] [ntainer#2-0-C-1] o.a.k.c.c.internals.ConsumerCoordinator  : [Consumer clientId=consumer-yow_point_group-1, groupId=yow_point_group] Resetting generation and member id due to: consumer pro-actively leaving the group
2026-01-22T15:14:09.687Z  INFO 7881 --- [yow_point] [ntainer#2-0-C-1] o.a.k.c.c.internals.ConsumerCoordinator  : [Consumer clientId=consumer-yow_point_group-1, groupId=yow_point_group] Request joining group due to: consumer pro-actively leaving the group
2026-01-22T15:14:09.687Z  INFO 7881 --- [yow_point] [ntainer#2-0-C-1] o.a.k.c.c.i.ClassicKafkaConsumer         : [Consumer clientId=consumer-yow_point_group-1, groupId=yow_point_group] Unsubscribed all topics or patterns and assigned partitions
2026-01-22T15:14:09.689Z  INFO 7881 --- [yow_point] [ntainer#0-0-C-1] k.c.c.i.ConsumerRebalanceListenerInvoker : [Consumer clientId=consumer-yow_point_group-3, groupId=yow_point_group] Revoke previously assigned partitions poi-created-0
2026-01-22T15:14:09.690Z  INFO 7881 --- [yow_point] [ntainer#0-0-C-1] o.s.k.l.KafkaMessageListenerContainer    : yow_point_group: partitions revoked: [poi-created-0]
2026-01-22T15:14:09.690Z  INFO 7881 --- [yow_point] [ntainer#2-0-C-1] o.a.k.c.c.internals.ConsumerCoordinator  : [Consumer clientId=consumer-yow_point_group-1, groupId=yow_point_group] Resetting generation and member id due to: consumer pro-actively leaving the group
2026-01-22T15:14:09.690Z  INFO 7881 --- [yow_point] [ntainer#2-0-C-1] o.a.k.c.c.internals.ConsumerCoordinator  : [Consumer clientId=consumer-yow_point_group-1, groupId=yow_point_group] Request joining group due to: consumer pro-actively leaving the group
2026-01-22T15:14:09.685Z  INFO 7881 --- [yow_point] [ntainer#3-0-C-1] o.s.k.l.KafkaMessageListenerContainer    : test-group: partitions revoked: [poi-created-0]
2026-01-22T15:14:09.690Z  INFO 7881 --- [yow_point] [ntainer#0-0-C-1] o.a.k.c.c.internals.ConsumerCoordinator  : [Consumer clientId=consumer-yow_point_group-3, groupId=yow_point_group] Member consumer-yow_point_group-3-6bf313a8-d652-4e8c-b39a-9db72cecb4e7 sending LeaveGroup request to coordinator localhost:9092 (id: 2147483647 rack: null) due to the consumer unsubscribed from all topics
2026-01-22T15:14:09.690Z  INFO 7881 --- [yow_point] [ntainer#3-0-C-1] o.a.k.c.c.internals.ConsumerCoordinator  : [Consumer clientId=consumer-test-group-2, groupId=test-group] Member consumer-test-group-2-14313894-db6e-4043-8ccb-8030ef0c29f8 sending LeaveGroup request to coordinator localhost:9092 (id: 2147483647 rack: null) due to the consumer unsubscribed from all topics
2026-01-22T15:14:09.690Z  INFO 7881 --- [yow_point] [ntainer#0-0-C-1] o.a.k.c.c.internals.ConsumerCoordinator  : [Consumer clientId=consumer-yow_point_group-3, groupId=yow_point_group] Resetting generation and member id due to: consumer pro-actively leaving the group
2026-01-22T15:14:09.690Z  INFO 7881 --- [yow_point] [ntainer#0-0-C-1] o.a.k.c.c.internals.ConsumerCoordinator  : [Consumer clientId=consumer-yow_point_group-3, groupId=yow_point_group] Request joining group due to: consumer pro-actively leaving the group
2026-01-22T15:14:09.690Z  INFO 7881 --- [yow_point] [ntainer#0-0-C-1] o.a.k.c.c.i.ClassicKafkaConsumer         : [Consumer clientId=consumer-yow_point_group-3, groupId=yow_point_group] Unsubscribed all topics or patterns and assigned partitions
2026-01-22T15:14:09.690Z  INFO 7881 --- [yow_point] [ntainer#3-0-C-1] o.a.k.c.c.internals.ConsumerCoordinator  : [Consumer clientId=consumer-test-group-2, groupId=test-group] Resetting generation and member id due to: consumer pro-actively leaving the group
2026-01-22T15:14:09.691Z  INFO 7881 --- [yow_point] [ntainer#3-0-C-1] o.a.k.c.c.internals.ConsumerCoordinator  : [Consumer clientId=consumer-test-group-2, groupId=test-group] Request joining group due to: consumer pro-actively leaving the group
2026-01-22T15:14:09.691Z  INFO 7881 --- [yow_point] [ntainer#3-0-C-1] o.a.k.c.c.i.ClassicKafkaConsumer         : [Consumer clientId=consumer-test-group-2, groupId=test-group] Unsubscribed all topics or patterns and assigned partitions
2026-01-22T15:14:09.686Z  INFO 7881 --- [yow_point] [ntainer#1-0-C-1] o.a.k.c.c.internals.ConsumerCoordinator  : [Consumer clientId=consumer-yow_point_group-4, groupId=yow_point_group] Resetting generation and member id due to: consumer pro-actively leaving the group
2026-01-22T15:14:09.691Z  INFO 7881 --- [yow_point] [ntainer#1-0-C-1] o.a.k.c.c.internals.ConsumerCoordinator  : [Consumer clientId=consumer-yow_point_group-4, groupId=yow_point_group] Request joining group due to: consumer pro-actively leaving the group
2026-01-22T15:14:09.691Z  INFO 7881 --- [yow_point] [ntainer#1-0-C-1] o.a.k.c.c.i.ClassicKafkaConsumer         : [Consumer clientId=consumer-yow_point_group-4, groupId=yow_point_group] Unsubscribed all topics or patterns and assigned partitions
2026-01-22T15:14:09.691Z  INFO 7881 --- [yow_point] [ntainer#0-0-C-1] o.a.k.c.c.internals.ConsumerCoordinator  : [Consumer clientId=consumer-yow_point_group-3, groupId=yow_point_group] Resetting generation and member id due to: consumer pro-actively leaving the group
2026-01-22T15:14:09.692Z  INFO 7881 --- [yow_point] [ntainer#0-0-C-1] o.a.k.c.c.internals.ConsumerCoordinator  : [Consumer clientId=consumer-yow_point_group-3, groupId=yow_point_group] Request joining group due to: consumer pro-actively leaving the group
2026-01-22T15:14:09.692Z  INFO 7881 --- [yow_point] [ntainer#3-0-C-1] o.a.k.c.c.internals.ConsumerCoordinator  : [Consumer clientId=consumer-test-group-2, groupId=test-group] Resetting generation and member id due to: consumer pro-actively leaving the group
2026-01-22T15:14:09.692Z  INFO 7881 --- [yow_point] [ntainer#3-0-C-1] o.a.k.c.c.internals.ConsumerCoordinator  : [Consumer clientId=consumer-test-group-2, groupId=test-group] Request joining group due to: consumer pro-actively leaving the group
2026-01-22T15:14:09.694Z  INFO 7881 --- [yow_point] [ntainer#1-0-C-1] o.a.k.c.c.internals.ConsumerCoordinator  : [Consumer clientId=consumer-yow_point_group-4, groupId=yow_point_group] Resetting generation and member id due to: consumer pro-actively leaving the group
2026-01-22T15:14:09.694Z  INFO 7881 --- [yow_point] [ntainer#1-0-C-1] o.a.k.c.c.internals.ConsumerCoordinator  : [Consumer clientId=consumer-yow_point_group-4, groupId=yow_point_group] Request joining group due to: consumer pro-actively leaving the group
2026-01-22T15:14:09.696Z  INFO 7881 --- [yow_point] [quest-handler-1] k.coordinator.group.GroupCoordinator     : [GroupCoordinator 0]: Preparing to rebalance group yow_point_group in state PreparingRebalance with old generation 2 (__consumer_offsets-4) (reason: Removing member consumer-yow_point_group-4-42da9d47-9701-4d65-adef-7b07b3495606 on LeaveGroup; client reason: the consumer unsubscribed from all topics)
2026-01-22T15:14:09.697Z  INFO 7881 --- [yow_point] [quest-handler-6] k.coordinator.group.GroupCoordinator     : [GroupCoordinator 0]: Preparing to rebalance group test-group in state PreparingRebalance with old generation 1 (__consumer_offsets-2) (reason: Removing member consumer-test-group-2-14313894-db6e-4043-8ccb-8030ef0c29f8 on LeaveGroup; client reason: the consumer unsubscribed from all topics)
2026-01-22T15:14:09.698Z  INFO 7881 --- [yow_point] [quest-handler-6] k.coordinator.group.GroupCoordinator     : [GroupCoordinator 0]: Group test-group with generation 2 is now empty (__consumer_offsets-2)
2026-01-22T15:14:09.701Z  INFO 7881 --- [yow_point] [quest-handler-1] k.coordinator.group.GroupCoordinator     : [GroupCoordinator 0]: Member MemberMetadata(memberId=consumer-yow_point_group-4-42da9d47-9701-4d65-adef-7b07b3495606, groupInstanceId=None, clientId=consumer-yow_point_group-4, clientHost=/127.0.0.1, sessionTimeoutMs=45000, rebalanceTimeoutMs=300000, supportedProtocols=List(range, cooperative-sticky)) has left group yow_point_group through explicit `LeaveGroup`; client reason: the consumer unsubscribed from all topics
2026-01-22T15:14:09.701Z  INFO 7881 --- [yow_point] [quest-handler-6] k.coordinator.group.GroupCoordinator     : [GroupCoordinator 0]: Member MemberMetadata(memberId=consumer-test-group-2-14313894-db6e-4043-8ccb-8030ef0c29f8, groupInstanceId=None, clientId=consumer-test-group-2, clientHost=/127.0.0.1, sessionTimeoutMs=45000, rebalanceTimeoutMs=300000, supportedProtocols=List(range, cooperative-sticky)) has left group test-group through explicit `LeaveGroup`; client reason: the consumer unsubscribed from all topics
2026-01-22T15:14:09.702Z  INFO 7881 --- [yow_point] [quest-handler-3] k.coordinator.group.GroupCoordinator     : [GroupCoordinator 0]: Member MemberMetadata(memberId=consumer-yow_point_group-3-6bf313a8-d652-4e8c-b39a-9db72cecb4e7, groupInstanceId=None, clientId=consumer-yow_point_group-3, clientHost=/127.0.0.1, sessionTimeoutMs=45000, rebalanceTimeoutMs=300000, supportedProtocols=List(range, cooperative-sticky)) has left group yow_point_group through explicit `LeaveGroup`; client reason: the consumer unsubscribed from all topics
2026-01-22T15:14:09.703Z  INFO 7881 --- [yow_point] [quest-handler-7] k.coordinator.group.GroupCoordinator     : [GroupCoordinator 0]: Group yow_point_group with generation 3 is now empty (__consumer_offsets-4)
2026-01-22T15:14:09.704Z  INFO 7881 --- [yow_point] [quest-handler-7] k.coordinator.group.GroupCoordinator     : [GroupCoordinator 0]: Member MemberMetadata(memberId=consumer-yow_point_group-1-0c32952f-4e54-43d9-a42f-165da02eab4e, groupInstanceId=None, clientId=consumer-yow_point_group-1, clientHost=/127.0.0.1, sessionTimeoutMs=45000, rebalanceTimeoutMs=300000, supportedProtocols=List(range, cooperative-sticky)) has left group yow_point_group through explicit `LeaveGroup`; client reason: the consumer unsubscribed from all topics
2026-01-22T15:14:09.900Z  INFO 7881 --- [yow_point] [ntainer#3-0-C-1] o.apache.kafka.common.metrics.Metrics    : Metrics scheduler closed
2026-01-22T15:14:09.901Z  INFO 7881 --- [yow_point] [ntainer#3-0-C-1] o.apache.kafka.common.metrics.Metrics    : Closing reporter org.apache.kafka.common.metrics.JmxReporter
2026-01-22T15:14:09.904Z  INFO 7881 --- [yow_point] [ntainer#3-0-C-1] o.apache.kafka.common.metrics.Metrics    : Closing reporter org.apache.kafka.common.telemetry.internals.ClientTelemetryReporter
2026-01-22T15:14:09.904Z  INFO 7881 --- [yow_point] [ntainer#3-0-C-1] o.apache.kafka.common.metrics.Metrics    : Metrics reporters closed
2026-01-22T15:14:09.909Z  INFO 7881 --- [yow_point] [ntainer#0-0-C-1] o.apache.kafka.common.metrics.Metrics    : Metrics scheduler closed
2026-01-22T15:14:09.909Z  INFO 7881 --- [yow_point] [ntainer#0-0-C-1] o.apache.kafka.common.metrics.Metrics    : Closing reporter org.apache.kafka.common.metrics.JmxReporter
2026-01-22T15:14:09.909Z  INFO 7881 --- [yow_point] [ntainer#0-0-C-1] o.apache.kafka.common.metrics.Metrics    : Closing reporter org.apache.kafka.common.telemetry.internals.ClientTelemetryReporter
2026-01-22T15:14:09.909Z  INFO 7881 --- [yow_point] [ntainer#0-0-C-1] o.apache.kafka.common.metrics.Metrics    : Metrics reporters closed
2026-01-22T15:14:09.912Z  INFO 7881 --- [yow_point] [ntainer#2-0-C-1] o.apache.kafka.common.metrics.Metrics    : Metrics scheduler closed
2026-01-22T15:14:09.913Z  INFO 7881 --- [yow_point] [ntainer#2-0-C-1] o.apache.kafka.common.metrics.Metrics    : Closing reporter org.apache.kafka.common.metrics.JmxReporter
2026-01-22T15:14:09.913Z  INFO 7881 --- [yow_point] [ntainer#2-0-C-1] o.apache.kafka.common.metrics.Metrics    : Closing reporter org.apache.kafka.common.telemetry.internals.ClientTelemetryReporter
2026-01-22T15:14:09.913Z  INFO 7881 --- [yow_point] [ntainer#2-0-C-1] o.apache.kafka.common.metrics.Metrics    : Metrics reporters closed
2026-01-22T15:14:09.923Z  INFO 7881 --- [yow_point] [ntainer#1-0-C-1] o.apache.kafka.common.metrics.Metrics    : Metrics scheduler closed
2026-01-22T15:14:09.923Z  INFO 7881 --- [yow_point] [ntainer#1-0-C-1] o.apache.kafka.common.metrics.Metrics    : Closing reporter org.apache.kafka.common.metrics.JmxReporter
2026-01-22T15:14:09.923Z  INFO 7881 --- [yow_point] [ntainer#3-0-C-1] o.a.kafka.common.utils.AppInfoParser     : App info kafka.consumer for consumer-test-group-2 unregistered
2026-01-22T15:14:09.923Z  INFO 7881 --- [yow_point] [ntainer#1-0-C-1] o.apache.kafka.common.metrics.Metrics    : Closing reporter org.apache.kafka.common.telemetry.internals.ClientTelemetryReporter
2026-01-22T15:14:09.924Z  INFO 7881 --- [yow_point] [ntainer#1-0-C-1] o.apache.kafka.common.metrics.Metrics    : Metrics reporters closed
2026-01-22T15:14:09.924Z  INFO 7881 --- [yow_point] [ntainer#3-0-C-1] o.s.k.l.KafkaMessageListenerContainer    : test-group: Consumer stopped
2026-01-22T15:14:09.936Z  INFO 7881 --- [yow_point] [ntainer#0-0-C-1] o.a.kafka.common.utils.AppInfoParser     : App info kafka.consumer for consumer-yow_point_group-3 unregistered
2026-01-22T15:14:09.937Z  INFO 7881 --- [yow_point] [ntainer#0-0-C-1] o.s.k.l.KafkaMessageListenerContainer    : yow_point_group: Consumer stopped
2026-01-22T15:14:09.942Z  INFO 7881 --- [yow_point] [ntainer#2-0-C-1] o.a.kafka.common.utils.AppInfoParser     : App info kafka.consumer for consumer-yow_point_group-1 unregistered
2026-01-22T15:14:09.942Z  INFO 7881 --- [yow_point] [ntainer#2-0-C-1] o.s.k.l.KafkaMessageListenerContainer    : yow_point_group: Consumer stopped
2026-01-22T15:14:09.947Z  INFO 7881 --- [yow_point] [ntainer#1-0-C-1] o.a.kafka.common.utils.AppInfoParser     : App info kafka.consumer for consumer-yow_point_group-4 unregistered
2026-01-22T15:14:09.948Z  INFO 7881 --- [yow_point] [ntainer#1-0-C-1] o.s.k.l.KafkaMessageListenerContainer    : yow_point_group: Consumer stopped
2026-01-22T15:14:09.965Z  INFO 7881 --- [yow_point] [           main] o.a.k.clients.producer.KafkaProducer     : [Producer clientId=yow_point-producer-1] Closing the Kafka producer with timeoutMillis = 30000 ms.
2026-01-22T15:14:09.976Z  INFO 7881 --- [yow_point] [           main] o.apache.kafka.common.metrics.Metrics    : Metrics scheduler closed
2026-01-22T15:14:09.977Z  INFO 7881 --- [yow_point] [           main] o.apache.kafka.common.metrics.Metrics    : Closing reporter org.apache.kafka.common.metrics.JmxReporter
2026-01-22T15:14:09.977Z  INFO 7881 --- [yow_point] [           main] o.apache.kafka.common.metrics.Metrics    : Closing reporter org.apache.kafka.common.telemetry.internals.ClientTelemetryReporter
2026-01-22T15:14:09.977Z  INFO 7881 --- [yow_point] [           main] o.apache.kafka.common.metrics.Metrics    : Metrics reporters closed
2026-01-22T15:14:09.978Z  INFO 7881 --- [yow_point] [           main] o.a.kafka.common.utils.AppInfoParser     : App info kafka.producer for yow_point-producer-1 unregistered
2026-01-22T15:14:10.004Z  INFO 7881 --- [yow_point] [           main] kafka.server.KafkaServer                 : [KafkaServer id=0] shutting down
2026-01-22T15:14:10.005Z  INFO 7881 --- [yow_point] [           main] icationListener$ChangeEventProcessThread : [/config/changes-event-process-thread]: Shutting down
2026-01-22T15:14:10.006Z  INFO 7881 --- [yow_point] [-process-thread] icationListener$ChangeEventProcessThread : [/config/changes-event-process-thread]: Stopped
2026-01-22T15:14:10.006Z  INFO 7881 --- [yow_point] [           main] icationListener$ChangeEventProcessThread : [/config/changes-event-process-thread]: Shutdown completed
2026-01-22T15:14:10.007Z  INFO 7881 --- [yow_point] [           main] kafka.network.SocketServer               : [SocketServer listenerType=ZK_BROKER, nodeId=0] Stopping socket server request processors
2026-01-22T15:14:10.016Z  INFO 7881 --- [yow_point] [channel-manager] org.apache.kafka.clients.NetworkClient   : [NodeToControllerChannelManager id=0 name=forwarding] Node 0 disconnected.
2026-01-22T15:14:10.017Z  INFO 7881 --- [yow_point] [           main] kafka.network.SocketServer               : [SocketServer listenerType=ZK_BROKER, nodeId=0] Stopped socket server request processors
2026-01-22T15:14:10.018Z  INFO 7881 --- [yow_point] [           main] kafka.server.KafkaRequestHandlerPool     : [data-plane Kafka Request Handler on Broker 0], shutting down
2026-01-22T15:14:10.020Z  INFO 7881 --- [yow_point] [           main] kafka.server.KafkaRequestHandlerPool     : [data-plane Kafka Request Handler on Broker 0], shut down completely
2026-01-22T15:14:10.023Z  INFO 7881 --- [yow_point] [           main] perationPurgatory$ExpiredOperationReaper : [ExpirationReaper-0-AlterAcls]: Shutting down
2026-01-22T15:14:10.024Z  INFO 7881 --- [yow_point] [per-0-AlterAcls] perationPurgatory$ExpiredOperationReaper : [ExpirationReaper-0-AlterAcls]: Stopped
2026-01-22T15:14:10.024Z  INFO 7881 --- [yow_point] [           main] perationPurgatory$ExpiredOperationReaper : [ExpirationReaper-0-AlterAcls]: Shutdown completed
2026-01-22T15:14:10.026Z  INFO 7881 --- [yow_point] [           main] kafka.server.KafkaApis                   : [KafkaApi-0] Shutdown complete.
2026-01-22T15:14:10.027Z  INFO 7881 --- [yow_point] [           main] perationPurgatory$ExpiredOperationReaper : [ExpirationReaper-0-topic]: Shutting down
2026-01-22T15:14:10.028Z  INFO 7881 --- [yow_point] [nReaper-0-topic] perationPurgatory$ExpiredOperationReaper : [ExpirationReaper-0-topic]: Stopped
2026-01-22T15:14:10.028Z  INFO 7881 --- [yow_point] [           main] perationPurgatory$ExpiredOperationReaper : [ExpirationReaper-0-topic]: Shutdown completed
2026-01-22T15:14:10.030Z  INFO 7881 --- [yow_point] [           main] k.c.transaction.TransactionCoordinator   : [TransactionCoordinator id=0] Shutting down.
2026-01-22T15:14:10.031Z  INFO 7881 --- [yow_point] [           main] k.c.transaction.TransactionStateManager  : [Transaction State Manager 0]: Shutdown complete
2026-01-22T15:14:10.031Z  INFO 7881 --- [yow_point] [           main] k.c.t.TransactionMarkerChannelManager    : [TxnMarkerSenderThread-0]: Shutting down
2026-01-22T15:14:10.032Z  INFO 7881 --- [yow_point] [rSenderThread-0] k.c.t.TransactionMarkerChannelManager    : [TxnMarkerSenderThread-0]: Stopped
2026-01-22T15:14:10.032Z  INFO 7881 --- [yow_point] [           main] k.c.t.TransactionMarkerChannelManager    : [TxnMarkerSenderThread-0]: Shutdown completed
2026-01-22T15:14:10.034Z  INFO 7881 --- [yow_point] [           main] k.c.transaction.TransactionCoordinator   : [TransactionCoordinator id=0] Shutdown complete.
2026-01-22T15:14:10.034Z  INFO 7881 --- [yow_point] [           main] k.coordinator.group.GroupCoordinator     : [GroupCoordinator 0]: Shutting down.
2026-01-22T15:14:10.035Z  INFO 7881 --- [yow_point] [           main] perationPurgatory$ExpiredOperationReaper : [ExpirationReaper-0-Heartbeat]: Shutting down
2026-01-22T15:14:10.036Z  INFO 7881 --- [yow_point] [per-0-Heartbeat] perationPurgatory$ExpiredOperationReaper : [ExpirationReaper-0-Heartbeat]: Stopped
2026-01-22T15:14:10.036Z  INFO 7881 --- [yow_point] [           main] perationPurgatory$ExpiredOperationReaper : [ExpirationReaper-0-Heartbeat]: Shutdown completed
2026-01-22T15:14:10.037Z  INFO 7881 --- [yow_point] [           main] perationPurgatory$ExpiredOperationReaper : [ExpirationReaper-0-Rebalance]: Shutting down
2026-01-22T15:14:10.037Z  INFO 7881 --- [yow_point] [per-0-Rebalance] perationPurgatory$ExpiredOperationReaper : [ExpirationReaper-0-Rebalance]: Stopped
2026-01-22T15:14:10.038Z  INFO 7881 --- [yow_point] [           main] perationPurgatory$ExpiredOperationReaper : [ExpirationReaper-0-Rebalance]: Shutdown completed
2026-01-22T15:14:10.039Z  INFO 7881 --- [yow_point] [           main] k.coordinator.group.GroupCoordinator     : [GroupCoordinator 0]: Shutdown complete.
2026-01-22T15:14:10.040Z  INFO 7881 --- [yow_point] [           main] kafka.server.ReplicaManager              : [ReplicaManager broker=0] Shutting down
2026-01-22T15:14:10.040Z  INFO 7881 --- [yow_point] [           main] k.s.ReplicaManager$LogDirFailureHandler  : [LogDirFailureHandler]: Shutting down
2026-01-22T15:14:10.044Z  INFO 7881 --- [yow_point] [rFailureHandler] k.s.ReplicaManager$LogDirFailureHandler  : [LogDirFailureHandler]: Stopped
2026-01-22T15:14:10.044Z  INFO 7881 --- [yow_point] [           main] k.s.ReplicaManager$LogDirFailureHandler  : [LogDirFailureHandler]: Shutdown completed
2026-01-22T15:14:10.045Z  INFO 7881 --- [yow_point] [           main] kafka.server.ReplicaFetcherManager       : [ReplicaFetcherManager on broker 0] shutting down
2026-01-22T15:14:10.046Z  INFO 7881 --- [yow_point] [           main] kafka.server.ReplicaFetcherManager       : [ReplicaFetcherManager on broker 0] shutdown completed
2026-01-22T15:14:10.046Z  INFO 7881 --- [yow_point] [           main] k.server.ReplicaAlterLogDirsManager      : [ReplicaAlterLogDirsManager on broker 0] shutting down
2026-01-22T15:14:10.047Z  INFO 7881 --- [yow_point] [           main] k.server.ReplicaAlterLogDirsManager      : [ReplicaAlterLogDirsManager on broker 0] shutdown completed
2026-01-22T15:14:10.047Z  INFO 7881 --- [yow_point] [           main] perationPurgatory$ExpiredOperationReaper : [ExpirationReaper-0-Fetch]: Shutting down
2026-01-22T15:14:10.047Z  INFO 7881 --- [yow_point] [nReaper-0-Fetch] perationPurgatory$ExpiredOperationReaper : [ExpirationReaper-0-Fetch]: Stopped
2026-01-22T15:14:10.047Z  INFO 7881 --- [yow_point] [           main] perationPurgatory$ExpiredOperationReaper : [ExpirationReaper-0-Fetch]: Shutdown completed
2026-01-22T15:14:10.048Z  INFO 7881 --- [yow_point] [           main] perationPurgatory$ExpiredOperationReaper : [ExpirationReaper-0-RemoteFetch]: Shutting down
2026-01-22T15:14:10.049Z  INFO 7881 --- [yow_point] [r-0-RemoteFetch] perationPurgatory$ExpiredOperationReaper : [ExpirationReaper-0-RemoteFetch]: Stopped
2026-01-22T15:14:10.049Z  INFO 7881 --- [yow_point] [           main] perationPurgatory$ExpiredOperationReaper : [ExpirationReaper-0-RemoteFetch]: Shutdown completed
2026-01-22T15:14:10.050Z  INFO 7881 --- [yow_point] [           main] perationPurgatory$ExpiredOperationReaper : [ExpirationReaper-0-Produce]: Shutting down
2026-01-22T15:14:10.051Z  INFO 7881 --- [yow_point] [eaper-0-Produce] perationPurgatory$ExpiredOperationReaper : [ExpirationReaper-0-Produce]: Stopped
2026-01-22T15:14:10.051Z  INFO 7881 --- [yow_point] [           main] perationPurgatory$ExpiredOperationReaper : [ExpirationReaper-0-Produce]: Shutdown completed
2026-01-22T15:14:10.052Z  INFO 7881 --- [yow_point] [           main] perationPurgatory$ExpiredOperationReaper : [ExpirationReaper-0-DeleteRecords]: Shutting down
2026-01-22T15:14:10.053Z  INFO 7881 --- [yow_point] [0-DeleteRecords] perationPurgatory$ExpiredOperationReaper : [ExpirationReaper-0-DeleteRecords]: Stopped
2026-01-22T15:14:10.053Z  INFO 7881 --- [yow_point] [           main] perationPurgatory$ExpiredOperationReaper : [ExpirationReaper-0-DeleteRecords]: Shutdown completed
2026-01-22T15:14:10.053Z  INFO 7881 --- [yow_point] [           main] perationPurgatory$ExpiredOperationReaper : [ExpirationReaper-0-ElectLeader]: Shutting down
2026-01-22T15:14:10.054Z  INFO 7881 --- [yow_point] [r-0-ElectLeader] perationPurgatory$ExpiredOperationReaper : [ExpirationReaper-0-ElectLeader]: Stopped
2026-01-22T15:14:10.055Z  INFO 7881 --- [yow_point] [           main] perationPurgatory$ExpiredOperationReaper : [ExpirationReaper-0-ElectLeader]: Shutdown completed
2026-01-22T15:14:10.062Z  INFO 7881 --- [yow_point] [           main] kafka.server.AddPartitionsToTxnManager   : [AddPartitionsToTxnSenderThread-0]: Shutting down
2026-01-22T15:14:10.063Z  INFO 7881 --- [yow_point] [nSenderThread-0] kafka.server.AddPartitionsToTxnManager   : [AddPartitionsToTxnSenderThread-0]: Stopped
2026-01-22T15:14:10.063Z  INFO 7881 --- [yow_point] [           main] kafka.server.AddPartitionsToTxnManager   : [AddPartitionsToTxnSenderThread-0]: Shutdown completed
2026-01-22T15:14:10.063Z  INFO 7881 --- [yow_point] [           main] kafka.server.ReplicaManager              : [ReplicaManager broker=0] Shut down completely
2026-01-22T15:14:10.064Z  INFO 7881 --- [yow_point] [           main] k.server.NodeToControllerRequestThread   : [zk-broker-0-to-controller-alter-partition-channel-manager]: Shutting down
2026-01-22T15:14:10.064Z  INFO 7881 --- [yow_point] [channel-manager] k.server.NodeToControllerRequestThread   : [zk-broker-0-to-controller-alter-partition-channel-manager]: Stopped
2026-01-22T15:14:10.065Z  INFO 7881 --- [yow_point] [           main] k.server.NodeToControllerRequestThread   : [zk-broker-0-to-controller-alter-partition-channel-manager]: Shutdown completed
2026-01-22T15:14:10.066Z  INFO 7881 --- [yow_point] [           main] k.s.NodeToControllerChannelManagerImpl   : Node to controller channel manager for alter-partition shutdown
2026-01-22T15:14:10.067Z  INFO 7881 --- [yow_point] [           main] k.server.NodeToControllerRequestThread   : [zk-broker-0-to-controller-forwarding-channel-manager]: Shutting down
2026-01-22T15:14:10.067Z  INFO 7881 --- [yow_point] [channel-manager] k.server.NodeToControllerRequestThread   : [zk-broker-0-to-controller-forwarding-channel-manager]: Stopped
2026-01-22T15:14:10.067Z  INFO 7881 --- [yow_point] [           main] k.server.NodeToControllerRequestThread   : [zk-broker-0-to-controller-forwarding-channel-manager]: Shutdown completed
2026-01-22T15:14:10.068Z  INFO 7881 --- [yow_point] [           main] k.s.NodeToControllerChannelManagerImpl   : Node to controller channel manager for forwarding shutdown
2026-01-22T15:14:10.069Z  INFO 7881 --- [yow_point] [           main] kafka.log.LogManager                     : Shutting down.
2026-01-22T15:14:10.070Z  INFO 7881 --- [yow_point] [           main] kafka.log.LogCleaner                     : Shutting down the log cleaner.
2026-01-22T15:14:10.070Z  INFO 7881 --- [yow_point] [           main] kafka.log.LogCleaner$CleanerThread       : [kafka-log-cleaner-thread-0]: Shutting down
2026-01-22T15:14:10.070Z  INFO 7881 --- [yow_point] [leaner-thread-0] kafka.log.LogCleaner$CleanerThread       : [kafka-log-cleaner-thread-0]: Stopped
2026-01-22T15:14:10.071Z  INFO 7881 --- [yow_point] [           main] kafka.log.LogCleaner$CleanerThread       : [kafka-log-cleaner-thread-0]: Shutdown completed
2026-01-22T15:14:10.098Z  INFO 7881 --- [yow_point] [565135814378429] o.a.k.s.i.log.ProducerStateManager       : [ProducerStateManager partition=__consumer_offsets-4] Wrote producer snapshot at offset 6 with 0 producer ids in 4 ms.
2026-01-22T15:14:10.106Z  INFO 7881 --- [yow_point] [565135814378429] o.a.k.s.i.log.ProducerStateManager       : [ProducerStateManager partition=__consumer_offsets-2] Wrote producer snapshot at offset 3 with 0 producer ids in 2 ms.
2026-01-22T15:14:10.114Z  INFO 7881 --- [yow_point] [565135814378429] o.a.k.s.i.log.ProducerStateManager       : [ProducerStateManager partition=poi-created-0] Wrote producer snapshot at offset 1 with 1 producer ids in 2 ms.
2026-01-22T15:14:10.135Z  INFO 7881 --- [yow_point] [           main] kafka.log.LogManager                     : Shutdown complete.
2026-01-22T15:14:10.135Z  INFO 7881 --- [yow_point] [           main] rollerEventManager$ControllerEventThread : [ControllerEventThread controllerId=0] Shutting down
2026-01-22T15:14:10.136Z  INFO 7881 --- [yow_point] [er-event-thread] rollerEventManager$ControllerEventThread : [ControllerEventThread controllerId=0] Stopped
2026-01-22T15:14:10.136Z  INFO 7881 --- [yow_point] [           main] rollerEventManager$ControllerEventThread : [ControllerEventThread controllerId=0] Shutdown completed
2026-01-22T15:14:10.138Z  INFO 7881 --- [yow_point] [           main] k.controller.ZkPartitionStateMachine     : [PartitionStateMachine controllerId=0] Stopped partition state machine
2026-01-22T15:14:10.140Z  INFO 7881 --- [yow_point] [           main] kafka.controller.ZkReplicaStateMachine   : [ReplicaStateMachine controllerId=0] Stopped replica state machine
2026-01-22T15:14:10.140Z  INFO 7881 --- [yow_point] [           main] kafka.controller.RequestSendThread       : [RequestSendThread controllerId=0] Shutting down
2026-01-22T15:14:10.140Z  INFO 7881 --- [yow_point] [r-0-send-thread] kafka.controller.RequestSendThread       : [RequestSendThread controllerId=0] Stopped
2026-01-22T15:14:10.141Z  INFO 7881 --- [yow_point] [           main] kafka.controller.RequestSendThread       : [RequestSendThread controllerId=0] Shutdown completed
2026-01-22T15:14:10.142Z  INFO 7881 --- [yow_point] [           main] kafka.controller.KafkaController         : [Controller id=0] Resigned
2026-01-22T15:14:10.144Z  INFO 7881 --- [yow_point] [           main] stener$ChangeNotificationProcessorThread : [feature-zk-node-event-process-thread]: Shutting down
2026-01-22T15:14:10.144Z  INFO 7881 --- [yow_point] [-process-thread] stener$ChangeNotificationProcessorThread : [feature-zk-node-event-process-thread]: Stopped
2026-01-22T15:14:10.145Z  INFO 7881 --- [yow_point] [           main] stener$ChangeNotificationProcessorThread : [feature-zk-node-event-process-thread]: Shutdown completed
2026-01-22T15:14:10.145Z  INFO 7881 --- [yow_point] [           main] kafka.zookeeper.ZooKeeperClient          : [ZooKeeperClient Kafka server] Closing.
2026-01-22T15:14:10.255Z  INFO 7881 --- [yow_point] [ain-EventThread] org.apache.zookeeper.ClientCnxn          : EventThread shut down for session: 0x10000107c840000
2026-01-22T15:14:10.256Z  INFO 7881 --- [yow_point] [           main] org.apache.zookeeper.ZooKeeper           : Session: 0x10000107c840000 closed
2026-01-22T15:14:10.257Z  INFO 7881 --- [yow_point] [           main] kafka.zookeeper.ZooKeeperClient          : [ZooKeeperClient Kafka server] Closed.
2026-01-22T15:14:10.258Z  INFO 7881 --- [yow_point] [           main] lientQuotaManager$ThrottledChannelReaper : [ThrottledChannelReaper-Fetch]: Shutting down
2026-01-22T15:14:10.260Z  INFO 7881 --- [yow_point] [nelReaper-Fetch] lientQuotaManager$ThrottledChannelReaper : [ThrottledChannelReaper-Fetch]: Stopped
2026-01-22T15:14:10.261Z  INFO 7881 --- [yow_point] [           main] lientQuotaManager$ThrottledChannelReaper : [ThrottledChannelReaper-Fetch]: Shutdown completed
2026-01-22T15:14:10.261Z  INFO 7881 --- [yow_point] [           main] lientQuotaManager$ThrottledChannelReaper : [ThrottledChannelReaper-Produce]: Shutting down
2026-01-22T15:14:10.261Z  INFO 7881 --- [yow_point] [lReaper-Produce] lientQuotaManager$ThrottledChannelReaper : [ThrottledChannelReaper-Produce]: Stopped
2026-01-22T15:14:10.262Z  INFO 7881 --- [yow_point] [           main] lientQuotaManager$ThrottledChannelReaper : [ThrottledChannelReaper-Produce]: Shutdown completed
2026-01-22T15:14:10.262Z  INFO 7881 --- [yow_point] [           main] lientQuotaManager$ThrottledChannelReaper : [ThrottledChannelReaper-Request]: Shutting down
2026-01-22T15:14:10.263Z  INFO 7881 --- [yow_point] [lReaper-Request] lientQuotaManager$ThrottledChannelReaper : [ThrottledChannelReaper-Request]: Stopped
2026-01-22T15:14:10.263Z  INFO 7881 --- [yow_point] [           main] lientQuotaManager$ThrottledChannelReaper : [ThrottledChannelReaper-Request]: Shutdown completed
2026-01-22T15:14:10.263Z  INFO 7881 --- [yow_point] [           main] lientQuotaManager$ThrottledChannelReaper : [ThrottledChannelReaper-ControllerMutation]: Shutting down
2026-01-22T15:14:10.264Z  INFO 7881 --- [yow_point] [trollerMutation] lientQuotaManager$ThrottledChannelReaper : [ThrottledChannelReaper-ControllerMutation]: Stopped
2026-01-22T15:14:10.264Z  INFO 7881 --- [yow_point] [           main] lientQuotaManager$ThrottledChannelReaper : [ThrottledChannelReaper-ControllerMutation]: Shutdown completed
2026-01-22T15:14:10.265Z  INFO 7881 --- [yow_point] [           main] kafka.network.SocketServer               : [SocketServer listenerType=ZK_BROKER, nodeId=0] Shutting down socket server
2026-01-22T15:14:10.283Z  INFO 7881 --- [yow_point] [           main] kafka.network.SocketServer               : [SocketServer listenerType=ZK_BROKER, nodeId=0] Shutdown completed
2026-01-22T15:14:10.284Z  INFO 7881 --- [yow_point] [           main] o.apache.kafka.common.metrics.Metrics    : Metrics scheduler closed
2026-01-22T15:14:10.284Z  INFO 7881 --- [yow_point] [           main] o.apache.kafka.common.metrics.Metrics    : Closing reporter org.apache.kafka.common.metrics.JmxReporter
2026-01-22T15:14:10.284Z  INFO 7881 --- [yow_point] [           main] o.apache.kafka.common.metrics.Metrics    : Metrics reporters closed
2026-01-22T15:14:10.285Z  INFO 7881 --- [yow_point] [           main] kafka.server.BrokerTopicStats            : Broker and topic stats closed
2026-01-22T15:14:10.286Z  INFO 7881 --- [yow_point] [           main] o.a.kafka.common.utils.AppInfoParser     : App info kafka.server for 0 unregistered
2026-01-22T15:14:10.287Z  INFO 7881 --- [yow_point] [           main] kafka.server.KafkaServer                 : [KafkaServer id=0] shut down completed
2026-01-22T15:14:10.293Z  INFO 7881 --- [yow_point] [nnectionExpirer] o.a.z.server.NIOServerCnxnFactory        : ConnnectionExpirerThread interrupted
2026-01-22T15:14:10.294Z  INFO 7881 --- [yow_point] [ad:/127.0.0.1:0] o.a.z.server.NIOServerCnxnFactory        : accept thread exitted run method
2026-01-22T15:14:10.294Z  INFO 7881 --- [yow_point] [electorThread-0] o.a.z.server.NIOServerCnxnFactory        : selector thread exitted run method
2026-01-22T15:14:10.295Z  INFO 7881 --- [yow_point] [           main] o.a.zookeeper.server.ZooKeeperServer     : shutting down
2026-01-22T15:14:10.295Z  INFO 7881 --- [yow_point] [           main] o.a.zookeeper.server.RequestThrottler    : Shutting down
2026-01-22T15:14:10.295Z  INFO 7881 --- [yow_point] [equestThrottler] o.a.zookeeper.server.RequestThrottler    : Draining request throttler queue
2026-01-22T15:14:10.295Z  INFO 7881 --- [yow_point] [equestThrottler] o.a.zookeeper.server.RequestThrottler    : RequestThrottler shutdown. Dropped 0 requests
2026-01-22T15:14:10.296Z  INFO 7881 --- [yow_point] [           main] o.a.zookeeper.server.SessionTrackerImpl  : Shutting down
2026-01-22T15:14:10.296Z  INFO 7881 --- [yow_point] [           main] o.a.z.server.PrepRequestProcessor        : Shutting down
2026-01-22T15:14:10.296Z  INFO 7881 --- [yow_point] [           main] o.a.z.server.SyncRequestProcessor        : Shutting down
2026-01-22T15:14:10.296Z  INFO 7881 --- [yow_point] [   SyncThread:0] o.a.z.server.SyncRequestProcessor        : SyncRequestProcessor exited!
2026-01-22T15:14:10.296Z  INFO 7881 --- [yow_point] [           main] o.a.z.server.FinalRequestProcessor       : shutdown of request processor complete
2026-01-22T15:14:10.302Z  INFO 7881 --- [yow_point] [0 cport:38775):] o.a.z.server.PrepRequestProcessor        : PrepRequestProcessor exited loop!
[ERROR] Tests run: 1, Failures: 1, Errors: 0, Skipped: 0, Time elapsed: 25.35 s <<< FAILURE! -- in com.poi.yow_point.KafkaIntegrationTest
[ERROR] com.poi.yow_point.KafkaIntegrationTest.whenCreatePoi_thenMessageSentToKafka -- Time elapsed: 10.49 s <<< FAILURE!
org.opentest4j.AssertionFailedError:

Expecting value to be true but was false
	at com.poi.yow_point.KafkaIntegrationTest.whenCreatePoi_thenMessageSentToKafka(KafkaIntegrationTest.java:83)
	at java.base/java.lang.reflect.Method.invoke(Method.java:580)
	at java.base/java.util.ArrayList.forEach(ArrayList.java:1596)
	at java.base/java.util.ArrayList.forEach(ArrayList.java:1596)

[INFO]
[INFO] Results:
[INFO]
[ERROR] Failures:
[ERROR]   KafkaIntegrationTest.whenCreatePoi_thenMessageSentToKafka:83
Expecting value to be true but was false
[INFO]
[ERROR] Tests run: 1, Failures: 1, Errors: 0, Skipped: 0
[INFO]
[INFO] ------------------------------------------------------------------------
[INFO] BUILD FAILURE
[INFO] ------------------------------------------------------------------------
[INFO] Total time:  38.223 s
[INFO] Finished at: 2026-01-22T15:14:10Z
[INFO] ------------------------------------------------------------------------
[ERROR] Failed to execute goal org.apache.maven.plugins:maven-surefire-plugin:3.5.3:test (default-test) on project yow_point: There are test failures.
[ERROR]
[ERROR] See /app/target/surefire-reports for the individual test results.
[ERROR] See dump files (if any exist) [date].dump, [date]-jvmRun[N].dump and [date].dumpstream.
[ERROR] -> [Help 1]
[ERROR]
[ERROR] To see the full stack trace of the errors, re-run Maven with the -e switch.
[ERROR] Re-run Maven using the -X switch to enable full debug logging.
[ERROR]
[ERROR] For more information about the errors and possible solutions, please read the following articles:
[ERROR] [Help 1] http://cwiki.apache.org/confluence/display/MAVEN/MojoFailureException
